******************************************************************************
                  TI ARM Linker Unix v18.12.4                  
******************************************************************************
>> Linked Wed Mar  3 12:51:56 2021

OUTPUT FILE NAME:   <Lab6part2.out>
ENTRY POINT SYMBOL: "_c_int00_noargs"  address: 00002ff5


MEMORY CONFIGURATION

         name            origin    length      used     unused   attr    fill
----------------------  --------  ---------  --------  --------  ----  --------
  MAIN                  00000000   00040000  000033f9  0003cc07  R  X
  INFO                  00200000   00004000  00000000  00004000  R  X
  SRAM_CODE             01000000   00010000  000009b6  0000f64a  RW X
  SRAM_DATA             20000000   00010000  000009b6  0000f64a  RW  


SEGMENT ALLOCATION MAP

run origin  load origin   length   init length attrs members
----------  ----------- ---------- ----------- ----- -------
00000000    00000000    00003400   00003400    r-x
  00000000    00000000    000000e4   000000e4    r-- .intvecs
  000000e4    000000e4    0000317c   0000317c    r-x .text
  00003260    00003260    00000101   00000101    r-- .const
  00003368    00003368    00000098   00000098    r-- .cinit
20000000    20000000    000007b6   00000000    rw-
  20000000    20000000    00000400   00000000    rw- .sysmem
  20000400    20000400    000001ec   00000000    rw- .data
  200005ec    200005ec    000001ca   00000000    rw- .bss
2000fe00    2000fe00    00000200   00000000    rw-
  2000fe00    2000fe00    00000200   00000000    rw- .stack


SECTION ALLOCATION MAP

 output                                  attributes/
section   page    origin      length       input sections
--------  ----  ----------  ----------   ----------------
.intvecs   0    00000000    000000e4     
                  00000000    000000e4     startup_msp432p401r_ccs.obj (.intvecs:retain)

.text      0    000000e4    0000317c     
                  000000e4    00000a4e     rtsv7M4_T_le_v4SPD16_eabi.lib : _printfi.c.obj (.text:__TI_printfi)
                  00000b32    00000002                                   : _lock.c.obj (.text:_nop)
                  00000b34    000003b4     part2main.obj (.text)
                  00000ee8    00000334     system_msp432p401r.obj (.text)
                  0000121c    00000270     rtsv7M4_T_le_v4SPD16_eabi.lib : _printfi.c.obj (.text:_pconv_a)
                  0000148c    000001d0                                   : _printfi.c.obj (.text:_pconv_g)
                  0000165c    000001b6                                   : fd_add_t2.asm.obj (.text)
                  00001812    00000002                                   : div0.asm.obj (.text)
                  00001814    0000013c                                   : _printfi.c.obj (.text:_pconv_e)
                  00001950    00000136                                   : fd_div_t2.asm.obj (.text)
                  00001a86    00000002     --HOLE-- [fill = 0]
                  00001a88    00000124                                   : _printfi.c.obj (.text:fcvt)
                  00001bac    00000118                                   : memory.c.obj (.text:aligned_alloc)
                  00001cc4    00000114                                   : fputs.c.obj (.text:fputs)
                  00001dd8    00000110                                   : s_scalbn.c.obj (.text:scalbn)
                  00001ee8    000000fc                                   : fd_mul_t2.asm.obj (.text)
                  00001fe4    000000e4                                   : memory.c.obj (.text:free)
                  000020c8    000000dc                                   : setvbuf.c.obj (.text:setvbuf)
                  000021a4    000000b1                                   : _printfi.c.obj (.text:_ltostr)
                  00002255    00000001     --HOLE-- [fill = 0]
                  00002256    0000009c                                   : memcpy_t2.asm.obj (.text)
                  000022f2    00000096                                   : ull_div_t2.asm.obj (.text)
                  00002388    0000008c                                   : fputc.c.obj (.text:fputc)
                  00002414    00000086                                   : fd_cmp_t2.asm.obj (.text:__aeabi_cdcmple)
                  0000249a    00000086                                   : fd_cmp_t2.asm.obj (.text:__aeabi_cdrcmple)
                  00002520    0000007c                                   : fflush.c.obj (.text:fflush)
                  0000259c    0000007a                                   : memset_t2.asm.obj (.text)
                  00002616    00000002     --HOLE-- [fill = 0]
                  00002618    00000074                                   : fclose.c.obj (.text:__TI_closefile)
                  0000268c    00000070                                   : memory.c.obj (.text:split)
                  000026fc    0000006e                                   : _printfi.c.obj (.text:_mcpy)
                  0000276a    00000002     --HOLE-- [fill = 0]
                  0000276c    0000006c                                   : hostrename.c.obj (.text:HOSTrename)
                  000027d8    00000068                                   : hostlseek.c.obj (.text:HOSTlseek)
                  00002840    00000068                                   : copy_decompress_lzss.c.obj (.text:decompress:lzss:__TI_decompress_lzss)
                  000028a8    00000068                                   : printf.c.obj (.text:printf)
                  00002910    00000064                                   : s_frexp.c.obj (.text:frexp)
                  00002974    00000064                                   : fseek.c.obj (.text:fseek)
                  000029d8    00000062                                   : _io_perm.c.obj (.text:__TI_wrt_ok)
                  00002a3a    00000002     --HOLE-- [fill = 0]
                  00002a3c    00000060                                   : hostopen.c.obj (.text:HOSTopen)
                  00002a9c    0000005c                                   : close.c.obj (.text:close)
                  00002af8    00000058                                   : hostread.c.obj (.text:HOSTread)
                  00002b50    00000058                                   : hostwrite.c.obj (.text:HOSTwrite)
                  00002ba8    00000056                                   : _printfi.c.obj (.text:_pconv_f)
                  00002bfe    00000054                                   : ltoa.c.obj (.text:ltoa)
                  00002c52    00000052                                   : _printfi.c.obj (.text:_ecpy)
                  00002ca4    0000004c                                   : fflush.c.obj (.text:__TI_doflush)
                  00002cf0    0000004c                                   : atoi.c.obj (.text:atoi)
                  00002d3c    00000048                                   : exit.c.obj (.text:exit)
                  00002d84    00000048                                   : fd_toi_t2.asm.obj (.text)
                  00002dcc    00000044                                   : hostclose.c.obj (.text:HOSTclose)
                  00002e10    00000044                                   : hostunlink.c.obj (.text:HOSTunlink)
                  00002e54    00000044                                   : autoinit.c.obj (.text:__TI_auto_init_nobinit_nopinit:__TI_auto_init_nobinit_nopinit)
                  00002e98    00000044                                   : getdevice.c.obj (.text:getdevice)
                  00002edc    0000003e                                   : _printfi.c.obj (.text:_fcpy)
                  00002f1a    00000002     --HOLE-- [fill = 0]
                  00002f1c    00000038                                   : trgmsg.c.obj (.text:__TI_writemsg)
                  00002f54    00000036                                   : strncpy.c.obj (.text:strncpy)
                  00002f8a    00000002     --HOLE-- [fill = 0]
                  00002f8c    00000034                                   : fopen.c.obj (.text:__TI_cleanup)
                  00002fc0    00000034                                   : trgmsg.c.obj (.text:__TI_readmsg)
                  00002ff4    00000034                                   : boot_cortex_m.c.obj (.text:_c_int00_noargs:_c_int00_noargs)
                  00003028    00000030                                   : getdevice.c.obj (.text:finddevice)
                  00003058    0000002e                                   : i_tofd_t2.asm.obj (.text)
                  00003086    00000002     --HOLE-- [fill = 0]
                  00003088    0000002c                                   : unlink.c.obj (.text:unlink)
                  000030b4    00000028                                   : memory.c.obj (.text:free_list_insert)
                  000030dc    00000028                                   : lseek.c.obj (.text:lseek)
                  00003104    00000028                                   : write.c.obj (.text:write)
                  0000312c    00000020                                   : memchr.c.obj (.text:memchr)
                  0000314c    0000001c                                   : copy_zero_init.c.obj (.text:decompress:ZI:__TI_zero_init_nomemset:__TI_zero_init_nomemset)
                  00003168    0000001c                                   : memory.c.obj (.text:free_list_remove)
                  00003184    0000001c                                   : memccpy.c.obj (.text:memccpy)
                  000031a0    0000001a                                   : s_copysign.c.obj (.text:copysign)
                  000031ba    00000018                                   : strcmp.c.obj (.text:strcmp)
                  000031d2    00000016                                   : strchr.c.obj (.text:strchr)
                  000031e8    00000014                                   : strcpy.c.obj (.text:strcpy)
                  000031fc    00000014                                   : strlen.c.obj (.text:strlen)
                  00003210    00000012                                   : wcslen.c.obj (.text:wcslen)
                  00003222    0000000e                                   : copy_decompress_none.c.obj (.text:decompress:none:__TI_decompress_none)
                  00003230    0000000e     startup_msp432p401r_ccs.obj (.text)
                  0000323e    00000002     --HOLE-- [fill = 0]
                  00003240    00000008     rtsv7M4_T_le_v4SPD16_eabi.lib : errno.c.obj (.text:__aeabi_errno_addr)
                  00003248    00000008                                   : memory.c.obj (.text:malloc)
                  00003250    00000004                                   : printf.c.obj (.text:_outc)
                  00003254    00000004                                   : printf.c.obj (.text:_outs)
                  00003258    00000004                                   : pre_init.c.obj (.text:_system_pre_init)
                  0000325c    00000004                                   : exit.c.obj (.text:abort:abort)

.const     0    00003260    00000101     
                  00003260    00000101     rtsv7M4_T_le_v4SPD16_eabi.lib : ctype.c.obj (.const:.string:_ctypes_)

.cinit     0    00003368    00000098     
                  00003368    0000006e     (.cinit..data.load) [load image, compression = lzss]
                  000033d6    00000002     --HOLE-- [fill = 0]
                  000033d8    0000000c     (__TI_handler_table)
                  000033e4    00000004     --HOLE-- [fill = 0]
                  000033e8    00000008     (.cinit..bss.load) [load image, compression = zero_init]
                  000033f0    00000010     (__TI_cinit_table)

.init_array 
*          0    00000000    00000000     UNINITIALIZED

.binit     0    00000000    00000000     

.sysmem    0    20000000    00000400     UNINITIALIZED
                  20000000    00000010     rtsv7M4_T_le_v4SPD16_eabi.lib : memory.c.obj (.sysmem)
                  20000010    000003f0     --HOLE--

.data      0    20000400    000001ec     UNINITIALIZED
                  20000400    000000f0     rtsv7M4_T_le_v4SPD16_eabi.lib : defs.c.obj (.data:_ftable)
                  200004f0    00000078                                   : host_device.c.obj (.data:_device)
                  20000568    00000050                                   : host_device.c.obj (.data:_stream)
                  200005b8    00000010                                   : defs.c.obj (.data)
                  200005c8    0000000c                                   : exit.c.obj (.data:$O1$$)
                  200005d4    00000008                                   : _lock.c.obj (.data:$O1$$)
                  200005dc    00000008                                   : memory.c.obj (.data:$O1$$)
                  200005e4    00000004                                   : errno.c.obj (.data)
                  200005e8    00000004     system_msp432p401r.obj (.data)

.bss       0    200005ec    000001ca     UNINITIALIZED
                  200005ec    00000120     rtsv7M4_T_le_v4SPD16_eabi.lib : trgmsg.c.obj (.bss:_CIOBUF_)
                  2000070c    000000a0     (.common:__TI_tmpnams)
                  200007ac    00000008     (.common:parmbuf)
                  200007b4    00000001     (.common:num)
                  200007b5    00000001     (.common:pressed)

.stack     0    2000fe00    00000200     UNINITIALIZED
                  2000fe00    00000004     rtsv7M4_T_le_v4SPD16_eabi.lib : boot_cortex_m.c.obj (.stack)
                  2000fe04    000001fc     --HOLE--

MODULE SUMMARY

       Module                        code    ro data   rw data
       ------                        ----    -------   -------
    ./
       part2main.obj                 948     0         4      
       system_msp432p401r.obj        820     0         8      
       startup_msp432p401r_ccs.obj   14      228       0      
    +--+-----------------------------+-------+---------+---------+
       Total:                        1782    228       12     
                                                              
    /Applications/ti/ccs930/ccs/tools/compiler/ti-cgt-arm_18.12.4.LTS/lib/rtsv7M4_T_le_v4SPD16_eabi.lib
       _printfi.c.obj                4851    0         0      
       defs.c.obj                    0       0         832    
       memory.c.obj                  696     0         16     
       trgmsg.c.obj                  108     0         576    
       fd_add_t2.asm.obj             438     0         0      
       host_device.c.obj             0       0         400    
       fd_div_t2.asm.obj             310     0         0      
       fputs.c.obj                   276     0         0      
       s_scalbn.c.obj                272     0         0      
       fd_cmp_t2.asm.obj             268     0         0      
       ctype.c.obj                   0       257       0      
       fd_mul_t2.asm.obj             252     0         0      
       setvbuf.c.obj                 220     0         0      
       fflush.c.obj                  200     0         0      
       memcpy_t2.asm.obj             156     0         0      
       ull_div_t2.asm.obj            150     0         0      
       fputc.c.obj                   140     0         0      
       memset_t2.asm.obj             122     0         0      
       fclose.c.obj                  116     0         0      
       getdevice.c.obj               116     0         0      
       hostopen.c.obj                96      0         16     
       printf.c.obj                  112     0         0      
       hostrename.c.obj              108     0         0      
       copy_decompress_lzss.c.obj    104     0         0      
       hostlseek.c.obj               104     0         0      
       exit.c.obj                    76      0         24     
       fseek.c.obj                   100     0         0      
       s_frexp.c.obj                 100     0         0      
       _io_perm.c.obj                98      0         0      
       close.c.obj                   92      0         0      
       hostread.c.obj                88      0         0      
       hostwrite.c.obj               88      0         0      
       ltoa.c.obj                    84      0         0      
       atoi.c.obj                    76      0         0      
       fd_toi_t2.asm.obj             72      0         0      
       autoinit.c.obj                68      0         0      
       hostclose.c.obj               68      0         0      
       hostunlink.c.obj              68      0         0      
       strncpy.c.obj                 54      0         0      
       boot_cortex_m.c.obj           52      0         0      
       fopen.c.obj                   52      0         0      
       i_tofd_t2.asm.obj             46      0         0      
       unlink.c.obj                  44      0         0      
       lseek.c.obj                   40      0         0      
       write.c.obj                   40      0         0      
       memchr.c.obj                  32      0         0      
       copy_zero_init.c.obj          28      0         0      
       memccpy.c.obj                 28      0         0      
       s_copysign.c.obj              26      0         0      
       strcmp.c.obj                  24      0         0      
       strchr.c.obj                  22      0         0      
       strcpy.c.obj                  20      0         0      
       strlen.c.obj                  20      0         0      
       _lock.c.obj                   2       0         16     
       wcslen.c.obj                  18      0         0      
       errno.c.obj                   8       0         8      
       copy_decompress_none.c.obj    14      0         0      
       pre_init.c.obj                4       0         0      
       div0.asm.obj                  2       0         0      
    +--+-----------------------------+-------+---------+---------+
       Total:                        10869   257       1888   
                                                              
       Heap:                         0       0         2048   
       Stack:                        0       0         1024   
       Linker Generated:             0       146       0      
    +--+-----------------------------+-------+---------+---------+
       Grand Total:                  12651   631       4972   


LINKER GENERATED COPY TABLES

__TI_cinit_table @ 000033f0 records: 2, size/record: 8, table size: 16
	.data: load addr=00003368, load size=0000006e bytes, run addr=20000400, run size=000001ec bytes, compression=lzss
	.bss: load addr=000033e8, load size=00000008 bytes, run addr=200005ec, run size=000001ca bytes, compression=zero_init


LINKER GENERATED HANDLER TABLE

__TI_handler_table @ 000033d8 records: 3, size/record: 4, table size: 12
	index: 0, handler: __TI_decompress_lzss
	index: 1, handler: __TI_decompress_none
	index: 2, handler: __TI_zero_init


GLOBAL SYMBOLS: SORTED ALPHABETICALLY BY Name 

address   name                           
-------   ----                           
0000323d  ADC14_IRQHandler               
0000323d  AES256_IRQHandler              
0000323d  BusFault_Handler               
0000325d  C$$EXIT                        
00002f4b  C$$IO$$                        
0000323d  COMP_E0_IRQHandler             
0000323d  COMP_E1_IRQHandler             
0000323d  CS_IRQHandler                  
0000323d  DMA_ERR_IRQHandler             
0000323d  DMA_INT0_IRQHandler            
0000323d  DMA_INT1_IRQHandler            
0000323d  DMA_INT2_IRQHandler            
0000323d  DMA_INT3_IRQHandler            
0000323d  DebugMon_Handler               
0000323d  Default_Handler                
0000323d  EUSCIA0_IRQHandler             
0000323d  EUSCIA1_IRQHandler             
0000323d  EUSCIA2_IRQHandler             
0000323d  EUSCIA3_IRQHandler             
0000323d  EUSCIB0_IRQHandler             
0000323d  EUSCIB1_IRQHandler             
0000323d  EUSCIB2_IRQHandler             
0000323d  EUSCIB3_IRQHandler             
0000323d  FLCTL_IRQHandler               
0000323d  FPU_IRQHandler                 
00002dcd  HOSTclose                      
000027d9  HOSTlseek                      
00002a3d  HOSTopen                       
00002af9  HOSTread                       
0000276d  HOSTrename                     
00002e11  HOSTunlink                     
00002b51  HOSTwrite                      
0000323d  HardFault_Handler              
00000c83  Keypad_Read                    
0000323d  MemManage_Handler              
0000323d  NMI_Handler                    
0000323d  PCM_IRQHandler                 
0000323d  PORT1_IRQHandler               
0000323d  PORT2_IRQHandler               
0000323d  PORT3_IRQHandler               
0000323d  PORT4_IRQHandler               
0000323d  PORT5_IRQHandler               
0000323d  PORT6_IRQHandler               
0000323d  PSS_IRQHandler                 
0000323d  PendSV_Handler                 
0000323d  RTC_C_IRQHandler               
00003231  Reset_Handler                  
0000323d  SVC_Handler                    
00000db3  SysTick_Delay                  
0000323d  SysTick_Handler                
00000d97  SysTick_init                   
200005e8  SystemCoreClock                
00000ee9  SystemCoreClockUpdate          
00001161  SystemInit                     
0000323d  T32_INT1_IRQHandler            
0000323d  T32_INT2_IRQHandler            
0000323d  T32_INTC_IRQHandler            
0000323d  TA0_0_IRQHandler               
0000323d  TA0_N_IRQHandler               
0000323d  TA1_0_IRQHandler               
0000323d  TA1_N_IRQHandler               
0000323d  TA2_0_IRQHandler               
0000323d  TA2_N_IRQHandler               
0000323d  TA3_0_IRQHandler               
0000323d  TA3_N_IRQHandler               
0000323d  UsageFault_Handler             
4000480c  WDTCTL_SYM                     
0000323d  WDT_A_IRQHandler               
200005ec  __CIOBUF_                      
20010000  __STACK_END                    
00000200  __STACK_SIZE                   
00000400  __SYSMEM_SIZE                  
000033f0  __TI_CINIT_Base                
00003400  __TI_CINIT_Limit               
000033d8  __TI_Handler_Table_Base        
000033e4  __TI_Handler_Table_Limit       
00002e55  __TI_auto_init_nobinit_nopinit 
00002f8d  __TI_cleanup                   
200005c8  __TI_cleanup_ptr               
00002619  __TI_closefile                 
00002841  __TI_decompress_lzss           
00003223  __TI_decompress_none           
00002ca5  __TI_doflush                   
200005cc  __TI_dtors_ptr                 
200005d0  __TI_enable_exit_profile_output
200005b8  __TI_ft_end                    
ffffffff  __TI_pprof_out_hndl            
000000e5  __TI_printfi                   
ffffffff  __TI_prof_data_size            
ffffffff  __TI_prof_data_start           
00002fc1  __TI_readmsg                   
00000000  __TI_static_base__             
2000070c  __TI_tmpnams                   
00002f1d  __TI_writemsg                  
000029d9  __TI_wrt_ok                    
0000314d  __TI_zero_init_nomemset        
00002415  __aeabi_cdcmpeq                
00002415  __aeabi_cdcmple                
0000249b  __aeabi_cdrcmple               
00002d85  __aeabi_d2iz                   
00001667  __aeabi_dadd                   
00001951  __aeabi_ddiv                   
00001ee9  __aeabi_dmul                   
0000165d  __aeabi_dsub                   
00003241  __aeabi_errno_addr             
00003059  __aeabi_i2d                    
00001813  __aeabi_idiv0                  
00001813  __aeabi_ldiv0                  
0000259d  __aeabi_memclr                 
0000259d  __aeabi_memclr4                
0000259d  __aeabi_memclr8                
00002257  __aeabi_memcpy                 
00002257  __aeabi_memcpy4                
00002257  __aeabi_memcpy8                
0000259f  __aeabi_memset                 
0000259f  __aeabi_memset4                
0000259f  __aeabi_memset8                
200005c4  __aeabi_stderr                 
200005bc  __aeabi_stdin                  
200005c0  __aeabi_stdout                 
000022f3  __aeabi_uldivmod               
ffffffff  __binit__                      
ffffffff  __c_args__                     
UNDEFED   __mpu_init                     
2000fe00  __stack                        
00002ff5  _c_int00_noargs                
00003260  _ctypes_                       
200004f0  _device                        
20000400  _ftable                        
200005d4  _lock                          
00000b33  _nop                           
20000568  _stream                        
20000000  _sys_memory                    
UNDEFED   _system_post_cinit             
00003259  _system_pre_init               
200005d8  _unlock                        
0000325d  abort                          
00001bad  aligned_alloc                  
00002cf1  atoi                           
ffffffff  binit                          
00002a9d  close                          
000031a1  copysign                       
000031a1  copysignl                      
200005e4  errno                          
00002d3d  exit                           
00002521  fflush                         
00003029  finddevice                     
00002389  fputc                          
00001cc5  fputs                          
00001fe5  free                           
00002911  frexp                          
00002911  frexpl                         
00002975  fseek                          
00002e99  getdevice                      
00000000  interruptVectors               
00001dd9  ldexp                          
00001dd9  ldexpl                         
000030dd  lseek                          
00002bff  ltoa                           
00000b35  main                           
00003249  malloc                         
00001bad  memalign                       
00003185  memccpy                        
0000312d  memchr                         
00002257  memcpy                         
000025a5  memset                         
200007b4  num                            
200007ac  parmbuf                        
200007b5  pressed                        
00000df9  print                          
000028a9  printf                         
00002389  putc                           
00003089  remove                         
00001dd9  scalbn                         
00001dd9  scalbnl                        
000020c9  setvbuf                        
000031d3  strchr                         
000031bb  strcmp                         
000031e9  strcpy                         
000031fd  strlen                         
00002f55  strncpy                        
00003089  unlink                         
00003211  wcslen                         
00003105  write                          


GLOBAL SYMBOLS: SORTED BY Symbol Address 

address   name                           
-------   ----                           
00000000  __TI_static_base__             
00000000  interruptVectors               
000000e5  __TI_printfi                   
00000200  __STACK_SIZE                   
00000400  __SYSMEM_SIZE                  
00000b33  _nop                           
00000b35  main                           
00000c83  Keypad_Read                    
00000d97  SysTick_init                   
00000db3  SysTick_Delay                  
00000df9  print                          
00000ee9  SystemCoreClockUpdate          
00001161  SystemInit                     
0000165d  __aeabi_dsub                   
00001667  __aeabi_dadd                   
00001813  __aeabi_idiv0                  
00001813  __aeabi_ldiv0                  
00001951  __aeabi_ddiv                   
00001bad  aligned_alloc                  
00001bad  memalign                       
00001cc5  fputs                          
00001dd9  ldexp                          
00001dd9  ldexpl                         
00001dd9  scalbn                         
00001dd9  scalbnl                        
00001ee9  __aeabi_dmul                   
00001fe5  free                           
000020c9  setvbuf                        
00002257  __aeabi_memcpy                 
00002257  __aeabi_memcpy4                
00002257  __aeabi_memcpy8                
00002257  memcpy                         
000022f3  __aeabi_uldivmod               
00002389  fputc                          
00002389  putc                           
00002415  __aeabi_cdcmpeq                
00002415  __aeabi_cdcmple                
0000249b  __aeabi_cdrcmple               
00002521  fflush                         
0000259d  __aeabi_memclr                 
0000259d  __aeabi_memclr4                
0000259d  __aeabi_memclr8                
0000259f  __aeabi_memset                 
0000259f  __aeabi_memset4                
0000259f  __aeabi_memset8                
000025a5  memset                         
00002619  __TI_closefile                 
0000276d  HOSTrename                     
000027d9  HOSTlseek                      
00002841  __TI_decompress_lzss           
000028a9  printf                         
00002911  frexp                          
00002911  frexpl                         
00002975  fseek                          
000029d9  __TI_wrt_ok                    
00002a3d  HOSTopen                       
00002a9d  close                          
00002af9  HOSTread                       
00002b51  HOSTwrite                      
00002bff  ltoa                           
00002ca5  __TI_doflush                   
00002cf1  atoi                           
00002d3d  exit                           
00002d85  __aeabi_d2iz                   
00002dcd  HOSTclose                      
00002e11  HOSTunlink                     
00002e55  __TI_auto_init_nobinit_nopinit 
00002e99  getdevice                      
00002f1d  __TI_writemsg                  
00002f4b  C$$IO$$                        
00002f55  strncpy                        
00002f8d  __TI_cleanup                   
00002fc1  __TI_readmsg                   
00002ff5  _c_int00_noargs                
00003029  finddevice                     
00003059  __aeabi_i2d                    
00003089  remove                         
00003089  unlink                         
000030dd  lseek                          
00003105  write                          
0000312d  memchr                         
0000314d  __TI_zero_init_nomemset        
00003185  memccpy                        
000031a1  copysign                       
000031a1  copysignl                      
000031bb  strcmp                         
000031d3  strchr                         
000031e9  strcpy                         
000031fd  strlen                         
00003211  wcslen                         
00003223  __TI_decompress_none           
00003231  Reset_Handler                  
0000323d  ADC14_IRQHandler               
0000323d  AES256_IRQHandler              
0000323d  BusFault_Handler               
0000323d  COMP_E0_IRQHandler             
0000323d  COMP_E1_IRQHandler             
0000323d  CS_IRQHandler                  
0000323d  DMA_ERR_IRQHandler             
0000323d  DMA_INT0_IRQHandler            
0000323d  DMA_INT1_IRQHandler            
0000323d  DMA_INT2_IRQHandler            
0000323d  DMA_INT3_IRQHandler            
0000323d  DebugMon_Handler               
0000323d  Default_Handler                
0000323d  EUSCIA0_IRQHandler             
0000323d  EUSCIA1_IRQHandler             
0000323d  EUSCIA2_IRQHandler             
0000323d  EUSCIA3_IRQHandler             
0000323d  EUSCIB0_IRQHandler             
0000323d  EUSCIB1_IRQHandler             
0000323d  EUSCIB2_IRQHandler             
0000323d  EUSCIB3_IRQHandler             
0000323d  FLCTL_IRQHandler               
0000323d  FPU_IRQHandler                 
0000323d  HardFault_Handler              
0000323d  MemManage_Handler              
0000323d  NMI_Handler                    
0000323d  PCM_IRQHandler                 
0000323d  PORT1_IRQHandler               
0000323d  PORT2_IRQHandler               
0000323d  PORT3_IRQHandler               
0000323d  PORT4_IRQHandler               
0000323d  PORT5_IRQHandler               
0000323d  PORT6_IRQHandler               
0000323d  PSS_IRQHandler                 
0000323d  PendSV_Handler                 
0000323d  RTC_C_IRQHandler               
0000323d  SVC_Handler                    
0000323d  SysTick_Handler                
0000323d  T32_INT1_IRQHandler            
0000323d  T32_INT2_IRQHandler            
0000323d  T32_INTC_IRQHandler            
0000323d  TA0_0_IRQHandler               
0000323d  TA0_N_IRQHandler               
0000323d  TA1_0_IRQHandler               
0000323d  TA1_N_IRQHandler               
0000323d  TA2_0_IRQHandler               
0000323d  TA2_N_IRQHandler               
0000323d  TA3_0_IRQHandler               
0000323d  TA3_N_IRQHandler               
0000323d  UsageFault_Handler             
0000323d  WDT_A_IRQHandler               
00003241  __aeabi_errno_addr             
00003249  malloc                         
00003259  _system_pre_init               
0000325d  C$$EXIT                        
0000325d  abort                          
00003260  _ctypes_                       
000033d8  __TI_Handler_Table_Base        
000033e4  __TI_Handler_Table_Limit       
000033f0  __TI_CINIT_Base                
00003400  __TI_CINIT_Limit               
20000000  _sys_memory                    
20000400  _ftable                        
200004f0  _device                        
20000568  _stream                        
200005b8  __TI_ft_end                    
200005bc  __aeabi_stdin                  
200005c0  __aeabi_stdout                 
200005c4  __aeabi_stderr                 
200005c8  __TI_cleanup_ptr               
200005cc  __TI_dtors_ptr                 
200005d0  __TI_enable_exit_profile_output
200005d4  _lock                          
200005d8  _unlock                        
200005e4  errno                          
200005e8  SystemCoreClock                
200005ec  __CIOBUF_                      
2000070c  __TI_tmpnams                   
200007ac  parmbuf                        
200007b4  num                            
200007b5  pressed                        
2000fe00  __stack                        
20010000  __STACK_END                    
4000480c  WDTCTL_SYM                     
ffffffff  __TI_pprof_out_hndl            
ffffffff  __TI_prof_data_size            
ffffffff  __TI_prof_data_start           
ffffffff  __binit__                      
ffffffff  __c_args__                     
ffffffff  binit                          
UNDEFED   __mpu_init                     
UNDEFED   _system_post_cinit             

[184 symbols]
