******************************************************************************
                  TI ARM Linker Unix v18.12.4                  
******************************************************************************
>> Linked Sun Apr  4 20:05:10 2021

OUTPUT FILE NAME:   <Lab10part1.out>
ENTRY POINT SYMBOL: "_c_int00_noargs"  address: 00002dd1


MEMORY CONFIGURATION

         name            origin    length      used     unused   attr    fill
----------------------  --------  ---------  --------  --------  ----  --------
  MAIN                  00000000   00040000  000031f5  0003ce0b  R  X
  INFO                  00200000   00004000  00000000  00004000  R  X
  SRAM_CODE             01000000   00010000  000009b4  0000f64c  RW X
  SRAM_DATA             20000000   00010000  000009b4  0000f64c  RW  


SEGMENT ALLOCATION MAP

run origin  load origin   length   init length attrs members
----------  ----------- ---------- ----------- ----- -------
00000000    00000000    000031f8   000031f8    r-x
  00000000    00000000    000000e4   000000e4    r-- .intvecs
  000000e4    000000e4    00002f78   00002f78    r-x .text
  0000305c    0000305c    00000101   00000101    r-- .const
  00003160    00003160    00000098   00000098    r-- .cinit
20000000    20000000    000007b4   00000000    rw-
  20000000    20000000    00000400   00000000    rw- .sysmem
  20000400    20000400    000001ec   00000000    rw- .data
  200005ec    200005ec    000001c8   00000000    rw- .bss
2000fe00    2000fe00    00000200   00000000    rw-
  2000fe00    2000fe00    00000200   00000000    rw- .stack


SECTION ALLOCATION MAP

 output                                  attributes/
section   page    origin      length       input sections
--------  ----  ----------  ----------   ----------------
.intvecs   0    00000000    000000e4     
                  00000000    000000e4     startup_msp432p401r_ccs.obj (.intvecs:retain)

.text      0    000000e4    00002f78     
                  000000e4    00000a4e     rtsv7M4_T_le_v4SPD16_eabi.lib : _printfi.c.obj (.text:__TI_printfi)
                  00000b32    00000002                                   : _lock.c.obj (.text:_nop)
                  00000b34    00000334     system_msp432p401r.obj (.text)
                  00000e68    00000270     rtsv7M4_T_le_v4SPD16_eabi.lib : _printfi.c.obj (.text:_pconv_a)
                  000010d8    000001d0                                   : _printfi.c.obj (.text:_pconv_g)
                  000012a8    000001b6                                   : fd_add_t2.asm.obj (.text)
                  0000145e    00000002                                   : div0.asm.obj (.text)
                  00001460    00000168     part1main.obj (.text)
                  000015c8    0000013c     rtsv7M4_T_le_v4SPD16_eabi.lib : _printfi.c.obj (.text:_pconv_e)
                  00001704    00000136                                   : fd_div_t2.asm.obj (.text)
                  0000183a    00000002     --HOLE-- [fill = 0]
                  0000183c    00000124                                   : _printfi.c.obj (.text:fcvt)
                  00001960    00000118                                   : memory.c.obj (.text:aligned_alloc)
                  00001a78    00000114                                   : fputs.c.obj (.text:fputs)
                  00001b8c    00000110                                   : s_scalbn.c.obj (.text:scalbn)
                  00001c9c    000000fc                                   : fd_mul_t2.asm.obj (.text)
                  00001d98    000000e4                                   : memory.c.obj (.text:free)
                  00001e7c    000000dc                                   : setvbuf.c.obj (.text:setvbuf)
                  00001f58    000000b1                                   : _printfi.c.obj (.text:_ltostr)
                  00002009    00000001     --HOLE-- [fill = 0]
                  0000200a    0000009c                                   : memcpy_t2.asm.obj (.text)
                  000020a6    00000096                                   : ull_div_t2.asm.obj (.text)
                  0000213c    0000008c                                   : fputc.c.obj (.text:fputc)
                  000021c8    00000086                                   : fd_cmp_t2.asm.obj (.text:__aeabi_cdcmple)
                  0000224e    00000086                                   : fd_cmp_t2.asm.obj (.text:__aeabi_cdrcmple)
                  000022d4    0000007a                                   : memset_t2.asm.obj (.text)
                  0000234e    00000002     --HOLE-- [fill = 0]
                  00002350    00000074                                   : fclose.c.obj (.text:__TI_closefile)
                  000023c4    00000070                                   : memory.c.obj (.text:split)
                  00002434    0000006e                                   : _printfi.c.obj (.text:_mcpy)
                  000024a2    0000006e                                   : fd_tos_t2.asm.obj (.text)
                  00002510    0000006c                                   : hostrename.c.obj (.text:HOSTrename)
                  0000257c    00000068                                   : hostlseek.c.obj (.text:HOSTlseek)
                  000025e4    00000068                                   : copy_decompress_lzss.c.obj (.text:decompress:lzss:__TI_decompress_lzss)
                  0000264c    00000068                                   : printf.c.obj (.text:printf)
                  000026b4    00000064                                   : s_frexp.c.obj (.text:frexp)
                  00002718    00000064                                   : fseek.c.obj (.text:fseek)
                  0000277c    00000062                                   : _io_perm.c.obj (.text:__TI_wrt_ok)
                  000027de    00000002     --HOLE-- [fill = 0]
                  000027e0    00000060                                   : hostopen.c.obj (.text:HOSTopen)
                  00002840    0000005c                                   : close.c.obj (.text:close)
                  0000289c    00000058                                   : hostread.c.obj (.text:HOSTread)
                  000028f4    00000058                                   : hostwrite.c.obj (.text:HOSTwrite)
                  0000294c    00000056                                   : _printfi.c.obj (.text:_pconv_f)
                  000029a2    00000054                                   : ltoa.c.obj (.text:ltoa)
                  000029f6    00000052                                   : _printfi.c.obj (.text:_ecpy)
                  00002a48    0000004c                                   : fflush.c.obj (.text:__TI_doflush)
                  00002a94    0000004c                                   : atoi.c.obj (.text:atoi)
                  00002ae0    00000048                                   : exit.c.obj (.text:exit)
                  00002b28    00000048                                   : fd_toi_t2.asm.obj (.text)
                  00002b70    00000044                                   : hostclose.c.obj (.text:HOSTclose)
                  00002bb4    00000044                                   : hostunlink.c.obj (.text:HOSTunlink)
                  00002bf8    00000044                                   : autoinit.c.obj (.text:__TI_auto_init_nobinit_nopinit:__TI_auto_init_nobinit_nopinit)
                  00002c3c    00000044                                   : getdevice.c.obj (.text:getdevice)
                  00002c80    0000003e                                   : _printfi.c.obj (.text:_fcpy)
                  00002cbe    00000002     --HOLE-- [fill = 0]
                  00002cc0    00000038                                   : trgmsg.c.obj (.text:__TI_writemsg)
                  00002cf8    00000038                                   : fs_tod_t2.asm.obj (.text)
                  00002d30    00000036                                   : strncpy.c.obj (.text:strncpy)
                  00002d66    00000002     --HOLE-- [fill = 0]
                  00002d68    00000034                                   : fopen.c.obj (.text:__TI_cleanup)
                  00002d9c    00000034                                   : trgmsg.c.obj (.text:__TI_readmsg)
                  00002dd0    00000034                                   : boot_cortex_m.c.obj (.text:_c_int00_noargs:_c_int00_noargs)
                  00002e04    00000030                                   : getdevice.c.obj (.text:finddevice)
                  00002e34    0000002e                                   : i_tofd_t2.asm.obj (.text)
                  00002e62    00000002     --HOLE-- [fill = 0]
                  00002e64    0000002c                                   : unlink.c.obj (.text:unlink)
                  00002e90    00000028                                   : memory.c.obj (.text:free_list_insert)
                  00002eb8    00000028                                   : lseek.c.obj (.text:lseek)
                  00002ee0    00000028                                   : write.c.obj (.text:write)
                  00002f08    00000020                                   : memchr.c.obj (.text:memchr)
                  00002f28    00000020                                   : u_tofd_t2.asm.obj (.text)
                  00002f48    0000001c                                   : copy_zero_init.c.obj (.text:decompress:ZI:__TI_zero_init_nomemset:__TI_zero_init_nomemset)
                  00002f64    0000001c                                   : memory.c.obj (.text:free_list_remove)
                  00002f80    0000001c                                   : memccpy.c.obj (.text:memccpy)
                  00002f9c    0000001a                                   : s_copysign.c.obj (.text:copysign)
                  00002fb6    00000018                                   : strcmp.c.obj (.text:strcmp)
                  00002fce    00000016                                   : strchr.c.obj (.text:strchr)
                  00002fe4    00000014                                   : strcpy.c.obj (.text:strcpy)
                  00002ff8    00000014                                   : strlen.c.obj (.text:strlen)
                  0000300c    00000012                                   : wcslen.c.obj (.text:wcslen)
                  0000301e    0000000e                                   : copy_decompress_none.c.obj (.text:decompress:none:__TI_decompress_none)
                  0000302c    0000000e     startup_msp432p401r_ccs.obj (.text)
                  0000303a    00000002     --HOLE-- [fill = 0]
                  0000303c    00000008     rtsv7M4_T_le_v4SPD16_eabi.lib : errno.c.obj (.text:__aeabi_errno_addr)
                  00003044    00000008                                   : memory.c.obj (.text:malloc)
                  0000304c    00000004                                   : printf.c.obj (.text:_outc)
                  00003050    00000004                                   : printf.c.obj (.text:_outs)
                  00003054    00000004                                   : pre_init.c.obj (.text:_system_pre_init)
                  00003058    00000004                                   : exit.c.obj (.text:abort:abort)

.const     0    0000305c    00000101     
                  0000305c    00000101     rtsv7M4_T_le_v4SPD16_eabi.lib : ctype.c.obj (.const:.string:_ctypes_)

.cinit     0    00003160    00000098     
                  00003160    0000006d     (.cinit..data.load) [load image, compression = lzss]
                  000031cd    00000003     --HOLE-- [fill = 0]
                  000031d0    0000000c     (__TI_handler_table)
                  000031dc    00000004     --HOLE-- [fill = 0]
                  000031e0    00000008     (.cinit..bss.load) [load image, compression = zero_init]
                  000031e8    00000010     (__TI_cinit_table)

.init_array 
*          0    00000000    00000000     UNINITIALIZED

.binit     0    00000000    00000000     

.sysmem    0    20000000    00000400     UNINITIALIZED
                  20000000    00000010     rtsv7M4_T_le_v4SPD16_eabi.lib : memory.c.obj (.sysmem)
                  20000010    000003f0     --HOLE--

.data      0    20000400    000001ec     UNINITIALIZED
                  20000400    000000f0     rtsv7M4_T_le_v4SPD16_eabi.lib : defs.c.obj (.data:_ftable)
                  200004f0    00000078                                   : host_device.c.obj (.data:_device)
                  20000568    00000050                                   : host_device.c.obj (.data:_stream)
                  200005b8    00000010                                   : defs.c.obj (.data)
                  200005c8    0000000c                                   : exit.c.obj (.data:$O1$$)
                  200005d4    00000008                                   : _lock.c.obj (.data:$O1$$)
                  200005dc    00000008                                   : memory.c.obj (.data:$O1$$)
                  200005e4    00000004                                   : errno.c.obj (.data)
                  200005e8    00000004     system_msp432p401r.obj (.data)

.bss       0    200005ec    000001c8     UNINITIALIZED
                  200005ec    00000120     rtsv7M4_T_le_v4SPD16_eabi.lib : trgmsg.c.obj (.bss:_CIOBUF_)
                  2000070c    000000a0     (.common:__TI_tmpnams)
                  200007ac    00000008     (.common:parmbuf)

.stack     0    2000fe00    00000200     UNINITIALIZED
                  2000fe00    00000004     rtsv7M4_T_le_v4SPD16_eabi.lib : boot_cortex_m.c.obj (.stack)
                  2000fe04    000001fc     --HOLE--

MODULE SUMMARY

       Module                        code    ro data   rw data
       ------                        ----    -------   -------
    ./
       system_msp432p401r.obj        820     0         8      
       part1main.obj                 360     0         0      
       startup_msp432p401r_ccs.obj   14      228       0      
    +--+-----------------------------+-------+---------+---------+
       Total:                        1194    228       8      
                                                              
    /Applications/ti/ccs930/ccs/tools/compiler/ti-cgt-arm_18.12.4.LTS/lib/rtsv7M4_T_le_v4SPD16_eabi.lib
       _printfi.c.obj                4851    0         0      
       defs.c.obj                    0       0         832    
       memory.c.obj                  696     0         16     
       trgmsg.c.obj                  108     0         576    
       fd_add_t2.asm.obj             438     0         0      
       host_device.c.obj             0       0         400    
       fd_div_t2.asm.obj             310     0         0      
       fputs.c.obj                   276     0         0      
       s_scalbn.c.obj                272     0         0      
       fd_cmp_t2.asm.obj             268     0         0      
       ctype.c.obj                   0       257       0      
       fd_mul_t2.asm.obj             252     0         0      
       setvbuf.c.obj                 220     0         0      
       memcpy_t2.asm.obj             156     0         0      
       ull_div_t2.asm.obj            150     0         0      
       fputc.c.obj                   140     0         0      
       memset_t2.asm.obj             122     0         0      
       fclose.c.obj                  116     0         0      
       getdevice.c.obj               116     0         0      
       hostopen.c.obj                96      0         16     
       printf.c.obj                  112     0         0      
       fd_tos_t2.asm.obj             110     0         0      
       hostrename.c.obj              108     0         0      
       copy_decompress_lzss.c.obj    104     0         0      
       hostlseek.c.obj               104     0         0      
       exit.c.obj                    76      0         24     
       fseek.c.obj                   100     0         0      
       s_frexp.c.obj                 100     0         0      
       _io_perm.c.obj                98      0         0      
       close.c.obj                   92      0         0      
       hostread.c.obj                88      0         0      
       hostwrite.c.obj               88      0         0      
       ltoa.c.obj                    84      0         0      
       atoi.c.obj                    76      0         0      
       fflush.c.obj                  76      0         0      
       fd_toi_t2.asm.obj             72      0         0      
       autoinit.c.obj                68      0         0      
       hostclose.c.obj               68      0         0      
       hostunlink.c.obj              68      0         0      
       fs_tod_t2.asm.obj             56      0         0      
       strncpy.c.obj                 54      0         0      
       boot_cortex_m.c.obj           52      0         0      
       fopen.c.obj                   52      0         0      
       i_tofd_t2.asm.obj             46      0         0      
       unlink.c.obj                  44      0         0      
       lseek.c.obj                   40      0         0      
       write.c.obj                   40      0         0      
       memchr.c.obj                  32      0         0      
       u_tofd_t2.asm.obj             32      0         0      
       copy_zero_init.c.obj          28      0         0      
       memccpy.c.obj                 28      0         0      
       s_copysign.c.obj              26      0         0      
       strcmp.c.obj                  24      0         0      
       strchr.c.obj                  22      0         0      
       strcpy.c.obj                  20      0         0      
       strlen.c.obj                  20      0         0      
       _lock.c.obj                   2       0         16     
       wcslen.c.obj                  18      0         0      
       errno.c.obj                   8       0         8      
       copy_decompress_none.c.obj    14      0         0      
       pre_init.c.obj                4       0         0      
       div0.asm.obj                  2       0         0      
    +--+-----------------------------+-------+---------+---------+
       Total:                        10943   257       1888   
                                                              
       Heap:                         0       0         2048   
       Stack:                        0       0         1024   
       Linker Generated:             0       145       0      
    +--+-----------------------------+-------+---------+---------+
       Grand Total:                  12137   630       4968   


LINKER GENERATED COPY TABLES

__TI_cinit_table @ 000031e8 records: 2, size/record: 8, table size: 16
	.data: load addr=00003160, load size=0000006d bytes, run addr=20000400, run size=000001ec bytes, compression=lzss
	.bss: load addr=000031e0, load size=00000008 bytes, run addr=200005ec, run size=000001c8 bytes, compression=zero_init


LINKER GENERATED HANDLER TABLE

__TI_handler_table @ 000031d0 records: 3, size/record: 4, table size: 12
	index: 0, handler: __TI_decompress_lzss
	index: 1, handler: __TI_decompress_none
	index: 2, handler: __TI_zero_init


GLOBAL SYMBOLS: SORTED ALPHABETICALLY BY Name 

address   name                           
-------   ----                           
00003039  ADC14_IRQHandler               
00003039  AES256_IRQHandler              
00003039  BusFault_Handler               
00003059  C$$EXIT                        
00002cef  C$$IO$$                        
00003039  COMP_E0_IRQHandler             
00003039  COMP_E1_IRQHandler             
00003039  CS_IRQHandler                  
00003039  DMA_ERR_IRQHandler             
00003039  DMA_INT0_IRQHandler            
00003039  DMA_INT1_IRQHandler            
00003039  DMA_INT2_IRQHandler            
00003039  DMA_INT3_IRQHandler            
00003039  DebugMon_Handler               
00003039  Default_Handler                
00003039  EUSCIA0_IRQHandler             
00003039  EUSCIA1_IRQHandler             
00003039  EUSCIA2_IRQHandler             
00003039  EUSCIA3_IRQHandler             
00003039  EUSCIB0_IRQHandler             
00003039  EUSCIB1_IRQHandler             
00003039  EUSCIB2_IRQHandler             
00003039  EUSCIB3_IRQHandler             
00003039  FLCTL_IRQHandler               
00003039  FPU_IRQHandler                 
00002b71  HOSTclose                      
0000257d  HOSTlseek                      
000027e1  HOSTopen                       
0000289d  HOSTread                       
00002511  HOSTrename                     
00002bb5  HOSTunlink                     
000028f5  HOSTwrite                      
00003039  HardFault_Handler              
00003039  MemManage_Handler              
00003039  NMI_Handler                    
00003039  PCM_IRQHandler                 
00003039  PORT1_IRQHandler               
00003039  PORT2_IRQHandler               
00003039  PORT3_IRQHandler               
00003039  PORT4_IRQHandler               
00003039  PORT5_IRQHandler               
00003039  PORT6_IRQHandler               
00003039  PSS_IRQHandler                 
00003039  PendSV_Handler                 
00003039  RTC_C_IRQHandler               
0000302d  Reset_Handler                  
00003039  SVC_Handler                    
0000154b  SysTick_Delay                  
00003039  SysTick_Handler                
0000152f  SysTick_init                   
200005e8  SystemCoreClock                
00000b35  SystemCoreClockUpdate          
00000dad  SystemInit                     
00003039  T32_INT1_IRQHandler            
00003039  T32_INT2_IRQHandler            
00003039  T32_INTC_IRQHandler            
00003039  TA0_0_IRQHandler               
00003039  TA0_N_IRQHandler               
00003039  TA1_0_IRQHandler               
00003039  TA1_N_IRQHandler               
00003039  TA2_0_IRQHandler               
00003039  TA2_N_IRQHandler               
00003039  TA3_0_IRQHandler               
00003039  TA3_N_IRQHandler               
00003039  UsageFault_Handler             
4000480c  WDTCTL_SYM                     
00003039  WDT_A_IRQHandler               
200005ec  __CIOBUF_                      
20010000  __STACK_END                    
00000200  __STACK_SIZE                   
00000400  __SYSMEM_SIZE                  
000031e8  __TI_CINIT_Base                
000031f8  __TI_CINIT_Limit               
000031d0  __TI_Handler_Table_Base        
000031dc  __TI_Handler_Table_Limit       
00002bf9  __TI_auto_init_nobinit_nopinit 
00002d69  __TI_cleanup                   
200005c8  __TI_cleanup_ptr               
00002351  __TI_closefile                 
000025e5  __TI_decompress_lzss           
0000301f  __TI_decompress_none           
00002a49  __TI_doflush                   
200005cc  __TI_dtors_ptr                 
200005d0  __TI_enable_exit_profile_output
200005b8  __TI_ft_end                    
ffffffff  __TI_pprof_out_hndl            
000000e5  __TI_printfi                   
ffffffff  __TI_prof_data_size            
ffffffff  __TI_prof_data_start           
00002d9d  __TI_readmsg                   
00000000  __TI_static_base__             
2000070c  __TI_tmpnams                   
00002cc1  __TI_writemsg                  
0000277d  __TI_wrt_ok                    
00002f49  __TI_zero_init_nomemset        
000021c9  __aeabi_cdcmpeq                
000021c9  __aeabi_cdcmple                
0000224f  __aeabi_cdrcmple               
000024a3  __aeabi_d2f                    
00002b29  __aeabi_d2iz                   
000012b3  __aeabi_dadd                   
00001705  __aeabi_ddiv                   
00001c9d  __aeabi_dmul                   
000012a9  __aeabi_dsub                   
0000303d  __aeabi_errno_addr             
00002cf9  __aeabi_f2d                    
00002e35  __aeabi_i2d                    
0000145f  __aeabi_idiv0                  
0000145f  __aeabi_ldiv0                  
000022d5  __aeabi_memclr                 
000022d5  __aeabi_memclr4                
000022d5  __aeabi_memclr8                
0000200b  __aeabi_memcpy                 
0000200b  __aeabi_memcpy4                
0000200b  __aeabi_memcpy8                
000022d7  __aeabi_memset                 
000022d7  __aeabi_memset4                
000022d7  __aeabi_memset8                
200005c4  __aeabi_stderr                 
200005bc  __aeabi_stdin                  
200005c0  __aeabi_stdout                 
00002f29  __aeabi_ui2d                   
000020a7  __aeabi_uldivmod               
ffffffff  __binit__                      
ffffffff  __c_args__                     
UNDEFED   __mpu_init                     
2000fe00  __stack                        
00002dd1  _c_int00_noargs                
0000305c  _ctypes_                       
200004f0  _device                        
20000400  _ftable                        
200005d4  _lock                          
00000b33  _nop                           
20000568  _stream                        
20000000  _sys_memory                    
UNDEFED   _system_post_cinit             
00003055  _system_pre_init               
200005d8  _unlock                        
00003059  abort                          
000014e9  adcsetup                       
00001961  aligned_alloc                  
00002a95  atoi                           
ffffffff  binit                          
00002841  close                          
00002f9d  copysign                       
00002f9d  copysignl                      
200005e4  errno                          
00002ae1  exit                           
00002e05  finddevice                     
0000213d  fputc                          
00001a79  fputs                          
00001d99  free                           
000026b5  frexp                          
000026b5  frexpl                         
00002719  fseek                          
00002c3d  getdevice                      
00000000  interruptVectors               
00001b8d  ldexp                          
00001b8d  ldexpl                         
00002eb9  lseek                          
000029a3  ltoa                           
00001461  main                           
00003045  malloc                         
00001961  memalign                       
00002f81  memccpy                        
00002f09  memchr                         
0000200b  memcpy                         
000022dd  memset                         
200007ac  parmbuf                        
0000264d  printf                         
0000213d  putc                           
00002e65  remove                         
00001b8d  scalbn                         
00001b8d  scalbnl                        
00001e7d  setvbuf                        
00002fcf  strchr                         
00002fb7  strcmp                         
00002fe5  strcpy                         
00002ff9  strlen                         
00002d31  strncpy                        
00002e65  unlink                         
0000300d  wcslen                         
00002ee1  write                          


GLOBAL SYMBOLS: SORTED BY Symbol Address 

address   name                           
-------   ----                           
00000000  __TI_static_base__             
00000000  interruptVectors               
000000e5  __TI_printfi                   
00000200  __STACK_SIZE                   
00000400  __SYSMEM_SIZE                  
00000b33  _nop                           
00000b35  SystemCoreClockUpdate          
00000dad  SystemInit                     
000012a9  __aeabi_dsub                   
000012b3  __aeabi_dadd                   
0000145f  __aeabi_idiv0                  
0000145f  __aeabi_ldiv0                  
00001461  main                           
000014e9  adcsetup                       
0000152f  SysTick_init                   
0000154b  SysTick_Delay                  
00001705  __aeabi_ddiv                   
00001961  aligned_alloc                  
00001961  memalign                       
00001a79  fputs                          
00001b8d  ldexp                          
00001b8d  ldexpl                         
00001b8d  scalbn                         
00001b8d  scalbnl                        
00001c9d  __aeabi_dmul                   
00001d99  free                           
00001e7d  setvbuf                        
0000200b  __aeabi_memcpy                 
0000200b  __aeabi_memcpy4                
0000200b  __aeabi_memcpy8                
0000200b  memcpy                         
000020a7  __aeabi_uldivmod               
0000213d  fputc                          
0000213d  putc                           
000021c9  __aeabi_cdcmpeq                
000021c9  __aeabi_cdcmple                
0000224f  __aeabi_cdrcmple               
000022d5  __aeabi_memclr                 
000022d5  __aeabi_memclr4                
000022d5  __aeabi_memclr8                
000022d7  __aeabi_memset                 
000022d7  __aeabi_memset4                
000022d7  __aeabi_memset8                
000022dd  memset                         
00002351  __TI_closefile                 
000024a3  __aeabi_d2f                    
00002511  HOSTrename                     
0000257d  HOSTlseek                      
000025e5  __TI_decompress_lzss           
0000264d  printf                         
000026b5  frexp                          
000026b5  frexpl                         
00002719  fseek                          
0000277d  __TI_wrt_ok                    
000027e1  HOSTopen                       
00002841  close                          
0000289d  HOSTread                       
000028f5  HOSTwrite                      
000029a3  ltoa                           
00002a49  __TI_doflush                   
00002a95  atoi                           
00002ae1  exit                           
00002b29  __aeabi_d2iz                   
00002b71  HOSTclose                      
00002bb5  HOSTunlink                     
00002bf9  __TI_auto_init_nobinit_nopinit 
00002c3d  getdevice                      
00002cc1  __TI_writemsg                  
00002cef  C$$IO$$                        
00002cf9  __aeabi_f2d                    
00002d31  strncpy                        
00002d69  __TI_cleanup                   
00002d9d  __TI_readmsg                   
00002dd1  _c_int00_noargs                
00002e05  finddevice                     
00002e35  __aeabi_i2d                    
00002e65  remove                         
00002e65  unlink                         
00002eb9  lseek                          
00002ee1  write                          
00002f09  memchr                         
00002f29  __aeabi_ui2d                   
00002f49  __TI_zero_init_nomemset        
00002f81  memccpy                        
00002f9d  copysign                       
00002f9d  copysignl                      
00002fb7  strcmp                         
00002fcf  strchr                         
00002fe5  strcpy                         
00002ff9  strlen                         
0000300d  wcslen                         
0000301f  __TI_decompress_none           
0000302d  Reset_Handler                  
00003039  ADC14_IRQHandler               
00003039  AES256_IRQHandler              
00003039  BusFault_Handler               
00003039  COMP_E0_IRQHandler             
00003039  COMP_E1_IRQHandler             
00003039  CS_IRQHandler                  
00003039  DMA_ERR_IRQHandler             
00003039  DMA_INT0_IRQHandler            
00003039  DMA_INT1_IRQHandler            
00003039  DMA_INT2_IRQHandler            
00003039  DMA_INT3_IRQHandler            
00003039  DebugMon_Handler               
00003039  Default_Handler                
00003039  EUSCIA0_IRQHandler             
00003039  EUSCIA1_IRQHandler             
00003039  EUSCIA2_IRQHandler             
00003039  EUSCIA3_IRQHandler             
00003039  EUSCIB0_IRQHandler             
00003039  EUSCIB1_IRQHandler             
00003039  EUSCIB2_IRQHandler             
00003039  EUSCIB3_IRQHandler             
00003039  FLCTL_IRQHandler               
00003039  FPU_IRQHandler                 
00003039  HardFault_Handler              
00003039  MemManage_Handler              
00003039  NMI_Handler                    
00003039  PCM_IRQHandler                 
00003039  PORT1_IRQHandler               
00003039  PORT2_IRQHandler               
00003039  PORT3_IRQHandler               
00003039  PORT4_IRQHandler               
00003039  PORT5_IRQHandler               
00003039  PORT6_IRQHandler               
00003039  PSS_IRQHandler                 
00003039  PendSV_Handler                 
00003039  RTC_C_IRQHandler               
00003039  SVC_Handler                    
00003039  SysTick_Handler                
00003039  T32_INT1_IRQHandler            
00003039  T32_INT2_IRQHandler            
00003039  T32_INTC_IRQHandler            
00003039  TA0_0_IRQHandler               
00003039  TA0_N_IRQHandler               
00003039  TA1_0_IRQHandler               
00003039  TA1_N_IRQHandler               
00003039  TA2_0_IRQHandler               
00003039  TA2_N_IRQHandler               
00003039  TA3_0_IRQHandler               
00003039  TA3_N_IRQHandler               
00003039  UsageFault_Handler             
00003039  WDT_A_IRQHandler               
0000303d  __aeabi_errno_addr             
00003045  malloc                         
00003055  _system_pre_init               
00003059  C$$EXIT                        
00003059  abort                          
0000305c  _ctypes_                       
000031d0  __TI_Handler_Table_Base        
000031dc  __TI_Handler_Table_Limit       
000031e8  __TI_CINIT_Base                
000031f8  __TI_CINIT_Limit               
20000000  _sys_memory                    
20000400  _ftable                        
200004f0  _device                        
20000568  _stream                        
200005b8  __TI_ft_end                    
200005bc  __aeabi_stdin                  
200005c0  __aeabi_stdout                 
200005c4  __aeabi_stderr                 
200005c8  __TI_cleanup_ptr               
200005cc  __TI_dtors_ptr                 
200005d0  __TI_enable_exit_profile_output
200005d4  _lock                          
200005d8  _unlock                        
200005e4  errno                          
200005e8  SystemCoreClock                
200005ec  __CIOBUF_                      
2000070c  __TI_tmpnams                   
200007ac  parmbuf                        
2000fe00  __stack                        
20010000  __STACK_END                    
4000480c  WDTCTL_SYM                     
ffffffff  __TI_pprof_out_hndl            
ffffffff  __TI_prof_data_size            
ffffffff  __TI_prof_data_start           
ffffffff  __binit__                      
ffffffff  __c_args__                     
ffffffff  binit                          
UNDEFED   __mpu_init                     
UNDEFED   _system_post_cinit             

[183 symbols]
