******************************************************************************
                  TI ARM Linker Unix v18.12.4                  
******************************************************************************
>> Linked Sun Apr  4 20:49:46 2021

OUTPUT FILE NAME:   <Lab10part3.out>
ENTRY POINT SYMBOL: "_c_int00_noargs"  address: 00002b79


MEMORY CONFIGURATION

         name            origin    length      used     unused   attr    fill
----------------------  --------  ---------  --------  --------  ----  --------
  MAIN                  00000000   00040000  00002e09  0003d1f7  R  X
  INFO                  00200000   00004000  00000000  00004000  R  X
  SRAM_CODE             01000000   00010000  00000212  0000fdee  RW X
  SRAM_DATA             20000000   00010000  00000212  0000fdee  RW  


SEGMENT ALLOCATION MAP

run origin  load origin   length   init length attrs members
----------  ----------- ---------- ----------- ----- -------
00000000    00000000    00002e10   00002e10    r-x
  00000000    00000000    000000e4   000000e4    r-- .intvecs
  000000e4    000000e4    00002bf4   00002bf4    r-x .text
  00002cd8    00002cd8    00000101   00000101    r-- .const
  00002de0    00002de0    00000030   00000030    r-- .cinit
20000000    20000000    00000012   00000000    rw-
  20000000    20000000    00000010   00000000    rw- .data
  20000010    20000010    00000002   00000000    rw- .bss
2000fe00    2000fe00    00000200   00000000    rw-
  2000fe00    2000fe00    00000200   00000000    rw- .stack


SECTION ALLOCATION MAP

 output                                  attributes/
section   page    origin      length       input sections
--------  ----  ----------  ----------   ----------------
.intvecs   0    00000000    000000e4     
                  00000000    000000e4     startup_msp432p401r_ccs.obj (.intvecs:retain)

.text      0    000000e4    00002bf4     
                  000000e4    00000a4e     rtsv7M4_T_le_v4SPD16_eabi.lib : _printfi.c.obj (.text:__TI_printfi)
                  00000b32    00000002                                   : div0.asm.obj (.text)
                  00000b34    00000610     LCD_Library.obj (.text)
                  00001144    00000334     system_msp432p401r.obj (.text)
                  00001478    000002f0     part3main.obj (.text)
                  00001768    00000270     rtsv7M4_T_le_v4SPD16_eabi.lib : _printfi.c.obj (.text:_pconv_a)
                  000019d8    000001d0                                   : _printfi.c.obj (.text:_pconv_g)
                  00001ba8    000001b6                                   : fd_add_t2.asm.obj (.text)
                  00001d5e    00000002     --HOLE-- [fill = 0]
                  00001d60    0000013c                                   : _printfi.c.obj (.text:_pconv_e)
                  00001e9c    00000136                                   : fd_div_t2.asm.obj (.text)
                  00001fd2    00000002     --HOLE-- [fill = 0]
                  00001fd4    00000124                                   : _printfi.c.obj (.text:fcvt)
                  000020f8    00000110                                   : s_scalbn.c.obj (.text:scalbn)
                  00002208    000000fc                                   : fd_mul_t2.asm.obj (.text)
                  00002304    000000d4     SysTick_Library.obj (.text)
                  000023d8    000000b1     rtsv7M4_T_le_v4SPD16_eabi.lib : _printfi.c.obj (.text:_ltostr)
                  00002489    00000001     --HOLE-- [fill = 0]
                  0000248a    0000009c                                   : memcpy_t2.asm.obj (.text)
                  00002526    00000096                                   : ull_div_t2.asm.obj (.text)
                  000025bc    00000086                                   : fd_cmp_t2.asm.obj (.text:__aeabi_cdcmple)
                  00002642    00000086                                   : fd_cmp_t2.asm.obj (.text:__aeabi_cdrcmple)
                  000026c8    0000007a                                   : memset_t2.asm.obj (.text)
                  00002742    0000006e                                   : _printfi.c.obj (.text:_mcpy)
                  000027b0    0000006e                                   : fd_tos_t2.asm.obj (.text)
                  0000281e    00000068                                   : copy_decompress_lzss.c.obj (.text:decompress:lzss:__TI_decompress_lzss)
                  00002886    00000002     --HOLE-- [fill = 0]
                  00002888    00000064                                   : s_frexp.c.obj (.text:frexp)
                  000028ec    00000056                                   : _printfi.c.obj (.text:_pconv_f)
                  00002942    00000054                                   : ltoa.c.obj (.text:ltoa)
                  00002996    00000052                                   : _printfi.c.obj (.text:_ecpy)
                  000029e8    0000004c                                   : atoi.c.obj (.text:atoi)
                  00002a34    00000048                                   : fd_toi_t2.asm.obj (.text)
                  00002a7c    00000044                                   : autoinit.c.obj (.text:__TI_auto_init_nobinit_nopinit:__TI_auto_init_nobinit_nopinit)
                  00002ac0    00000040                                   : sprintf.c.obj (.text:sprintf)
                  00002b00    0000003e                                   : _printfi.c.obj (.text:_fcpy)
                  00002b3e    00000038                                   : fs_tod_t2.asm.obj (.text)
                  00002b76    00000002     --HOLE-- [fill = 0]
                  00002b78    00000034                                   : boot_cortex_m.c.obj (.text:_c_int00_noargs:_c_int00_noargs)
                  00002bac    0000002e                                   : i_tofd_t2.asm.obj (.text)
                  00002bda    00000020                                   : u_tofd_t2.asm.obj (.text)
                  00002bfa    0000001c                                   : copy_zero_init.c.obj (.text:decompress:ZI:__TI_zero_init_nomemset:__TI_zero_init_nomemset)
                  00002c16    0000001c                                   : memccpy.c.obj (.text:memccpy)
                  00002c32    0000001a                                   : s_copysign.c.obj (.text:copysign)
                  00002c4c    00000018                                   : sprintf.c.obj (.text:_outs)
                  00002c64    00000016                                   : strchr.c.obj (.text:strchr)
                  00002c7a    00000014                                   : strlen.c.obj (.text:strlen)
                  00002c8e    00000012                                   : wcslen.c.obj (.text:wcslen)
                  00002ca0    0000000e                                   : copy_decompress_none.c.obj (.text:decompress:none:__TI_decompress_none)
                  00002cae    0000000e     startup_msp432p401r_ccs.obj (.text)
                  00002cbc    0000000a     rtsv7M4_T_le_v4SPD16_eabi.lib : sprintf.c.obj (.text:_outc)
                  00002cc6    00000002     --HOLE-- [fill = 0]
                  00002cc8    00000008                                   : errno.c.obj (.text:__aeabi_errno_addr)
                  00002cd0    00000004                                   : pre_init.c.obj (.text:_system_pre_init)
                  00002cd4    00000004                                   : exit.c.obj (.text:abort:abort)

.const     0    00002cd8    00000101     
                  00002cd8    00000101     rtsv7M4_T_le_v4SPD16_eabi.lib : ctype.c.obj (.const:.string:_ctypes_)

.cinit     0    00002de0    00000030     
                  00002de0    0000000c     (__TI_handler_table)
                  00002dec    0000000b     (.cinit..data.load) [load image, compression = lzss]
                  00002df7    00000001     --HOLE-- [fill = 0]
                  00002df8    00000008     (.cinit..bss.load) [load image, compression = zero_init]
                  00002e00    00000010     (__TI_cinit_table)

.init_array 
*          0    00000000    00000000     UNINITIALIZED

.binit     0    00000000    00000000     

.data      0    20000000    00000010     UNINITIALIZED
                  20000000    00000008     part3main.obj (.data)
                  20000008    00000004     rtsv7M4_T_le_v4SPD16_eabi.lib : errno.c.obj (.data)
                  2000000c    00000004     system_msp432p401r.obj (.data)

.bss       0    20000010    00000002     UNINITIALIZED
                  20000010    00000001     (.common:_flag)
                  20000011    00000001     (.common:_offset)

.stack     0    2000fe00    00000200     UNINITIALIZED
                  2000fe00    00000004     rtsv7M4_T_le_v4SPD16_eabi.lib : boot_cortex_m.c.obj (.stack)
                  2000fe04    000001fc     --HOLE--

MODULE SUMMARY

       Module                        code    ro data   rw data
       ------                        ----    -------   -------
    ./
       LCD_Library.obj               1552    0         4      
       system_msp432p401r.obj        820     0         8      
       part3main.obj                 752     0         16     
       startup_msp432p401r_ccs.obj   14      228       0      
       SysTick_Library.obj           212     0         0      
    +--+-----------------------------+-------+---------+---------+
       Total:                        3350    228       28     
                                                              
    /Applications/ti/ccs930/ccs/tools/compiler/ti-cgt-arm_18.12.4.LTS/lib/rtsv7M4_T_le_v4SPD16_eabi.lib
       _printfi.c.obj                4851    0         0      
       fd_add_t2.asm.obj             438     0         0      
       fd_div_t2.asm.obj             310     0         0      
       s_scalbn.c.obj                272     0         0      
       fd_cmp_t2.asm.obj             268     0         0      
       ctype.c.obj                   0       257       0      
       fd_mul_t2.asm.obj             252     0         0      
       memcpy_t2.asm.obj             156     0         0      
       ull_div_t2.asm.obj            150     0         0      
       memset_t2.asm.obj             122     0         0      
       fd_tos_t2.asm.obj             110     0         0      
       copy_decompress_lzss.c.obj    104     0         0      
       s_frexp.c.obj                 100     0         0      
       sprintf.c.obj                 98      0         0      
       ltoa.c.obj                    84      0         0      
       atoi.c.obj                    76      0         0      
       fd_toi_t2.asm.obj             72      0         0      
       autoinit.c.obj                68      0         0      
       fs_tod_t2.asm.obj             56      0         0      
       boot_cortex_m.c.obj           52      0         0      
       i_tofd_t2.asm.obj             46      0         0      
       u_tofd_t2.asm.obj             32      0         0      
       copy_zero_init.c.obj          28      0         0      
       memccpy.c.obj                 28      0         0      
       s_copysign.c.obj              26      0         0      
       strchr.c.obj                  22      0         0      
       strlen.c.obj                  20      0         0      
       wcslen.c.obj                  18      0         0      
       errno.c.obj                   8       0         8      
       copy_decompress_none.c.obj    14      0         0      
       exit.c.obj                    4       0         0      
       pre_init.c.obj                4       0         0      
       div0.asm.obj                  2       0         0      
    +--+-----------------------------+-------+---------+---------+
       Total:                        7891    257       8      
                                                              
       Stack:                        0       0         1024   
       Linker Generated:             0       47        0      
    +--+-----------------------------+-------+---------+---------+
       Grand Total:                  11241   532       1060   


LINKER GENERATED COPY TABLES

__TI_cinit_table @ 00002e00 records: 2, size/record: 8, table size: 16
	.data: load addr=00002dec, load size=0000000b bytes, run addr=20000000, run size=00000010 bytes, compression=lzss
	.bss: load addr=00002df8, load size=00000008 bytes, run addr=20000010, run size=00000002 bytes, compression=zero_init


LINKER GENERATED HANDLER TABLE

__TI_handler_table @ 00002de0 records: 3, size/record: 4, table size: 12
	index: 0, handler: __TI_decompress_lzss
	index: 1, handler: __TI_decompress_none
	index: 2, handler: __TI_zero_init


GLOBAL SYMBOLS: SORTED ALPHABETICALLY BY Name 

address   name                          
-------   ----                          
00002cbb  ADC14_IRQHandler              
00002cbb  AES256_IRQHandler             
00002cbb  BusFault_Handler              
00002cd5  C$$EXIT                       
00002cbb  COMP_E0_IRQHandler            
00002cbb  COMP_E1_IRQHandler            
00002cbb  CS_IRQHandler                 
00002cbb  DMA_ERR_IRQHandler            
00002cbb  DMA_INT0_IRQHandler           
00002cbb  DMA_INT1_IRQHandler           
00002cbb  DMA_INT2_IRQHandler           
00002cbb  DMA_INT3_IRQHandler           
00002cbb  DebugMon_Handler              
00002cbb  Default_Handler               
00002cbb  EUSCIA0_IRQHandler            
00002cbb  EUSCIA1_IRQHandler            
00002cbb  EUSCIA2_IRQHandler            
00002cbb  EUSCIA3_IRQHandler            
00002cbb  EUSCIB0_IRQHandler            
00002cbb  EUSCIB1_IRQHandler            
00002cbb  EUSCIB2_IRQHandler            
00002cbb  EUSCIB3_IRQHandler            
00002cbb  FLCTL_IRQHandler              
00002cbb  FPU_IRQHandler                
00002cbb  HardFault_Handler             
00002cbb  MemManage_Handler             
00002cbb  NMI_Handler                   
00002cbb  PCM_IRQHandler                
00002cbb  PORT1_IRQHandler              
00002cbb  PORT2_IRQHandler              
00002cbb  PORT3_IRQHandler              
00002cbb  PORT4_IRQHandler              
0000164b  PORT5_IRQHandler              
0000164b  PORT5_IRQHandler              
00002cbb  PORT6_IRQHandler              
00002cbb  PSS_IRQHandler                
00002cbb  PendSV_Handler                
00002cbb  RTC_C_IRQHandler              
00002caf  Reset_Handler                 
00002cbb  SVC_Handler                   
00002305  SysTickInit_NoInterrupts      
00002325  SysTickInit_WithInterrupts    
000023c1  SysTick_Handler               
000023c1  SysTick_Handler               
00002351  SysTick_delay_ms              
00002389  SysTick_delay_us              
2000000c  SystemCoreClock               
00001145  SystemCoreClockUpdate         
000013bd  SystemInit                    
00002cbb  T32_INT1_IRQHandler           
00002cbb  T32_INT2_IRQHandler           
00002cbb  T32_INTC_IRQHandler           
0000167b  TA0_0_IRQHandler              
0000167b  TA0_0_IRQHandler              
00002cbb  TA0_N_IRQHandler              
00002cbb  TA1_0_IRQHandler              
00002cbb  TA1_N_IRQHandler              
00002cbb  TA2_0_IRQHandler              
00002cbb  TA2_N_IRQHandler              
00002cbb  TA3_0_IRQHandler              
00002cbb  TA3_N_IRQHandler              
00002cbb  UsageFault_Handler            
4000480c  WDTCTL_SYM                    
00002cbb  WDT_A_IRQHandler              
20010000  __STACK_END                   
00000200  __STACK_SIZE                  
00002e00  __TI_CINIT_Base               
00002e10  __TI_CINIT_Limit              
00002de0  __TI_Handler_Table_Base       
00002dec  __TI_Handler_Table_Limit      
00002a7d  __TI_auto_init_nobinit_nopinit
0000281f  __TI_decompress_lzss          
00002ca1  __TI_decompress_none          
ffffffff  __TI_pprof_out_hndl           
000000e5  __TI_printfi                  
ffffffff  __TI_prof_data_size           
ffffffff  __TI_prof_data_start          
00000000  __TI_static_base__            
00002bfb  __TI_zero_init_nomemset       
000025bd  __aeabi_cdcmpeq               
000025bd  __aeabi_cdcmple               
00002643  __aeabi_cdrcmple              
000027b1  __aeabi_d2f                   
00002a35  __aeabi_d2iz                  
00001bb3  __aeabi_dadd                  
00001e9d  __aeabi_ddiv                  
00002209  __aeabi_dmul                  
00001ba9  __aeabi_dsub                  
00002cc9  __aeabi_errno_addr            
00002b3f  __aeabi_f2d                   
00002bad  __aeabi_i2d                   
00000b33  __aeabi_idiv0                 
00000b33  __aeabi_ldiv0                 
000026c9  __aeabi_memclr                
000026c9  __aeabi_memclr4               
000026c9  __aeabi_memclr8               
0000248b  __aeabi_memcpy                
0000248b  __aeabi_memcpy4               
0000248b  __aeabi_memcpy8               
000026cb  __aeabi_memset                
000026cb  __aeabi_memset4               
000026cb  __aeabi_memset8               
00002bdb  __aeabi_ui2d                  
00002527  __aeabi_uldivmod              
ffffffff  __binit__                     
ffffffff  __c_args__                    
UNDEFED   __mpu_init                    
2000fe00  __stack                       
00002b79  _c_int00_noargs               
00002cd8  _ctypes_                      
20000010  _flag                         
20000011  _offset                       
UNDEFED   _system_post_cinit            
00002cd1  _system_pre_init              
00002cd5  abort                         
0000168d  adcsetup                      
000029e9  atoi                          
ffffffff  binit                         
00002c33  copysign                      
00002c33  copysignl                     
20000008  errno                         
00002889  frexp                         
00002889  frexpl                        
20000000  i                             
00000000  interruptVectors              
0000112b  lcdClear                      
000010cd  lcdCreateCustomChar           
00000b35  lcdInit                       
00001039  lcdSetChar                    
000010a9  lcdSetInt                     
00000fad  lcdSetText                    
00000cbd  lcdTriggerEN                  
00000e49  lcdWriteCmd                   
00000ce1  lcdWriteData                  
000020f9  ldexp                         
000020f9  ldexpl                        
00002943  ltoa                          
000014a5  main                          
00002c17  memccpy                       
0000248b  memcpy                        
000026d1  memset                        
000020f9  scalbn                        
000020f9  scalbnl                       
00002ac1  sprintf                       
00002c65  strchr                        
00002c7b  strlen                        
00002c8f  wcslen                        
20000004  x                             


GLOBAL SYMBOLS: SORTED BY Symbol Address 

address   name                          
-------   ----                          
00000000  __TI_static_base__            
00000000  interruptVectors              
000000e5  __TI_printfi                  
00000200  __STACK_SIZE                  
00000b33  __aeabi_idiv0                 
00000b33  __aeabi_ldiv0                 
00000b35  lcdInit                       
00000cbd  lcdTriggerEN                  
00000ce1  lcdWriteData                  
00000e49  lcdWriteCmd                   
00000fad  lcdSetText                    
00001039  lcdSetChar                    
000010a9  lcdSetInt                     
000010cd  lcdCreateCustomChar           
0000112b  lcdClear                      
00001145  SystemCoreClockUpdate         
000013bd  SystemInit                    
000014a5  main                          
0000164b  PORT5_IRQHandler              
0000164b  PORT5_IRQHandler              
0000167b  TA0_0_IRQHandler              
0000167b  TA0_0_IRQHandler              
0000168d  adcsetup                      
00001ba9  __aeabi_dsub                  
00001bb3  __aeabi_dadd                  
00001e9d  __aeabi_ddiv                  
000020f9  ldexp                         
000020f9  ldexpl                        
000020f9  scalbn                        
000020f9  scalbnl                       
00002209  __aeabi_dmul                  
00002305  SysTickInit_NoInterrupts      
00002325  SysTickInit_WithInterrupts    
00002351  SysTick_delay_ms              
00002389  SysTick_delay_us              
000023c1  SysTick_Handler               
000023c1  SysTick_Handler               
0000248b  __aeabi_memcpy                
0000248b  __aeabi_memcpy4               
0000248b  __aeabi_memcpy8               
0000248b  memcpy                        
00002527  __aeabi_uldivmod              
000025bd  __aeabi_cdcmpeq               
000025bd  __aeabi_cdcmple               
00002643  __aeabi_cdrcmple              
000026c9  __aeabi_memclr                
000026c9  __aeabi_memclr4               
000026c9  __aeabi_memclr8               
000026cb  __aeabi_memset                
000026cb  __aeabi_memset4               
000026cb  __aeabi_memset8               
000026d1  memset                        
000027b1  __aeabi_d2f                   
0000281f  __TI_decompress_lzss          
00002889  frexp                         
00002889  frexpl                        
00002943  ltoa                          
000029e9  atoi                          
00002a35  __aeabi_d2iz                  
00002a7d  __TI_auto_init_nobinit_nopinit
00002ac1  sprintf                       
00002b3f  __aeabi_f2d                   
00002b79  _c_int00_noargs               
00002bad  __aeabi_i2d                   
00002bdb  __aeabi_ui2d                  
00002bfb  __TI_zero_init_nomemset       
00002c17  memccpy                       
00002c33  copysign                      
00002c33  copysignl                     
00002c65  strchr                        
00002c7b  strlen                        
00002c8f  wcslen                        
00002ca1  __TI_decompress_none          
00002caf  Reset_Handler                 
00002cbb  ADC14_IRQHandler              
00002cbb  AES256_IRQHandler             
00002cbb  BusFault_Handler              
00002cbb  COMP_E0_IRQHandler            
00002cbb  COMP_E1_IRQHandler            
00002cbb  CS_IRQHandler                 
00002cbb  DMA_ERR_IRQHandler            
00002cbb  DMA_INT0_IRQHandler           
00002cbb  DMA_INT1_IRQHandler           
00002cbb  DMA_INT2_IRQHandler           
00002cbb  DMA_INT3_IRQHandler           
00002cbb  DebugMon_Handler              
00002cbb  Default_Handler               
00002cbb  EUSCIA0_IRQHandler            
00002cbb  EUSCIA1_IRQHandler            
00002cbb  EUSCIA2_IRQHandler            
00002cbb  EUSCIA3_IRQHandler            
00002cbb  EUSCIB0_IRQHandler            
00002cbb  EUSCIB1_IRQHandler            
00002cbb  EUSCIB2_IRQHandler            
00002cbb  EUSCIB3_IRQHandler            
00002cbb  FLCTL_IRQHandler              
00002cbb  FPU_IRQHandler                
00002cbb  HardFault_Handler             
00002cbb  MemManage_Handler             
00002cbb  NMI_Handler                   
00002cbb  PCM_IRQHandler                
00002cbb  PORT1_IRQHandler              
00002cbb  PORT2_IRQHandler              
00002cbb  PORT3_IRQHandler              
00002cbb  PORT4_IRQHandler              
00002cbb  PORT6_IRQHandler              
00002cbb  PSS_IRQHandler                
00002cbb  PendSV_Handler                
00002cbb  RTC_C_IRQHandler              
00002cbb  SVC_Handler                   
00002cbb  T32_INT1_IRQHandler           
00002cbb  T32_INT2_IRQHandler           
00002cbb  T32_INTC_IRQHandler           
00002cbb  TA0_N_IRQHandler              
00002cbb  TA1_0_IRQHandler              
00002cbb  TA1_N_IRQHandler              
00002cbb  TA2_0_IRQHandler              
00002cbb  TA2_N_IRQHandler              
00002cbb  TA3_0_IRQHandler              
00002cbb  TA3_N_IRQHandler              
00002cbb  UsageFault_Handler            
00002cbb  WDT_A_IRQHandler              
00002cc9  __aeabi_errno_addr            
00002cd1  _system_pre_init              
00002cd5  C$$EXIT                       
00002cd5  abort                         
00002cd8  _ctypes_                      
00002de0  __TI_Handler_Table_Base       
00002dec  __TI_Handler_Table_Limit      
00002e00  __TI_CINIT_Base               
00002e10  __TI_CINIT_Limit              
20000000  i                             
20000004  x                             
20000008  errno                         
2000000c  SystemCoreClock               
20000010  _flag                         
20000011  _offset                       
2000fe00  __stack                       
20010000  __STACK_END                   
4000480c  WDTCTL_SYM                    
ffffffff  __TI_pprof_out_hndl           
ffffffff  __TI_prof_data_size           
ffffffff  __TI_prof_data_start          
ffffffff  __binit__                     
ffffffff  __c_args__                    
ffffffff  binit                         
UNDEFED   __mpu_init                    
UNDEFED   _system_post_cinit            

[148 symbols]
