******************************************************************************
                  TI ARM Linker Unix v18.12.4                  
******************************************************************************
>> Linked Mon Apr 12 19:43:06 2021

OUTPUT FILE NAME:   <Lab10part3.out>
ENTRY POINT SYMBOL: "_c_int00_noargs"  address: 00002ba9


MEMORY CONFIGURATION

         name            origin    length      used     unused   attr    fill
----------------------  --------  ---------  --------  --------  ----  --------
  MAIN                  00000000   00040000  00002e39  0003d1c7  R  X
  INFO                  00200000   00004000  00000000  00004000  R  X
  SRAM_CODE             01000000   00010000  00000212  0000fdee  RW X
  SRAM_DATA             20000000   00010000  00000212  0000fdee  RW  


SEGMENT ALLOCATION MAP

run origin  load origin   length   init length attrs members
----------  ----------- ---------- ----------- ----- -------
00000000    00000000    00002e40   00002e40    r-x
  00000000    00000000    000000e4   000000e4    r-- .intvecs
  000000e4    000000e4    00002c24   00002c24    r-x .text
  00002d08    00002d08    00000101   00000101    r-- .const
  00002e10    00002e10    00000030   00000030    r-- .cinit
20000000    20000000    00000012   00000000    rw-
  20000000    20000000    00000010   00000000    rw- .data
  20000010    20000010    00000002   00000000    rw- .bss
2000fe00    2000fe00    00000200   00000000    rw-
  2000fe00    2000fe00    00000200   00000000    rw- .stack


SECTION ALLOCATION MAP

 output                                  attributes/
section   page    origin      length       input sections
--------  ----  ----------  ----------   ----------------
.intvecs   0    00000000    000000e4     
                  00000000    000000e4     startup_msp432p401r_ccs.obj (.intvecs:retain)

.text      0    000000e4    00002c24     
                  000000e4    00000a4e     rtsv7M4_T_le_v4SPD16_eabi.lib : _printfi.c.obj (.text:__TI_printfi)
                  00000b32    00000002                                   : div0.asm.obj (.text)
                  00000b34    00000640     LCD_Library.obj (.text)
                  00001174    00000334     system_msp432p401r.obj (.text)
                  000014a8    000002f0     part3main.obj (.text)
                  00001798    00000270     rtsv7M4_T_le_v4SPD16_eabi.lib : _printfi.c.obj (.text:_pconv_a)
                  00001a08    000001d0                                   : _printfi.c.obj (.text:_pconv_g)
                  00001bd8    000001b6                                   : fd_add_t2.asm.obj (.text)
                  00001d8e    00000002     --HOLE-- [fill = 0]
                  00001d90    0000013c                                   : _printfi.c.obj (.text:_pconv_e)
                  00001ecc    00000136                                   : fd_div_t2.asm.obj (.text)
                  00002002    00000002     --HOLE-- [fill = 0]
                  00002004    00000124                                   : _printfi.c.obj (.text:fcvt)
                  00002128    00000110                                   : s_scalbn.c.obj (.text:scalbn)
                  00002238    000000fc                                   : fd_mul_t2.asm.obj (.text)
                  00002334    000000d4     SysTick_Library.obj (.text)
                  00002408    000000b1     rtsv7M4_T_le_v4SPD16_eabi.lib : _printfi.c.obj (.text:_ltostr)
                  000024b9    00000001     --HOLE-- [fill = 0]
                  000024ba    0000009c                                   : memcpy_t2.asm.obj (.text)
                  00002556    00000096                                   : ull_div_t2.asm.obj (.text)
                  000025ec    00000086                                   : fd_cmp_t2.asm.obj (.text:__aeabi_cdcmple)
                  00002672    00000086                                   : fd_cmp_t2.asm.obj (.text:__aeabi_cdrcmple)
                  000026f8    0000007a                                   : memset_t2.asm.obj (.text)
                  00002772    0000006e                                   : _printfi.c.obj (.text:_mcpy)
                  000027e0    0000006e                                   : fd_tos_t2.asm.obj (.text)
                  0000284e    00000068                                   : copy_decompress_lzss.c.obj (.text:decompress:lzss:__TI_decompress_lzss)
                  000028b6    00000002     --HOLE-- [fill = 0]
                  000028b8    00000064                                   : s_frexp.c.obj (.text:frexp)
                  0000291c    00000056                                   : _printfi.c.obj (.text:_pconv_f)
                  00002972    00000054                                   : ltoa.c.obj (.text:ltoa)
                  000029c6    00000052                                   : _printfi.c.obj (.text:_ecpy)
                  00002a18    0000004c                                   : atoi.c.obj (.text:atoi)
                  00002a64    00000048                                   : fd_toi_t2.asm.obj (.text)
                  00002aac    00000044                                   : autoinit.c.obj (.text:__TI_auto_init_nobinit_nopinit:__TI_auto_init_nobinit_nopinit)
                  00002af0    00000040                                   : sprintf.c.obj (.text:sprintf)
                  00002b30    0000003e                                   : _printfi.c.obj (.text:_fcpy)
                  00002b6e    00000038                                   : fs_tod_t2.asm.obj (.text)
                  00002ba6    00000002     --HOLE-- [fill = 0]
                  00002ba8    00000034                                   : boot_cortex_m.c.obj (.text:_c_int00_noargs:_c_int00_noargs)
                  00002bdc    0000002e                                   : i_tofd_t2.asm.obj (.text)
                  00002c0a    00000020                                   : u_tofd_t2.asm.obj (.text)
                  00002c2a    0000001c                                   : copy_zero_init.c.obj (.text:decompress:ZI:__TI_zero_init_nomemset:__TI_zero_init_nomemset)
                  00002c46    0000001c                                   : memccpy.c.obj (.text:memccpy)
                  00002c62    0000001a                                   : s_copysign.c.obj (.text:copysign)
                  00002c7c    00000018                                   : sprintf.c.obj (.text:_outs)
                  00002c94    00000016                                   : strchr.c.obj (.text:strchr)
                  00002caa    00000014                                   : strlen.c.obj (.text:strlen)
                  00002cbe    00000012                                   : wcslen.c.obj (.text:wcslen)
                  00002cd0    0000000e                                   : copy_decompress_none.c.obj (.text:decompress:none:__TI_decompress_none)
                  00002cde    0000000e     startup_msp432p401r_ccs.obj (.text)
                  00002cec    0000000a     rtsv7M4_T_le_v4SPD16_eabi.lib : sprintf.c.obj (.text:_outc)
                  00002cf6    00000002     --HOLE-- [fill = 0]
                  00002cf8    00000008                                   : errno.c.obj (.text:__aeabi_errno_addr)
                  00002d00    00000004                                   : pre_init.c.obj (.text:_system_pre_init)
                  00002d04    00000004                                   : exit.c.obj (.text:abort:abort)

.const     0    00002d08    00000101     
                  00002d08    00000101     rtsv7M4_T_le_v4SPD16_eabi.lib : ctype.c.obj (.const:.string:_ctypes_)

.cinit     0    00002e10    00000030     
                  00002e10    0000000c     (__TI_handler_table)
                  00002e1c    0000000b     (.cinit..data.load) [load image, compression = lzss]
                  00002e27    00000001     --HOLE-- [fill = 0]
                  00002e28    00000008     (.cinit..bss.load) [load image, compression = zero_init]
                  00002e30    00000010     (__TI_cinit_table)

.init_array 
*          0    00000000    00000000     UNINITIALIZED

.binit     0    00000000    00000000     

.data      0    20000000    00000010     UNINITIALIZED
                  20000000    00000008     part3main.obj (.data)
                  20000008    00000004     rtsv7M4_T_le_v4SPD16_eabi.lib : errno.c.obj (.data)
                  2000000c    00000004     system_msp432p401r.obj (.data)

.bss       0    20000010    00000002     UNINITIALIZED
                  20000010    00000001     (.common:_flag)
                  20000011    00000001     (.common:_offset)

.stack     0    2000fe00    00000200     UNINITIALIZED
                  2000fe00    00000004     rtsv7M4_T_le_v4SPD16_eabi.lib : boot_cortex_m.c.obj (.stack)
                  2000fe04    000001fc     --HOLE--

MODULE SUMMARY

       Module                        code    ro data   rw data
       ------                        ----    -------   -------
    ./
       LCD_Library.obj               1600    0         4      
       system_msp432p401r.obj        820     0         8      
       part3main.obj                 752     0         16     
       startup_msp432p401r_ccs.obj   14      228       0      
       SysTick_Library.obj           212     0         0      
    +--+-----------------------------+-------+---------+---------+
       Total:                        3398    228       28     
                                                              
    /Applications/ti/ccs930/ccs/tools/compiler/ti-cgt-arm_18.12.4.LTS/lib/rtsv7M4_T_le_v4SPD16_eabi.lib
       _printfi.c.obj                4851    0         0      
       fd_add_t2.asm.obj             438     0         0      
       fd_div_t2.asm.obj             310     0         0      
       s_scalbn.c.obj                272     0         0      
       fd_cmp_t2.asm.obj             268     0         0      
       ctype.c.obj                   0       257       0      
       fd_mul_t2.asm.obj             252     0         0      
       memcpy_t2.asm.obj             156     0         0      
       ull_div_t2.asm.obj            150     0         0      
       memset_t2.asm.obj             122     0         0      
       fd_tos_t2.asm.obj             110     0         0      
       copy_decompress_lzss.c.obj    104     0         0      
       s_frexp.c.obj                 100     0         0      
       sprintf.c.obj                 98      0         0      
       ltoa.c.obj                    84      0         0      
       atoi.c.obj                    76      0         0      
       fd_toi_t2.asm.obj             72      0         0      
       autoinit.c.obj                68      0         0      
       fs_tod_t2.asm.obj             56      0         0      
       boot_cortex_m.c.obj           52      0         0      
       i_tofd_t2.asm.obj             46      0         0      
       u_tofd_t2.asm.obj             32      0         0      
       copy_zero_init.c.obj          28      0         0      
       memccpy.c.obj                 28      0         0      
       s_copysign.c.obj              26      0         0      
       strchr.c.obj                  22      0         0      
       strlen.c.obj                  20      0         0      
       wcslen.c.obj                  18      0         0      
       errno.c.obj                   8       0         8      
       copy_decompress_none.c.obj    14      0         0      
       exit.c.obj                    4       0         0      
       pre_init.c.obj                4       0         0      
       div0.asm.obj                  2       0         0      
    +--+-----------------------------+-------+---------+---------+
       Total:                        7891    257       8      
                                                              
       Stack:                        0       0         1024   
       Linker Generated:             0       47        0      
    +--+-----------------------------+-------+---------+---------+
       Grand Total:                  11289   532       1060   


LINKER GENERATED COPY TABLES

__TI_cinit_table @ 00002e30 records: 2, size/record: 8, table size: 16
	.data: load addr=00002e1c, load size=0000000b bytes, run addr=20000000, run size=00000010 bytes, compression=lzss
	.bss: load addr=00002e28, load size=00000008 bytes, run addr=20000010, run size=00000002 bytes, compression=zero_init


LINKER GENERATED HANDLER TABLE

__TI_handler_table @ 00002e10 records: 3, size/record: 4, table size: 12
	index: 0, handler: __TI_decompress_lzss
	index: 1, handler: __TI_decompress_none
	index: 2, handler: __TI_zero_init


GLOBAL SYMBOLS: SORTED ALPHABETICALLY BY Name 

address   name                          
-------   ----                          
00002ceb  ADC14_IRQHandler              
00002ceb  AES256_IRQHandler             
00002ceb  BusFault_Handler              
00002d05  C$$EXIT                       
00002ceb  COMP_E0_IRQHandler            
00002ceb  COMP_E1_IRQHandler            
00002ceb  CS_IRQHandler                 
00002ceb  DMA_ERR_IRQHandler            
00002ceb  DMA_INT0_IRQHandler           
00002ceb  DMA_INT1_IRQHandler           
00002ceb  DMA_INT2_IRQHandler           
00002ceb  DMA_INT3_IRQHandler           
00002ceb  DebugMon_Handler              
00002ceb  Default_Handler               
00002ceb  EUSCIA0_IRQHandler            
00002ceb  EUSCIA1_IRQHandler            
00002ceb  EUSCIA2_IRQHandler            
00002ceb  EUSCIA3_IRQHandler            
00002ceb  EUSCIB0_IRQHandler            
00002ceb  EUSCIB1_IRQHandler            
00002ceb  EUSCIB2_IRQHandler            
00002ceb  EUSCIB3_IRQHandler            
00002ceb  FLCTL_IRQHandler              
00002ceb  FPU_IRQHandler                
00002ceb  HardFault_Handler             
00002ceb  MemManage_Handler             
00002ceb  NMI_Handler                   
00002ceb  PCM_IRQHandler                
00002ceb  PORT1_IRQHandler              
00002ceb  PORT2_IRQHandler              
00002ceb  PORT3_IRQHandler              
00002ceb  PORT4_IRQHandler              
0000167b  PORT5_IRQHandler              
0000167b  PORT5_IRQHandler              
00002ceb  PORT6_IRQHandler              
00002ceb  PSS_IRQHandler                
00002ceb  PendSV_Handler                
00002ceb  RTC_C_IRQHandler              
00002cdf  Reset_Handler                 
00002ceb  SVC_Handler                   
00002335  SysTickInit_NoInterrupts      
00002355  SysTickInit_WithInterrupts    
000023f1  SysTick_Handler               
000023f1  SysTick_Handler               
00002381  SysTick_delay_ms              
000023b9  SysTick_delay_us              
2000000c  SystemCoreClock               
00001175  SystemCoreClockUpdate         
000013ed  SystemInit                    
00002ceb  T32_INT1_IRQHandler           
00002ceb  T32_INT2_IRQHandler           
00002ceb  T32_INTC_IRQHandler           
000016ab  TA0_0_IRQHandler              
000016ab  TA0_0_IRQHandler              
00002ceb  TA0_N_IRQHandler              
00002ceb  TA1_0_IRQHandler              
00002ceb  TA1_N_IRQHandler              
00002ceb  TA2_0_IRQHandler              
00002ceb  TA2_N_IRQHandler              
00002ceb  TA3_0_IRQHandler              
00002ceb  TA3_N_IRQHandler              
00002ceb  UsageFault_Handler            
4000480c  WDTCTL_SYM                    
00002ceb  WDT_A_IRQHandler              
20010000  __STACK_END                   
00000200  __STACK_SIZE                  
00002e30  __TI_CINIT_Base               
00002e40  __TI_CINIT_Limit              
00002e10  __TI_Handler_Table_Base       
00002e1c  __TI_Handler_Table_Limit      
00002aad  __TI_auto_init_nobinit_nopinit
0000284f  __TI_decompress_lzss          
00002cd1  __TI_decompress_none          
ffffffff  __TI_pprof_out_hndl           
000000e5  __TI_printfi                  
ffffffff  __TI_prof_data_size           
ffffffff  __TI_prof_data_start          
00000000  __TI_static_base__            
00002c2b  __TI_zero_init_nomemset       
000025ed  __aeabi_cdcmpeq               
000025ed  __aeabi_cdcmple               
00002673  __aeabi_cdrcmple              
000027e1  __aeabi_d2f                   
00002a65  __aeabi_d2iz                  
00001be3  __aeabi_dadd                  
00001ecd  __aeabi_ddiv                  
00002239  __aeabi_dmul                  
00001bd9  __aeabi_dsub                  
00002cf9  __aeabi_errno_addr            
00002b6f  __aeabi_f2d                   
00002bdd  __aeabi_i2d                   
00000b33  __aeabi_idiv0                 
00000b33  __aeabi_ldiv0                 
000026f9  __aeabi_memclr                
000026f9  __aeabi_memclr4               
000026f9  __aeabi_memclr8               
000024bb  __aeabi_memcpy                
000024bb  __aeabi_memcpy4               
000024bb  __aeabi_memcpy8               
000026fb  __aeabi_memset                
000026fb  __aeabi_memset4               
000026fb  __aeabi_memset8               
00002c0b  __aeabi_ui2d                  
00002557  __aeabi_uldivmod              
ffffffff  __binit__                     
ffffffff  __c_args__                    
UNDEFED   __mpu_init                    
2000fe00  __stack                       
00002ba9  _c_int00_noargs               
00002d08  _ctypes_                      
20000010  _flag                         
20000011  _offset                       
UNDEFED   _system_post_cinit            
00002d01  _system_pre_init              
00002d05  abort                         
000016bd  adcsetup                      
00002a19  atoi                          
ffffffff  binit                         
00002c63  copysign                      
00002c63  copysignl                     
20000008  errno                         
000028b9  frexp                         
000028b9  frexpl                        
20000000  i                             
00000000  interruptVectors              
0000115b  lcdClear                      
000010fd  lcdCreateCustomChar           
00000b35  lcdInit                       
00001069  lcdSetChar                    
000010d9  lcdSetInt                     
00000fdd  lcdSetText                    
00000cbd  lcdTriggerEN                  
00000e6d  lcdWriteCmd                   
00000ce1  lcdWriteData                  
00002129  ldexp                         
00002129  ldexpl                        
00002973  ltoa                          
000014d5  main                          
00002c47  memccpy                       
000024bb  memcpy                        
00002701  memset                        
00002129  scalbn                        
00002129  scalbnl                       
00002af1  sprintf                       
00002c95  strchr                        
00002cab  strlen                        
00002cbf  wcslen                        
20000004  x                             


GLOBAL SYMBOLS: SORTED BY Symbol Address 

address   name                          
-------   ----                          
00000000  __TI_static_base__            
00000000  interruptVectors              
000000e5  __TI_printfi                  
00000200  __STACK_SIZE                  
00000b33  __aeabi_idiv0                 
00000b33  __aeabi_ldiv0                 
00000b35  lcdInit                       
00000cbd  lcdTriggerEN                  
00000ce1  lcdWriteData                  
00000e6d  lcdWriteCmd                   
00000fdd  lcdSetText                    
00001069  lcdSetChar                    
000010d9  lcdSetInt                     
000010fd  lcdCreateCustomChar           
0000115b  lcdClear                      
00001175  SystemCoreClockUpdate         
000013ed  SystemInit                    
000014d5  main                          
0000167b  PORT5_IRQHandler              
0000167b  PORT5_IRQHandler              
000016ab  TA0_0_IRQHandler              
000016ab  TA0_0_IRQHandler              
000016bd  adcsetup                      
00001bd9  __aeabi_dsub                  
00001be3  __aeabi_dadd                  
00001ecd  __aeabi_ddiv                  
00002129  ldexp                         
00002129  ldexpl                        
00002129  scalbn                        
00002129  scalbnl                       
00002239  __aeabi_dmul                  
00002335  SysTickInit_NoInterrupts      
00002355  SysTickInit_WithInterrupts    
00002381  SysTick_delay_ms              
000023b9  SysTick_delay_us              
000023f1  SysTick_Handler               
000023f1  SysTick_Handler               
000024bb  __aeabi_memcpy                
000024bb  __aeabi_memcpy4               
000024bb  __aeabi_memcpy8               
000024bb  memcpy                        
00002557  __aeabi_uldivmod              
000025ed  __aeabi_cdcmpeq               
000025ed  __aeabi_cdcmple               
00002673  __aeabi_cdrcmple              
000026f9  __aeabi_memclr                
000026f9  __aeabi_memclr4               
000026f9  __aeabi_memclr8               
000026fb  __aeabi_memset                
000026fb  __aeabi_memset4               
000026fb  __aeabi_memset8               
00002701  memset                        
000027e1  __aeabi_d2f                   
0000284f  __TI_decompress_lzss          
000028b9  frexp                         
000028b9  frexpl                        
00002973  ltoa                          
00002a19  atoi                          
00002a65  __aeabi_d2iz                  
00002aad  __TI_auto_init_nobinit_nopinit
00002af1  sprintf                       
00002b6f  __aeabi_f2d                   
00002ba9  _c_int00_noargs               
00002bdd  __aeabi_i2d                   
00002c0b  __aeabi_ui2d                  
00002c2b  __TI_zero_init_nomemset       
00002c47  memccpy                       
00002c63  copysign                      
00002c63  copysignl                     
00002c95  strchr                        
00002cab  strlen                        
00002cbf  wcslen                        
00002cd1  __TI_decompress_none          
00002cdf  Reset_Handler                 
00002ceb  ADC14_IRQHandler              
00002ceb  AES256_IRQHandler             
00002ceb  BusFault_Handler              
00002ceb  COMP_E0_IRQHandler            
00002ceb  COMP_E1_IRQHandler            
00002ceb  CS_IRQHandler                 
00002ceb  DMA_ERR_IRQHandler            
00002ceb  DMA_INT0_IRQHandler           
00002ceb  DMA_INT1_IRQHandler           
00002ceb  DMA_INT2_IRQHandler           
00002ceb  DMA_INT3_IRQHandler           
00002ceb  DebugMon_Handler              
00002ceb  Default_Handler               
00002ceb  EUSCIA0_IRQHandler            
00002ceb  EUSCIA1_IRQHandler            
00002ceb  EUSCIA2_IRQHandler            
00002ceb  EUSCIA3_IRQHandler            
00002ceb  EUSCIB0_IRQHandler            
00002ceb  EUSCIB1_IRQHandler            
00002ceb  EUSCIB2_IRQHandler            
00002ceb  EUSCIB3_IRQHandler            
00002ceb  FLCTL_IRQHandler              
00002ceb  FPU_IRQHandler                
00002ceb  HardFault_Handler             
00002ceb  MemManage_Handler             
00002ceb  NMI_Handler                   
00002ceb  PCM_IRQHandler                
00002ceb  PORT1_IRQHandler              
00002ceb  PORT2_IRQHandler              
00002ceb  PORT3_IRQHandler              
00002ceb  PORT4_IRQHandler              
00002ceb  PORT6_IRQHandler              
00002ceb  PSS_IRQHandler                
00002ceb  PendSV_Handler                
00002ceb  RTC_C_IRQHandler              
00002ceb  SVC_Handler                   
00002ceb  T32_INT1_IRQHandler           
00002ceb  T32_INT2_IRQHandler           
00002ceb  T32_INTC_IRQHandler           
00002ceb  TA0_N_IRQHandler              
00002ceb  TA1_0_IRQHandler              
00002ceb  TA1_N_IRQHandler              
00002ceb  TA2_0_IRQHandler              
00002ceb  TA2_N_IRQHandler              
00002ceb  TA3_0_IRQHandler              
00002ceb  TA3_N_IRQHandler              
00002ceb  UsageFault_Handler            
00002ceb  WDT_A_IRQHandler              
00002cf9  __aeabi_errno_addr            
00002d01  _system_pre_init              
00002d05  C$$EXIT                       
00002d05  abort                         
00002d08  _ctypes_                      
00002e10  __TI_Handler_Table_Base       
00002e1c  __TI_Handler_Table_Limit      
00002e30  __TI_CINIT_Base               
00002e40  __TI_CINIT_Limit              
20000000  i                             
20000004  x                             
20000008  errno                         
2000000c  SystemCoreClock               
20000010  _flag                         
20000011  _offset                       
2000fe00  __stack                       
20010000  __STACK_END                   
4000480c  WDTCTL_SYM                    
ffffffff  __TI_pprof_out_hndl           
ffffffff  __TI_prof_data_size           
ffffffff  __TI_prof_data_start          
ffffffff  __binit__                     
ffffffff  __c_args__                    
ffffffff  binit                         
UNDEFED   __mpu_init                    
UNDEFED   _system_post_cinit            

[148 symbols]
