******************************************************************************
                  TI ARM Linker Unix v18.12.4                  
******************************************************************************
>> Linked Tue Feb 16 20:10:28 2021

OUTPUT FILE NAME:   <Lab4.2.out>
ENTRY POINT SYMBOL: "_c_int00_noargs"  address: 00000801


MEMORY CONFIGURATION

         name            origin    length      used     unused   attr    fill
----------------------  --------  ---------  --------  --------  ----  --------
  MAIN                  00000000   00040000  000008ac  0003f754  R  X
  INFO                  00200000   00004000  00000000  00004000  R  X
  SRAM_CODE             01000000   00010000  0000020c  0000fdf4  RW X
  SRAM_DATA             20000000   00010000  0000020c  0000fdf4  RW  


SEGMENT ALLOCATION MAP

run origin  load origin   length   init length attrs members
----------  ----------- ---------- ----------- ----- -------
00000000    00000000    000008b0   000008b0    r-x
  00000000    00000000    000000e4   000000e4    r-- .intvecs
  000000e4    000000e4    00000790   00000790    r-x .text
  00000878    00000878    00000038   00000038    r-- .cinit
20000000    20000000    0000000c   00000000    rw-
  20000000    20000000    00000008   00000000    rw- .data
  20000008    20000008    00000004   00000000    rw- .bss
2000fe00    2000fe00    00000200   00000000    rw-
  2000fe00    2000fe00    00000200   00000000    rw- .stack


SECTION ALLOCATION MAP

 output                                  attributes/
section   page    origin      length       input sections
--------  ----  ----------  ----------   ----------------
.intvecs   0    00000000    000000e4     
                  00000000    000000e4     startup_msp432p401r_ccs.obj (.intvecs:retain)

.text      0    000000e4    00000790     
                  000000e4    00000334     system_msp432p401r.obj (.text)
                  00000418    000002a0     main.obj (.text)
                  000006b8    0000009c     rtsv7M4_T_le_v4SPD16_eabi.lib : memcpy_t2.asm.obj (.text)
                  00000754    00000068                                   : copy_decompress_lzss.c.obj (.text:decompress:lzss:__TI_decompress_lzss)
                  000007bc    00000044                                   : autoinit.c.obj (.text:__TI_auto_init_nobinit_nopinit:__TI_auto_init_nobinit_nopinit)
                  00000800    00000034                                   : boot_cortex_m.c.obj (.text:_c_int00_noargs:_c_int00_noargs)
                  00000834    0000001c                                   : copy_zero_init.c.obj (.text:decompress:ZI:__TI_zero_init_nomemset:__TI_zero_init_nomemset)
                  00000850    0000000e                                   : copy_decompress_none.c.obj (.text:decompress:none:__TI_decompress_none)
                  0000085e    0000000e     startup_msp432p401r_ccs.obj (.text)
                  0000086c    00000004     rtsv7M4_T_le_v4SPD16_eabi.lib : pre_init.c.obj (.text:_system_pre_init)
                  00000870    00000004                                   : exit.c.obj (.text:abort:abort)

.cinit     0    00000878    00000038     
                  00000878    0000000d     (.cinit..data.load) [load image, compression = lzss]
                  00000885    00000003     --HOLE-- [fill = 0]
                  00000888    0000000c     (__TI_handler_table)
                  00000894    00000004     --HOLE-- [fill = 0]
                  00000898    00000008     (.cinit..bss.load) [load image, compression = zero_init]
                  000008a0    00000010     (__TI_cinit_table)

.init_array 
*          0    00000000    00000000     UNINITIALIZED

.binit     0    00000000    00000000     

.data      0    20000000    00000008     UNINITIALIZED
                  20000000    00000004     main.obj (.data)
                  20000004    00000004     system_msp432p401r.obj (.data)

.bss       0    20000008    00000004     UNINITIALIZED
                  20000008    00000004     main.obj (.bss)

.stack     0    2000fe00    00000200     UNINITIALIZED
                  2000fe00    00000004     rtsv7M4_T_le_v4SPD16_eabi.lib : boot_cortex_m.c.obj (.stack)
                  2000fe04    000001fc     --HOLE--

MODULE SUMMARY

       Module                        code   ro data   rw data
       ------                        ----   -------   -------
    ./
       system_msp432p401r.obj        820    0         8      
       main.obj                      672    0         16     
       startup_msp432p401r_ccs.obj   14     228       0      
    +--+-----------------------------+------+---------+---------+
       Total:                        1506   228       24     
                                                             
    /Applications/ti/ccs930/ccs/tools/compiler/ti-cgt-arm_18.12.4.LTS/lib/rtsv7M4_T_le_v4SPD16_eabi.lib
       memcpy_t2.asm.obj             156    0         0      
       copy_decompress_lzss.c.obj    104    0         0      
       autoinit.c.obj                68     0         0      
       boot_cortex_m.c.obj           52     0         0      
       copy_zero_init.c.obj          28     0         0      
       copy_decompress_none.c.obj    14     0         0      
       exit.c.obj                    4      0         0      
       pre_init.c.obj                4      0         0      
    +--+-----------------------------+------+---------+---------+
       Total:                        430    0         0      
                                                             
       Stack:                        0      0         1024   
       Linker Generated:             0      49        0      
    +--+-----------------------------+------+---------+---------+
       Grand Total:                  1936   277       1048   


LINKER GENERATED COPY TABLES

__TI_cinit_table @ 000008a0 records: 2, size/record: 8, table size: 16
	.data: load addr=00000878, load size=0000000d bytes, run addr=20000000, run size=00000008 bytes, compression=lzss
	.bss: load addr=00000898, load size=00000008 bytes, run addr=20000008, run size=00000004 bytes, compression=zero_init


LINKER GENERATED HANDLER TABLE

__TI_handler_table @ 00000888 records: 3, size/record: 4, table size: 12
	index: 0, handler: __TI_decompress_lzss
	index: 1, handler: __TI_decompress_none
	index: 2, handler: __TI_zero_init


GLOBAL SYMBOLS: SORTED ALPHABETICALLY BY Name 

address   name                          
-------   ----                          
0000086b  ADC14_IRQHandler              
0000086b  AES256_IRQHandler             
0000086b  BusFault_Handler              
00000871  C$$EXIT                       
0000086b  COMP_E0_IRQHandler            
0000086b  COMP_E1_IRQHandler            
0000086b  CS_IRQHandler                 
0000086b  DMA_ERR_IRQHandler            
0000086b  DMA_INT0_IRQHandler           
0000086b  DMA_INT1_IRQHandler           
0000086b  DMA_INT2_IRQHandler           
0000086b  DMA_INT3_IRQHandler           
0000086b  DebugMon_Handler              
0000086b  Default_Handler               
0000086b  EUSCIA0_IRQHandler            
0000086b  EUSCIA1_IRQHandler            
0000086b  EUSCIA2_IRQHandler            
0000086b  EUSCIA3_IRQHandler            
0000086b  EUSCIB0_IRQHandler            
0000086b  EUSCIB1_IRQHandler            
0000086b  EUSCIB2_IRQHandler            
0000086b  EUSCIB3_IRQHandler            
0000086b  FLCTL_IRQHandler              
0000086b  FPU_IRQHandler                
0000086b  HardFault_Handler             
0000047f  LED                           
0000086b  MemManage_Handler             
0000086b  NMI_Handler                   
0000086b  PCM_IRQHandler                
0000086b  PORT1_IRQHandler              
0000086b  PORT2_IRQHandler              
0000086b  PORT3_IRQHandler              
0000086b  PORT4_IRQHandler              
0000086b  PORT5_IRQHandler              
0000086b  PORT6_IRQHandler              
0000086b  PSS_IRQHandler                
0000086b  PendSV_Handler                
0000086b  RTC_C_IRQHandler              
0000085f  Reset_Handler                 
0000086b  SVC_Handler                   
0000086b  SysTick_Handler               
20000004  SystemCoreClock               
000000e5  SystemCoreClockUpdate         
0000035d  SystemInit                    
0000086b  T32_INT1_IRQHandler           
0000086b  T32_INT2_IRQHandler           
0000086b  T32_INTC_IRQHandler           
0000086b  TA0_0_IRQHandler              
0000086b  TA0_N_IRQHandler              
0000086b  TA1_0_IRQHandler              
0000086b  TA1_N_IRQHandler              
0000086b  TA2_0_IRQHandler              
0000086b  TA2_N_IRQHandler              
0000086b  TA3_0_IRQHandler              
0000086b  TA3_N_IRQHandler              
0000086b  UsageFault_Handler            
4000480c  WDTCTL_SYM                    
0000086b  WDT_A_IRQHandler              
20010000  __STACK_END                   
00000200  __STACK_SIZE                  
000008a0  __TI_CINIT_Base               
000008b0  __TI_CINIT_Limit              
00000888  __TI_Handler_Table_Base       
00000894  __TI_Handler_Table_Limit      
000007bd  __TI_auto_init_nobinit_nopinit
00000755  __TI_decompress_lzss          
00000851  __TI_decompress_none          
ffffffff  __TI_pprof_out_hndl           
ffffffff  __TI_prof_data_size           
ffffffff  __TI_prof_data_start          
00000000  __TI_static_base__            
00000835  __TI_zero_init_nomemset       
000006b9  __aeabi_memcpy                
000006b9  __aeabi_memcpy4               
000006b9  __aeabi_memcpy8               
ffffffff  __binit__                     
ffffffff  __c_args__                    
UNDEFED   __mpu_init                    
2000fe00  __stack                       
00000801  _c_int00_noargs               
UNDEFED   _system_post_cinit            
0000086d  _system_pre_init              
00000871  abort                         
ffffffff  binit                         
00000605  debounce                      
0000063f  delay                         
20000000  init_mask                     
00000000  interruptVectors              
00000419  main                          
000006b9  memcpy                        


GLOBAL SYMBOLS: SORTED BY Symbol Address 

address   name                          
-------   ----                          
00000000  __TI_static_base__            
00000000  interruptVectors              
000000e5  SystemCoreClockUpdate         
00000200  __STACK_SIZE                  
0000035d  SystemInit                    
00000419  main                          
0000047f  LED                           
00000605  debounce                      
0000063f  delay                         
000006b9  __aeabi_memcpy                
000006b9  __aeabi_memcpy4               
000006b9  __aeabi_memcpy8               
000006b9  memcpy                        
00000755  __TI_decompress_lzss          
000007bd  __TI_auto_init_nobinit_nopinit
00000801  _c_int00_noargs               
00000835  __TI_zero_init_nomemset       
00000851  __TI_decompress_none          
0000085f  Reset_Handler                 
0000086b  ADC14_IRQHandler              
0000086b  AES256_IRQHandler             
0000086b  BusFault_Handler              
0000086b  COMP_E0_IRQHandler            
0000086b  COMP_E1_IRQHandler            
0000086b  CS_IRQHandler                 
0000086b  DMA_ERR_IRQHandler            
0000086b  DMA_INT0_IRQHandler           
0000086b  DMA_INT1_IRQHandler           
0000086b  DMA_INT2_IRQHandler           
0000086b  DMA_INT3_IRQHandler           
0000086b  DebugMon_Handler              
0000086b  Default_Handler               
0000086b  EUSCIA0_IRQHandler            
0000086b  EUSCIA1_IRQHandler            
0000086b  EUSCIA2_IRQHandler            
0000086b  EUSCIA3_IRQHandler            
0000086b  EUSCIB0_IRQHandler            
0000086b  EUSCIB1_IRQHandler            
0000086b  EUSCIB2_IRQHandler            
0000086b  EUSCIB3_IRQHandler            
0000086b  FLCTL_IRQHandler              
0000086b  FPU_IRQHandler                
0000086b  HardFault_Handler             
0000086b  MemManage_Handler             
0000086b  NMI_Handler                   
0000086b  PCM_IRQHandler                
0000086b  PORT1_IRQHandler              
0000086b  PORT2_IRQHandler              
0000086b  PORT3_IRQHandler              
0000086b  PORT4_IRQHandler              
0000086b  PORT5_IRQHandler              
0000086b  PORT6_IRQHandler              
0000086b  PSS_IRQHandler                
0000086b  PendSV_Handler                
0000086b  RTC_C_IRQHandler              
0000086b  SVC_Handler                   
0000086b  SysTick_Handler               
0000086b  T32_INT1_IRQHandler           
0000086b  T32_INT2_IRQHandler           
0000086b  T32_INTC_IRQHandler           
0000086b  TA0_0_IRQHandler              
0000086b  TA0_N_IRQHandler              
0000086b  TA1_0_IRQHandler              
0000086b  TA1_N_IRQHandler              
0000086b  TA2_0_IRQHandler              
0000086b  TA2_N_IRQHandler              
0000086b  TA3_0_IRQHandler              
0000086b  TA3_N_IRQHandler              
0000086b  UsageFault_Handler            
0000086b  WDT_A_IRQHandler              
0000086d  _system_pre_init              
00000871  C$$EXIT                       
00000871  abort                         
00000888  __TI_Handler_Table_Base       
00000894  __TI_Handler_Table_Limit      
000008a0  __TI_CINIT_Base               
000008b0  __TI_CINIT_Limit              
20000000  init_mask                     
20000004  SystemCoreClock               
2000fe00  __stack                       
20010000  __STACK_END                   
4000480c  WDTCTL_SYM                    
ffffffff  __TI_pprof_out_hndl           
ffffffff  __TI_prof_data_size           
ffffffff  __TI_prof_data_start          
ffffffff  __binit__                     
ffffffff  __c_args__                    
ffffffff  binit                         
UNDEFED   __mpu_init                    
UNDEFED   _system_post_cinit            

[90 symbols]
