******************************************************************************
                  TI ARM Linker Unix v18.12.4                  
******************************************************************************
>> Linked Wed Apr  7 14:54:03 2021

OUTPUT FILE NAME:   <Lab8part3.out>
ENTRY POINT SYMBOL: "_c_int00_noargs"  address: 00000a95


MEMORY CONFIGURATION

         name            origin    length      used     unused   attr    fill
----------------------  --------  ---------  --------  --------  ----  --------
  MAIN                  00000000   00040000  00000b58  0003f4a8  R  X
  INFO                  00200000   00004000  00000000  00004000  R  X
  SRAM_CODE             01000000   00010000  00000206  0000fdfa  RW X
  SRAM_DATA             20000000   00010000  00000206  0000fdfa  RW  


SEGMENT ALLOCATION MAP

run origin  load origin   length   init length attrs members
----------  ----------- ---------- ----------- ----- -------
00000000    00000000    00000b58   00000b58    r-x
  00000000    00000000    000000e4   000000e4    r-- .intvecs
  000000e4    000000e4    00000a44   00000a44    r-x .text
  00000b28    00000b28    00000030   00000030    r-- .cinit
20000000    20000000    00000006   00000000    rw-
  20000000    20000000    00000004   00000000    rw- .data
  20000004    20000004    00000002   00000000    rw- .bss
2000fe00    2000fe00    00000200   00000000    rw-
  2000fe00    2000fe00    00000200   00000000    rw- .stack


SECTION ALLOCATION MAP

 output                                  attributes/
section   page    origin      length       input sections
--------  ----  ----------  ----------   ----------------
.intvecs   0    00000000    000000e4     
                  00000000    000000e4     startup_msp432p401r_ccs.obj (.intvecs:retain)

.text      0    000000e4    00000a44     
                  000000e4    00000334     system_msp432p401r.obj (.text)
                  00000418    000002b8     part3main.obj (.text)
                  000006d0    00000136     rtsv7M4_T_le_v4SPD16_eabi.lib : fd_div_t2.asm.obj (.text)
                  00000806    000000fc                                   : fd_mul_t2.asm.obj (.text)
                  00000902    0000009c                                   : memcpy_t2.asm.obj (.text)
                  0000099e    00000068                                   : copy_decompress_lzss.c.obj (.text:decompress:lzss:__TI_decompress_lzss)
                  00000a06    00000048                                   : fd_toi_t2.asm.obj (.text)
                  00000a4e    00000002     --HOLE-- [fill = 0]
                  00000a50    00000044                                   : autoinit.c.obj (.text:__TI_auto_init_nobinit_nopinit:__TI_auto_init_nobinit_nopinit)
                  00000a94    00000034                                   : boot_cortex_m.c.obj (.text:_c_int00_noargs:_c_int00_noargs)
                  00000ac8    00000020                                   : u_tofd_t2.asm.obj (.text)
                  00000ae8    0000001c                                   : copy_zero_init.c.obj (.text:decompress:ZI:__TI_zero_init_nomemset:__TI_zero_init_nomemset)
                  00000b04    0000000e                                   : copy_decompress_none.c.obj (.text:decompress:none:__TI_decompress_none)
                  00000b12    0000000e     startup_msp432p401r_ccs.obj (.text)
                  00000b20    00000004     rtsv7M4_T_le_v4SPD16_eabi.lib : pre_init.c.obj (.text:_system_pre_init)
                  00000b24    00000004                                   : exit.c.obj (.text:abort:abort)

.cinit     0    00000b28    00000030     
                  00000b28    0000000c     (__TI_handler_table)
                  00000b34    00000004     --HOLE-- [fill = 0]
                  00000b38    00000008     (.cinit..bss.load) [load image, compression = zero_init]
                  00000b40    00000008     (.cinit..data.load) [load image, compression = lzss]
                  00000b48    00000010     (__TI_cinit_table)

.init_array 
*          0    00000000    00000000     UNINITIALIZED

.binit     0    00000000    00000000     

.data      0    20000000    00000004     UNINITIALIZED
                  20000000    00000004     system_msp432p401r.obj (.data)

.bss       0    20000004    00000002     UNINITIALIZED
                  20000004    00000001     (.common:num)
                  20000005    00000001     (.common:pressed)

.stack     0    2000fe00    00000200     UNINITIALIZED
                  2000fe00    00000004     rtsv7M4_T_le_v4SPD16_eabi.lib : boot_cortex_m.c.obj (.stack)
                  2000fe04    000001fc     --HOLE--

MODULE SUMMARY

       Module                        code   ro data   rw data
       ------                        ----   -------   -------
    ./
       system_msp432p401r.obj        820    0         8      
       part3main.obj                 696    0         4      
       startup_msp432p401r_ccs.obj   14     228       0      
    +--+-----------------------------+------+---------+---------+
       Total:                        1530   228       12     
                                                             
    /Applications/ti/ccs930/ccs/tools/compiler/ti-cgt-arm_18.12.4.LTS/lib/rtsv7M4_T_le_v4SPD16_eabi.lib
       fd_div_t2.asm.obj             310    0         0      
       fd_mul_t2.asm.obj             252    0         0      
       memcpy_t2.asm.obj             156    0         0      
       copy_decompress_lzss.c.obj    104    0         0      
       fd_toi_t2.asm.obj             72     0         0      
       autoinit.c.obj                68     0         0      
       boot_cortex_m.c.obj           52     0         0      
       u_tofd_t2.asm.obj             32     0         0      
       copy_zero_init.c.obj          28     0         0      
       copy_decompress_none.c.obj    14     0         0      
       exit.c.obj                    4      0         0      
       pre_init.c.obj                4      0         0      
    +--+-----------------------------+------+---------+---------+
       Total:                        1096   0         0      
                                                             
       Stack:                        0      0         1024   
       Linker Generated:             0      44        0      
    +--+-----------------------------+------+---------+---------+
       Grand Total:                  2626   272       1036   


LINKER GENERATED COPY TABLES

__TI_cinit_table @ 00000b48 records: 2, size/record: 8, table size: 16
	.bss: load addr=00000b38, load size=00000008 bytes, run addr=20000004, run size=00000002 bytes, compression=zero_init
	.data: load addr=00000b40, load size=00000008 bytes, run addr=20000000, run size=00000004 bytes, compression=lzss


LINKER GENERATED HANDLER TABLE

__TI_handler_table @ 00000b28 records: 3, size/record: 4, table size: 12
	index: 0, handler: __TI_decompress_lzss
	index: 1, handler: __TI_decompress_none
	index: 2, handler: __TI_zero_init


GLOBAL SYMBOLS: SORTED ALPHABETICALLY BY Name 

address   name                          
-------   ----                          
00000b1f  ADC14_IRQHandler              
00000b1f  AES256_IRQHandler             
00000b1f  BusFault_Handler              
00000b25  C$$EXIT                       
00000b1f  COMP_E0_IRQHandler            
00000b1f  COMP_E1_IRQHandler            
00000b1f  CS_IRQHandler                 
00000b1f  DMA_ERR_IRQHandler            
00000b1f  DMA_INT0_IRQHandler           
00000b1f  DMA_INT1_IRQHandler           
00000b1f  DMA_INT2_IRQHandler           
00000b1f  DMA_INT3_IRQHandler           
00000b1f  DebugMon_Handler              
00000b1f  Default_Handler               
00000b1f  EUSCIA0_IRQHandler            
00000b1f  EUSCIA1_IRQHandler            
00000b1f  EUSCIA2_IRQHandler            
00000b1f  EUSCIA3_IRQHandler            
00000b1f  EUSCIB0_IRQHandler            
00000b1f  EUSCIB1_IRQHandler            
00000b1f  EUSCIB2_IRQHandler            
00000b1f  EUSCIB3_IRQHandler            
00000b1f  FLCTL_IRQHandler              
00000b1f  FPU_IRQHandler                
00000b1f  HardFault_Handler             
0000050d  Keypad_Read                   
00000b1f  MemManage_Handler             
00000b1f  NMI_Handler                   
00000b1f  PCM_IRQHandler                
00000b1f  PORT1_IRQHandler              
00000b1f  PORT2_IRQHandler              
00000b1f  PORT3_IRQHandler              
00000b1f  PORT4_IRQHandler              
00000b1f  PORT5_IRQHandler              
00000b1f  PORT6_IRQHandler              
00000b1f  PSS_IRQHandler                
00000b1f  PendSV_Handler                
00000b1f  RTC_C_IRQHandler              
00000b13  Reset_Handler                 
00000b1f  SVC_Handler                   
0000063d  SysTick_Delay                 
00000b1f  SysTick_Handler               
00000621  SysTick_init                  
20000000  SystemCoreClock               
000000e5  SystemCoreClockUpdate         
0000035d  SystemInit                    
00000b1f  T32_INT1_IRQHandler           
00000b1f  T32_INT2_IRQHandler           
00000b1f  T32_INTC_IRQHandler           
00000b1f  TA0_0_IRQHandler              
00000b1f  TA0_N_IRQHandler              
00000b1f  TA1_0_IRQHandler              
00000b1f  TA1_N_IRQHandler              
00000b1f  TA2_0_IRQHandler              
00000b1f  TA2_N_IRQHandler              
00000b1f  TA3_0_IRQHandler              
00000b1f  TA3_N_IRQHandler              
00000b1f  UsageFault_Handler            
4000480c  WDTCTL_SYM                    
00000b1f  WDT_A_IRQHandler              
20010000  __STACK_END                   
00000200  __STACK_SIZE                  
00000b48  __TI_CINIT_Base               
00000b58  __TI_CINIT_Limit              
00000b28  __TI_Handler_Table_Base       
00000b34  __TI_Handler_Table_Limit      
00000a51  __TI_auto_init_nobinit_nopinit
0000099f  __TI_decompress_lzss          
00000b05  __TI_decompress_none          
ffffffff  __TI_pprof_out_hndl           
ffffffff  __TI_prof_data_size           
ffffffff  __TI_prof_data_start          
00000000  __TI_static_base__            
00000ae9  __TI_zero_init_nomemset       
00000a07  __aeabi_d2iz                  
000006d1  __aeabi_ddiv                  
00000807  __aeabi_dmul                  
00000903  __aeabi_memcpy                
00000903  __aeabi_memcpy4               
00000903  __aeabi_memcpy8               
00000ac9  __aeabi_ui2d                  
ffffffff  __binit__                     
ffffffff  __c_args__                    
UNDEFED   __mpu_init                    
2000fe00  __stack                       
00000a95  _c_int00_noargs               
UNDEFED   _system_post_cinit            
00000b21  _system_pre_init              
00000b25  abort                         
ffffffff  binit                         
00000000  interruptVectors              
00000419  main                          
00000903  memcpy                        
20000004  num                           
20000005  pressed                       


GLOBAL SYMBOLS: SORTED BY Symbol Address 

address   name                          
-------   ----                          
00000000  __TI_static_base__            
00000000  interruptVectors              
000000e5  SystemCoreClockUpdate         
00000200  __STACK_SIZE                  
0000035d  SystemInit                    
00000419  main                          
0000050d  Keypad_Read                   
00000621  SysTick_init                  
0000063d  SysTick_Delay                 
000006d1  __aeabi_ddiv                  
00000807  __aeabi_dmul                  
00000903  __aeabi_memcpy                
00000903  __aeabi_memcpy4               
00000903  __aeabi_memcpy8               
00000903  memcpy                        
0000099f  __TI_decompress_lzss          
00000a07  __aeabi_d2iz                  
00000a51  __TI_auto_init_nobinit_nopinit
00000a95  _c_int00_noargs               
00000ac9  __aeabi_ui2d                  
00000ae9  __TI_zero_init_nomemset       
00000b05  __TI_decompress_none          
00000b13  Reset_Handler                 
00000b1f  ADC14_IRQHandler              
00000b1f  AES256_IRQHandler             
00000b1f  BusFault_Handler              
00000b1f  COMP_E0_IRQHandler            
00000b1f  COMP_E1_IRQHandler            
00000b1f  CS_IRQHandler                 
00000b1f  DMA_ERR_IRQHandler            
00000b1f  DMA_INT0_IRQHandler           
00000b1f  DMA_INT1_IRQHandler           
00000b1f  DMA_INT2_IRQHandler           
00000b1f  DMA_INT3_IRQHandler           
00000b1f  DebugMon_Handler              
00000b1f  Default_Handler               
00000b1f  EUSCIA0_IRQHandler            
00000b1f  EUSCIA1_IRQHandler            
00000b1f  EUSCIA2_IRQHandler            
00000b1f  EUSCIA3_IRQHandler            
00000b1f  EUSCIB0_IRQHandler            
00000b1f  EUSCIB1_IRQHandler            
00000b1f  EUSCIB2_IRQHandler            
00000b1f  EUSCIB3_IRQHandler            
00000b1f  FLCTL_IRQHandler              
00000b1f  FPU_IRQHandler                
00000b1f  HardFault_Handler             
00000b1f  MemManage_Handler             
00000b1f  NMI_Handler                   
00000b1f  PCM_IRQHandler                
00000b1f  PORT1_IRQHandler              
00000b1f  PORT2_IRQHandler              
00000b1f  PORT3_IRQHandler              
00000b1f  PORT4_IRQHandler              
00000b1f  PORT5_IRQHandler              
00000b1f  PORT6_IRQHandler              
00000b1f  PSS_IRQHandler                
00000b1f  PendSV_Handler                
00000b1f  RTC_C_IRQHandler              
00000b1f  SVC_Handler                   
00000b1f  SysTick_Handler               
00000b1f  T32_INT1_IRQHandler           
00000b1f  T32_INT2_IRQHandler           
00000b1f  T32_INTC_IRQHandler           
00000b1f  TA0_0_IRQHandler              
00000b1f  TA0_N_IRQHandler              
00000b1f  TA1_0_IRQHandler              
00000b1f  TA1_N_IRQHandler              
00000b1f  TA2_0_IRQHandler              
00000b1f  TA2_N_IRQHandler              
00000b1f  TA3_0_IRQHandler              
00000b1f  TA3_N_IRQHandler              
00000b1f  UsageFault_Handler            
00000b1f  WDT_A_IRQHandler              
00000b21  _system_pre_init              
00000b25  C$$EXIT                       
00000b25  abort                         
00000b28  __TI_Handler_Table_Base       
00000b34  __TI_Handler_Table_Limit      
00000b48  __TI_CINIT_Base               
00000b58  __TI_CINIT_Limit              
20000000  SystemCoreClock               
20000004  num                           
20000005  pressed                       
2000fe00  __stack                       
20010000  __STACK_END                   
4000480c  WDTCTL_SYM                    
ffffffff  __TI_pprof_out_hndl           
ffffffff  __TI_prof_data_size           
ffffffff  __TI_prof_data_start          
ffffffff  __binit__                     
ffffffff  __c_args__                    
ffffffff  binit                         
UNDEFED   __mpu_init                    
UNDEFED   _system_post_cinit            

[95 symbols]
