******************************************************************************
                  TI ARM Linker Unix v18.12.4                  
******************************************************************************
>> Linked Wed Mar 24 13:28:13 2021

OUTPUT FILE NAME:   <Lab9part1.out>
ENTRY POINT SYMBOL: "_c_int00_noargs"  address: 00000a59


MEMORY CONFIGURATION

         name            origin    length      used     unused   attr    fill
----------------------  --------  ---------  --------  --------  ----  --------
  MAIN                  00000000   00040000  00000acc  0003f534  R  X
  INFO                  00200000   00004000  00000000  00004000  R  X
  SRAM_CODE             01000000   00010000  0000020c  0000fdf4  RW X
  SRAM_DATA             20000000   00010000  0000020c  0000fdf4  RW  


SEGMENT ALLOCATION MAP

run origin  load origin   length   init length attrs members
----------  ----------- ---------- ----------- ----- -------
00000000    00000000    00000acc   00000acc    r-x
  00000000    00000000    000000e4   000000e4    r-- .intvecs
  000000e4    000000e4    000009cc   000009cc    r-x .text
  00000ab0    00000ab0    0000001c   0000001c    r-- .cinit
20000000    20000000    0000000c   00000000    rw-
  20000000    20000000    0000000c   00000000    rw- .data
2000fe00    2000fe00    00000200   00000000    rw-
  2000fe00    2000fe00    00000200   00000000    rw- .stack


SECTION ALLOCATION MAP

 output                                  attributes/
section   page    origin      length       input sections
--------  ----  ----------  ----------   ----------------
.intvecs   0    00000000    000000e4     
                  00000000    000000e4     startup_msp432p401r_ccs.obj (.intvecs:retain)

.text      0    000000e4    000009cc     
                  000000e4    00000334     system_msp432p401r.obj (.text)
                  00000418    0000029c     part1main.obj (.text)
                  000006b4    000001b6     rtsv7M4_T_le_v4SPD16_eabi.lib : fd_add_t2.asm.obj (.text)
                  0000086a    0000009c                                   : memcpy_t2.asm.obj (.text)
                  00000906    0000006e                                   : fd_tos_t2.asm.obj (.text)
                  00000974    00000068                                   : copy_decompress_lzss.c.obj (.text:decompress:lzss:__TI_decompress_lzss)
                  000009dc    00000044                                   : autoinit.c.obj (.text:__TI_auto_init_nobinit_nopinit:__TI_auto_init_nobinit_nopinit)
                  00000a20    00000038                                   : fs_tod_t2.asm.obj (.text)
                  00000a58    00000034                                   : boot_cortex_m.c.obj (.text:_c_int00_noargs:_c_int00_noargs)
                  00000a8c    0000000e                                   : copy_decompress_none.c.obj (.text:decompress:none:__TI_decompress_none)
                  00000a9a    0000000e     startup_msp432p401r_ccs.obj (.text)
                  00000aa8    00000004     rtsv7M4_T_le_v4SPD16_eabi.lib : pre_init.c.obj (.text:_system_pre_init)
                  00000aac    00000004                                   : exit.c.obj (.text:abort:abort)

.cinit     0    00000ab0    0000001c     
                  00000ab0    0000000b     (.cinit..data.load) [load image, compression = lzss]
                  00000abb    00000001     --HOLE-- [fill = 0]
                  00000abc    00000008     (__TI_handler_table)
                  00000ac4    00000008     (__TI_cinit_table)

.init_array 
*          0    00000000    00000000     UNINITIALIZED

.binit     0    00000000    00000000     

.data      0    20000000    0000000c     UNINITIALIZED
                  20000000    00000006     part1main.obj (.data)
                  20000006    00000002     --HOLE--
                  20000008    00000004     system_msp432p401r.obj (.data)

.stack     0    2000fe00    00000200     UNINITIALIZED
                  2000fe00    00000004     rtsv7M4_T_le_v4SPD16_eabi.lib : boot_cortex_m.c.obj (.stack)
                  2000fe04    000001fc     --HOLE--

MODULE SUMMARY

       Module                        code   ro data   rw data
       ------                        ----   -------   -------
    ./
       system_msp432p401r.obj        820    0         8      
       part1main.obj                 668    0         12     
       startup_msp432p401r_ccs.obj   14     228       0      
    +--+-----------------------------+------+---------+---------+
       Total:                        1502   228       20     
                                                             
    /Applications/ti/ccs930/ccs/tools/compiler/ti-cgt-arm_18.12.4.LTS/lib/rtsv7M4_T_le_v4SPD16_eabi.lib
       fd_add_t2.asm.obj             438    0         0      
       memcpy_t2.asm.obj             156    0         0      
       fd_tos_t2.asm.obj             110    0         0      
       copy_decompress_lzss.c.obj    104    0         0      
       autoinit.c.obj                68     0         0      
       fs_tod_t2.asm.obj             56     0         0      
       boot_cortex_m.c.obj           52     0         0      
       copy_decompress_none.c.obj    14     0         0      
       exit.c.obj                    4      0         0      
       pre_init.c.obj                4      0         0      
    +--+-----------------------------+------+---------+---------+
       Total:                        1006   0         0      
                                                             
       Stack:                        0      0         1024   
       Linker Generated:             0      27        0      
    +--+-----------------------------+------+---------+---------+
       Grand Total:                  2508   255       1044   


LINKER GENERATED COPY TABLES

__TI_cinit_table @ 00000ac4 records: 1, size/record: 8, table size: 8
	.data: load addr=00000ab0, load size=0000000b bytes, run addr=20000000, run size=0000000c bytes, compression=lzss


LINKER GENERATED HANDLER TABLE

__TI_handler_table @ 00000abc records: 2, size/record: 4, table size: 8
	index: 0, handler: __TI_decompress_lzss
	index: 1, handler: __TI_decompress_none


GLOBAL SYMBOLS: SORTED ALPHABETICALLY BY Name 

address   name                          
-------   ----                          
00000aa7  ADC14_IRQHandler              
00000aa7  AES256_IRQHandler             
00000aa7  BusFault_Handler              
00000aad  C$$EXIT                       
00000aa7  COMP_E0_IRQHandler            
00000aa7  COMP_E1_IRQHandler            
00000aa7  CS_IRQHandler                 
00000aa7  DMA_ERR_IRQHandler            
00000aa7  DMA_INT0_IRQHandler           
00000aa7  DMA_INT1_IRQHandler           
00000aa7  DMA_INT2_IRQHandler           
00000aa7  DMA_INT3_IRQHandler           
00000aa7  DebugMon_Handler              
00000aa7  Default_Handler               
00000aa7  EUSCIA0_IRQHandler            
00000aa7  EUSCIA1_IRQHandler            
00000aa7  EUSCIA2_IRQHandler            
00000aa7  EUSCIA3_IRQHandler            
00000aa7  EUSCIB0_IRQHandler            
00000aa7  EUSCIB1_IRQHandler            
00000aa7  EUSCIB2_IRQHandler            
00000aa7  EUSCIB3_IRQHandler            
00000aa7  FLCTL_IRQHandler              
00000aa7  FPU_IRQHandler                
00000aa7  HardFault_Handler             
00000aa7  MemManage_Handler             
00000aa7  NMI_Handler                   
00000aa7  PCM_IRQHandler                
00000aa7  PORT1_IRQHandler              
00000aa7  PORT2_IRQHandler              
00000aa7  PORT3_IRQHandler              
00000aa7  PORT4_IRQHandler              
00000aa7  PORT5_IRQHandler              
00000aa7  PORT6_IRQHandler              
00000aa7  PSS_IRQHandler                
00000aa7  PendSV_Handler                
00000aa7  RTC_C_IRQHandler              
00000a9b  Reset_Handler                 
00000aa7  SVC_Handler                   
000005b1  SysTick_Delay                 
00000aa7  SysTick_Handler               
00000595  SysTick_init                  
20000008  SystemCoreClock               
000000e5  SystemCoreClockUpdate         
0000035d  SystemInit                    
00000aa7  T32_INT1_IRQHandler           
00000aa7  T32_INT2_IRQHandler           
00000aa7  T32_INTC_IRQHandler           
00000aa7  TA0_0_IRQHandler              
00000aa7  TA0_N_IRQHandler              
00000aa7  TA1_0_IRQHandler              
00000aa7  TA1_N_IRQHandler              
00000aa7  TA2_0_IRQHandler              
00000aa7  TA2_N_IRQHandler              
00000aa7  TA3_0_IRQHandler              
00000aa7  TA3_N_IRQHandler              
00000aa7  UsageFault_Handler            
4000480c  WDTCTL_SYM                    
00000aa7  WDT_A_IRQHandler              
20010000  __STACK_END                   
00000200  __STACK_SIZE                  
00000ac4  __TI_CINIT_Base               
00000acc  __TI_CINIT_Limit              
00000abc  __TI_Handler_Table_Base       
00000ac4  __TI_Handler_Table_Limit      
000009dd  __TI_auto_init_nobinit_nopinit
00000975  __TI_decompress_lzss          
00000a8d  __TI_decompress_none          
ffffffff  __TI_pprof_out_hndl           
ffffffff  __TI_prof_data_size           
ffffffff  __TI_prof_data_start          
00000000  __TI_static_base__            
00000907  __aeabi_d2f                   
000006bf  __aeabi_dadd                  
000006b5  __aeabi_dsub                  
00000a21  __aeabi_f2d                   
0000086b  __aeabi_memcpy                
0000086b  __aeabi_memcpy4               
0000086b  __aeabi_memcpy8               
ffffffff  __binit__                     
ffffffff  __c_args__                    
UNDEFED   __mpu_init                    
2000fe00  __stack                       
00000a59  _c_int00_noargs               
UNDEFED   _system_post_cinit            
00000aa9  _system_pre_init              
00000aad  abort                         
ffffffff  binit                         
000005db  buttonDebounce                
00000000  interruptVectors              
00000419  main                          
0000086b  memcpy                        


GLOBAL SYMBOLS: SORTED BY Symbol Address 

address   name                          
-------   ----                          
00000000  __TI_static_base__            
00000000  interruptVectors              
000000e5  SystemCoreClockUpdate         
00000200  __STACK_SIZE                  
0000035d  SystemInit                    
00000419  main                          
00000595  SysTick_init                  
000005b1  SysTick_Delay                 
000005db  buttonDebounce                
000006b5  __aeabi_dsub                  
000006bf  __aeabi_dadd                  
0000086b  __aeabi_memcpy                
0000086b  __aeabi_memcpy4               
0000086b  __aeabi_memcpy8               
0000086b  memcpy                        
00000907  __aeabi_d2f                   
00000975  __TI_decompress_lzss          
000009dd  __TI_auto_init_nobinit_nopinit
00000a21  __aeabi_f2d                   
00000a59  _c_int00_noargs               
00000a8d  __TI_decompress_none          
00000a9b  Reset_Handler                 
00000aa7  ADC14_IRQHandler              
00000aa7  AES256_IRQHandler             
00000aa7  BusFault_Handler              
00000aa7  COMP_E0_IRQHandler            
00000aa7  COMP_E1_IRQHandler            
00000aa7  CS_IRQHandler                 
00000aa7  DMA_ERR_IRQHandler            
00000aa7  DMA_INT0_IRQHandler           
00000aa7  DMA_INT1_IRQHandler           
00000aa7  DMA_INT2_IRQHandler           
00000aa7  DMA_INT3_IRQHandler           
00000aa7  DebugMon_Handler              
00000aa7  Default_Handler               
00000aa7  EUSCIA0_IRQHandler            
00000aa7  EUSCIA1_IRQHandler            
00000aa7  EUSCIA2_IRQHandler            
00000aa7  EUSCIA3_IRQHandler            
00000aa7  EUSCIB0_IRQHandler            
00000aa7  EUSCIB1_IRQHandler            
00000aa7  EUSCIB2_IRQHandler            
00000aa7  EUSCIB3_IRQHandler            
00000aa7  FLCTL_IRQHandler              
00000aa7  FPU_IRQHandler                
00000aa7  HardFault_Handler             
00000aa7  MemManage_Handler             
00000aa7  NMI_Handler                   
00000aa7  PCM_IRQHandler                
00000aa7  PORT1_IRQHandler              
00000aa7  PORT2_IRQHandler              
00000aa7  PORT3_IRQHandler              
00000aa7  PORT4_IRQHandler              
00000aa7  PORT5_IRQHandler              
00000aa7  PORT6_IRQHandler              
00000aa7  PSS_IRQHandler                
00000aa7  PendSV_Handler                
00000aa7  RTC_C_IRQHandler              
00000aa7  SVC_Handler                   
00000aa7  SysTick_Handler               
00000aa7  T32_INT1_IRQHandler           
00000aa7  T32_INT2_IRQHandler           
00000aa7  T32_INTC_IRQHandler           
00000aa7  TA0_0_IRQHandler              
00000aa7  TA0_N_IRQHandler              
00000aa7  TA1_0_IRQHandler              
00000aa7  TA1_N_IRQHandler              
00000aa7  TA2_0_IRQHandler              
00000aa7  TA2_N_IRQHandler              
00000aa7  TA3_0_IRQHandler              
00000aa7  TA3_N_IRQHandler              
00000aa7  UsageFault_Handler            
00000aa7  WDT_A_IRQHandler              
00000aa9  _system_pre_init              
00000aad  C$$EXIT                       
00000aad  abort                         
00000abc  __TI_Handler_Table_Base       
00000ac4  __TI_CINIT_Base               
00000ac4  __TI_Handler_Table_Limit      
00000acc  __TI_CINIT_Limit              
20000008  SystemCoreClock               
2000fe00  __stack                       
20010000  __STACK_END                   
4000480c  WDTCTL_SYM                    
ffffffff  __TI_pprof_out_hndl           
ffffffff  __TI_prof_data_size           
ffffffff  __TI_prof_data_start          
ffffffff  __binit__                     
ffffffff  __c_args__                    
ffffffff  binit                         
UNDEFED   __mpu_init                    
UNDEFED   _system_post_cinit            

[92 symbols]
