******************************************************************************
                  TI ARM Linker Unix v18.12.4                  
******************************************************************************
>> Linked Mon Feb 22 21:07:35 2021

OUTPUT FILE NAME:   <Lab5part3.out>
ENTRY POINT SYMBOL: "_c_int00_noargs"  address: 000009b9


MEMORY CONFIGURATION

         name            origin    length      used     unused   attr    fill
----------------------  --------  ---------  --------  --------  ----  --------
  MAIN                  00000000   00040000  00000a2c  0003f5d4  R  X
  INFO                  00200000   00004000  00000000  00004000  R  X
  SRAM_CODE             01000000   00010000  00000208  0000fdf8  RW X
  SRAM_DATA             20000000   00010000  00000208  0000fdf8  RW  


SEGMENT ALLOCATION MAP

run origin  load origin   length   init length attrs members
----------  ----------- ---------- ----------- ----- -------
00000000    00000000    00000a2c   00000a2c    r-x
  00000000    00000000    000000e4   000000e4    r-- .intvecs
  000000e4    000000e4    0000092c   0000092c    r-x .text
  00000a10    00000a10    0000001c   0000001c    r-- .cinit
20000000    20000000    00000008   00000000    rw-
  20000000    20000000    00000008   00000000    rw- .data
2000fe00    2000fe00    00000200   00000000    rw-
  2000fe00    2000fe00    00000200   00000000    rw- .stack


SECTION ALLOCATION MAP

 output                                  attributes/
section   page    origin      length       input sections
--------  ----  ----------  ----------   ----------------
.intvecs   0    00000000    000000e4     
                  00000000    000000e4     startup_msp432p401r_ccs.obj (.intvecs:retain)

.text      0    000000e4    0000092c     
                  000000e4    00000458     main.obj (.text)
                  0000053c    00000334     system_msp432p401r.obj (.text)
                  00000870    0000009c     rtsv7M4_T_le_v4SPD16_eabi.lib : memcpy_t2.asm.obj (.text)
                  0000090c    00000068                                   : copy_decompress_lzss.c.obj (.text:decompress:lzss:__TI_decompress_lzss)
                  00000974    00000044                                   : autoinit.c.obj (.text:__TI_auto_init_nobinit_nopinit:__TI_auto_init_nobinit_nopinit)
                  000009b8    00000034                                   : boot_cortex_m.c.obj (.text:_c_int00_noargs:_c_int00_noargs)
                  000009ec    0000000e                                   : copy_decompress_none.c.obj (.text:decompress:none:__TI_decompress_none)
                  000009fa    0000000e     startup_msp432p401r_ccs.obj (.text)
                  00000a08    00000004     rtsv7M4_T_le_v4SPD16_eabi.lib : pre_init.c.obj (.text:_system_pre_init)
                  00000a0c    00000004                                   : exit.c.obj (.text:abort:abort)

.cinit     0    00000a10    0000001c     
                  00000a10    0000000b     (.cinit..data.load) [load image, compression = lzss]
                  00000a1b    00000001     --HOLE-- [fill = 0]
                  00000a1c    00000008     (__TI_handler_table)
                  00000a24    00000008     (__TI_cinit_table)

.init_array 
*          0    00000000    00000000     UNINITIALIZED

.binit     0    00000000    00000000     

.data      0    20000000    00000008     UNINITIALIZED
                  20000000    00000004     main.obj (.data)
                  20000004    00000004     system_msp432p401r.obj (.data)

.stack     0    2000fe00    00000200     UNINITIALIZED
                  2000fe00    00000004     rtsv7M4_T_le_v4SPD16_eabi.lib : boot_cortex_m.c.obj (.stack)
                  2000fe04    000001fc     --HOLE--

MODULE SUMMARY

       Module                        code   ro data   rw data
       ------                        ----   -------   -------
    ./
       main.obj                      1112   0         8      
       system_msp432p401r.obj        820    0         8      
       startup_msp432p401r_ccs.obj   14     228       0      
    +--+-----------------------------+------+---------+---------+
       Total:                        1946   228       16     
                                                             
    /Applications/ti/ccs930/ccs/tools/compiler/ti-cgt-arm_18.12.4.LTS/lib/rtsv7M4_T_le_v4SPD16_eabi.lib
       memcpy_t2.asm.obj             156    0         0      
       copy_decompress_lzss.c.obj    104    0         0      
       autoinit.c.obj                68     0         0      
       boot_cortex_m.c.obj           52     0         0      
       copy_decompress_none.c.obj    14     0         0      
       exit.c.obj                    4      0         0      
       pre_init.c.obj                4      0         0      
    +--+-----------------------------+------+---------+---------+
       Total:                        402    0         0      
                                                             
       Stack:                        0      0         1024   
       Linker Generated:             0      27        0      
    +--+-----------------------------+------+---------+---------+
       Grand Total:                  2348   255       1040   


LINKER GENERATED COPY TABLES

__TI_cinit_table @ 00000a24 records: 1, size/record: 8, table size: 8
	.data: load addr=00000a10, load size=0000000b bytes, run addr=20000000, run size=00000008 bytes, compression=lzss


LINKER GENERATED HANDLER TABLE

__TI_handler_table @ 00000a1c records: 2, size/record: 4, table size: 8
	index: 0, handler: __TI_decompress_lzss
	index: 1, handler: __TI_decompress_none


GLOBAL SYMBOLS: SORTED ALPHABETICALLY BY Name 

address   name                          
-------   ----                          
00000a07  ADC14_IRQHandler              
00000a07  AES256_IRQHandler             
00000a07  BusFault_Handler              
00000a0d  C$$EXIT                       
00000a07  COMP_E0_IRQHandler            
00000a07  COMP_E1_IRQHandler            
00000a07  CS_IRQHandler                 
00000a07  DMA_ERR_IRQHandler            
00000a07  DMA_INT0_IRQHandler           
00000a07  DMA_INT1_IRQHandler           
00000a07  DMA_INT2_IRQHandler           
00000a07  DMA_INT3_IRQHandler           
00000a07  DebugMon_Handler              
00000a07  Default_Handler               
00000a07  EUSCIA0_IRQHandler            
00000a07  EUSCIA1_IRQHandler            
00000a07  EUSCIA2_IRQHandler            
00000a07  EUSCIA3_IRQHandler            
00000a07  EUSCIB0_IRQHandler            
00000a07  EUSCIB1_IRQHandler            
00000a07  EUSCIB2_IRQHandler            
00000a07  EUSCIB3_IRQHandler            
00000a07  FLCTL_IRQHandler              
00000a07  FPU_IRQHandler                
00000a07  HardFault_Handler             
00000a07  MemManage_Handler             
00000a07  NMI_Handler                   
00000a07  PCM_IRQHandler                
00000a07  PORT1_IRQHandler              
00000a07  PORT2_IRQHandler              
00000a07  PORT3_IRQHandler              
00000a07  PORT4_IRQHandler              
00000a07  PORT5_IRQHandler              
00000a07  PORT6_IRQHandler              
00000a07  PSS_IRQHandler                
00000a07  PendSV_Handler                
00000a07  RTC_C_IRQHandler              
000009fb  Reset_Handler                 
00000a07  SVC_Handler                   
00000a07  SysTick_Handler               
000004dd  SysTickdel                    
20000004  SystemCoreClock               
0000053d  SystemCoreClockUpdate         
000007b5  SystemInit                    
00000a07  T32_INT1_IRQHandler           
00000a07  T32_INT2_IRQHandler           
00000a07  T32_INTC_IRQHandler           
00000a07  TA0_0_IRQHandler              
00000a07  TA0_N_IRQHandler              
00000a07  TA1_0_IRQHandler              
00000a07  TA1_N_IRQHandler              
00000a07  TA2_0_IRQHandler              
00000a07  TA2_N_IRQHandler              
00000a07  TA3_0_IRQHandler              
00000a07  TA3_N_IRQHandler              
00000a07  UsageFault_Handler            
4000480c  WDTCTL_SYM                    
00000a07  WDT_A_IRQHandler              
20010000  __STACK_END                   
00000200  __STACK_SIZE                  
00000a24  __TI_CINIT_Base               
00000a2c  __TI_CINIT_Limit              
00000a1c  __TI_Handler_Table_Base       
00000a24  __TI_Handler_Table_Limit      
00000975  __TI_auto_init_nobinit_nopinit
0000090d  __TI_decompress_lzss          
000009ed  __TI_decompress_none          
ffffffff  __TI_pprof_out_hndl           
ffffffff  __TI_prof_data_size           
ffffffff  __TI_prof_data_start          
00000000  __TI_static_base__            
00000871  __aeabi_memcpy                
00000871  __aeabi_memcpy4               
00000871  __aeabi_memcpy8               
ffffffff  __binit__                     
ffffffff  __c_args__                    
UNDEFED   __mpu_init                    
2000fe00  __stack                       
000009b9  _c_int00_noargs               
UNDEFED   _system_post_cinit            
00000a09  _system_pre_init              
00000a0d  abort                         
ffffffff  binit                         
00000455  debounce                      
00000000  interruptVectors              
000000e5  main                          
00000871  memcpy                        


GLOBAL SYMBOLS: SORTED BY Symbol Address 

address   name                          
-------   ----                          
00000000  __TI_static_base__            
00000000  interruptVectors              
000000e5  main                          
00000200  __STACK_SIZE                  
00000455  debounce                      
000004dd  SysTickdel                    
0000053d  SystemCoreClockUpdate         
000007b5  SystemInit                    
00000871  __aeabi_memcpy                
00000871  __aeabi_memcpy4               
00000871  __aeabi_memcpy8               
00000871  memcpy                        
0000090d  __TI_decompress_lzss          
00000975  __TI_auto_init_nobinit_nopinit
000009b9  _c_int00_noargs               
000009ed  __TI_decompress_none          
000009fb  Reset_Handler                 
00000a07  ADC14_IRQHandler              
00000a07  AES256_IRQHandler             
00000a07  BusFault_Handler              
00000a07  COMP_E0_IRQHandler            
00000a07  COMP_E1_IRQHandler            
00000a07  CS_IRQHandler                 
00000a07  DMA_ERR_IRQHandler            
00000a07  DMA_INT0_IRQHandler           
00000a07  DMA_INT1_IRQHandler           
00000a07  DMA_INT2_IRQHandler           
00000a07  DMA_INT3_IRQHandler           
00000a07  DebugMon_Handler              
00000a07  Default_Handler               
00000a07  EUSCIA0_IRQHandler            
00000a07  EUSCIA1_IRQHandler            
00000a07  EUSCIA2_IRQHandler            
00000a07  EUSCIA3_IRQHandler            
00000a07  EUSCIB0_IRQHandler            
00000a07  EUSCIB1_IRQHandler            
00000a07  EUSCIB2_IRQHandler            
00000a07  EUSCIB3_IRQHandler            
00000a07  FLCTL_IRQHandler              
00000a07  FPU_IRQHandler                
00000a07  HardFault_Handler             
00000a07  MemManage_Handler             
00000a07  NMI_Handler                   
00000a07  PCM_IRQHandler                
00000a07  PORT1_IRQHandler              
00000a07  PORT2_IRQHandler              
00000a07  PORT3_IRQHandler              
00000a07  PORT4_IRQHandler              
00000a07  PORT5_IRQHandler              
00000a07  PORT6_IRQHandler              
00000a07  PSS_IRQHandler                
00000a07  PendSV_Handler                
00000a07  RTC_C_IRQHandler              
00000a07  SVC_Handler                   
00000a07  SysTick_Handler               
00000a07  T32_INT1_IRQHandler           
00000a07  T32_INT2_IRQHandler           
00000a07  T32_INTC_IRQHandler           
00000a07  TA0_0_IRQHandler              
00000a07  TA0_N_IRQHandler              
00000a07  TA1_0_IRQHandler              
00000a07  TA1_N_IRQHandler              
00000a07  TA2_0_IRQHandler              
00000a07  TA2_N_IRQHandler              
00000a07  TA3_0_IRQHandler              
00000a07  TA3_N_IRQHandler              
00000a07  UsageFault_Handler            
00000a07  WDT_A_IRQHandler              
00000a09  _system_pre_init              
00000a0d  C$$EXIT                       
00000a0d  abort                         
00000a1c  __TI_Handler_Table_Base       
00000a24  __TI_CINIT_Base               
00000a24  __TI_Handler_Table_Limit      
00000a2c  __TI_CINIT_Limit              
20000004  SystemCoreClock               
2000fe00  __stack                       
20010000  __STACK_END                   
4000480c  WDTCTL_SYM                    
ffffffff  __TI_pprof_out_hndl           
ffffffff  __TI_prof_data_size           
ffffffff  __TI_prof_data_start          
ffffffff  __binit__                     
ffffffff  __c_args__                    
ffffffff  binit                         
UNDEFED   __mpu_init                    
UNDEFED   _system_post_cinit            

[87 symbols]
