******************************************************************************
                  TI ARM Linker Unix v18.12.4                  
******************************************************************************
>> Linked Tue Mar 23 17:55:12 2021

OUTPUT FILE NAME:   <Lab7part3.out>
ENTRY POINT SYMBOL: "_c_int00_noargs"  address: 000008e1


MEMORY CONFIGURATION

         name            origin    length      used     unused   attr    fill
----------------------  --------  ---------  --------  --------  ----  --------
  MAIN                  00000000   00040000  00000976  0003f68a  R  X
  INFO                  00200000   00004000  00000000  00004000  R  X
  SRAM_CODE             01000000   00010000  00000204  0000fdfc  RW X
  SRAM_DATA             20000000   00010000  00000204  0000fdfc  RW  


SEGMENT ALLOCATION MAP

run origin  load origin   length   init length attrs members
----------  ----------- ---------- ----------- ----- -------
00000000    00000000    00000978   00000978    r-x
  00000000    00000000    000000e4   000000e4    r-- .intvecs
  000000e4    000000e4    00000868   00000868    r-x .text
  0000094c    0000094c    00000012   00000012    r-- .const
  00000960    00000960    00000018   00000018    r-- .cinit
20000000    20000000    00000004   00000000    rw-
  20000000    20000000    00000004   00000000    rw- .data
2000fe00    2000fe00    00000200   00000000    rw-
  2000fe00    2000fe00    00000200   00000000    rw- .stack


SECTION ALLOCATION MAP

 output                                  attributes/
section   page    origin      length       input sections
--------  ----  ----------  ----------   ----------------
.intvecs   0    00000000    000000e4     
                  00000000    000000e4     startup_msp432p401r_ccs.obj (.intvecs:retain)

.text      0    000000e4    00000868     
                  000000e4    00000380     part3main.obj (.text)
                  00000464    00000334     system_msp432p401r.obj (.text)
                  00000798    0000009c     rtsv7M4_T_le_v4SPD16_eabi.lib : memcpy_t2.asm.obj (.text)
                  00000834    00000068                                   : copy_decompress_lzss.c.obj (.text:decompress:lzss:__TI_decompress_lzss)
                  0000089c    00000044                                   : autoinit.c.obj (.text:__TI_auto_init_nobinit_nopinit:__TI_auto_init_nobinit_nopinit)
                  000008e0    00000034                                   : boot_cortex_m.c.obj (.text:_c_int00_noargs:_c_int00_noargs)
                  00000914    00000014                                   : strlen.c.obj (.text:strlen)
                  00000928    0000000e                                   : copy_decompress_none.c.obj (.text:decompress:none:__TI_decompress_none)
                  00000936    0000000e     startup_msp432p401r_ccs.obj (.text)
                  00000944    00000004     rtsv7M4_T_le_v4SPD16_eabi.lib : pre_init.c.obj (.text:_system_pre_init)
                  00000948    00000004                                   : exit.c.obj (.text:abort:abort)

.const     0    0000094c    00000012     
                  0000094c    00000012     part3main.obj (.const:.string:$P$T0$1)

.cinit     0    00000960    00000018     
                  00000960    00000008     (.cinit..data.load) [load image, compression = lzss]
                  00000968    00000008     (__TI_handler_table)
                  00000970    00000008     (__TI_cinit_table)

.init_array 
*          0    00000000    00000000     UNINITIALIZED

.binit     0    00000000    00000000     

.data      0    20000000    00000004     UNINITIALIZED
                  20000000    00000004     system_msp432p401r.obj (.data)

.stack     0    2000fe00    00000200     UNINITIALIZED
                  2000fe00    00000004     rtsv7M4_T_le_v4SPD16_eabi.lib : boot_cortex_m.c.obj (.stack)
                  2000fe04    000001fc     --HOLE--

MODULE SUMMARY

       Module                        code   ro data   rw data
       ------                        ----   -------   -------
    ./
       part3main.obj                 896    18        0      
       system_msp432p401r.obj        820    0         8      
       startup_msp432p401r_ccs.obj   14     228       0      
    +--+-----------------------------+------+---------+---------+
       Total:                        1730   246       8      
                                                             
    /Applications/ti/ccs930/ccs/tools/compiler/ti-cgt-arm_18.12.4.LTS/lib/rtsv7M4_T_le_v4SPD16_eabi.lib
       memcpy_t2.asm.obj             156    0         0      
       copy_decompress_lzss.c.obj    104    0         0      
       autoinit.c.obj                68     0         0      
       boot_cortex_m.c.obj           52     0         0      
       strlen.c.obj                  20     0         0      
       copy_decompress_none.c.obj    14     0         0      
       exit.c.obj                    4      0         0      
       pre_init.c.obj                4      0         0      
    +--+-----------------------------+------+---------+---------+
       Total:                        422    0         0      
                                                             
       Stack:                        0      0         1024   
       Linker Generated:             0      24        0      
    +--+-----------------------------+------+---------+---------+
       Grand Total:                  2152   270       1032   


LINKER GENERATED COPY TABLES

__TI_cinit_table @ 00000970 records: 1, size/record: 8, table size: 8
	.data: load addr=00000960, load size=00000008 bytes, run addr=20000000, run size=00000004 bytes, compression=lzss


LINKER GENERATED HANDLER TABLE

__TI_handler_table @ 00000968 records: 2, size/record: 4, table size: 8
	index: 0, handler: __TI_decompress_lzss
	index: 1, handler: __TI_decompress_none


GLOBAL SYMBOLS: SORTED ALPHABETICALLY BY Name 

address   name                          
-------   ----                          
00000943  ADC14_IRQHandler              
00000943  AES256_IRQHandler             
00000943  BusFault_Handler              
00000949  C$$EXIT                       
00000943  COMP_E0_IRQHandler            
00000943  COMP_E1_IRQHandler            
00000943  CS_IRQHandler                 
00000943  DMA_ERR_IRQHandler            
00000943  DMA_INT0_IRQHandler           
00000943  DMA_INT1_IRQHandler           
00000943  DMA_INT2_IRQHandler           
00000943  DMA_INT3_IRQHandler           
00000943  DebugMon_Handler              
00000943  Default_Handler               
00000943  EUSCIA0_IRQHandler            
00000943  EUSCIA1_IRQHandler            
00000943  EUSCIA2_IRQHandler            
00000943  EUSCIA3_IRQHandler            
00000943  EUSCIB0_IRQHandler            
00000943  EUSCIB1_IRQHandler            
00000943  EUSCIB2_IRQHandler            
00000943  EUSCIB3_IRQHandler            
00000943  FLCTL_IRQHandler              
00000943  FPU_IRQHandler                
00000943  HardFault_Handler             
000001b3  LCD_init                      
00000943  MemManage_Handler             
00000943  NMI_Handler                   
00000943  PCM_IRQHandler                
00000943  PORT1_IRQHandler              
00000943  PORT2_IRQHandler              
00000943  PORT3_IRQHandler              
00000943  PORT4_IRQHandler              
00000943  PORT5_IRQHandler              
00000943  PORT6_IRQHandler              
00000943  PSS_IRQHandler                
00000943  PendSV_Handler                
00000943  RTC_C_IRQHandler              
00000937  Reset_Handler                 
00000943  SVC_Handler                   
00000239  SysTick_Delay                 
00000943  SysTick_Handler               
0000021d  SysTick_init                  
20000000  SystemCoreClock               
00000465  SystemCoreClockUpdate         
000006dd  SystemInit                    
00000943  T32_INT1_IRQHandler           
00000943  T32_INT2_IRQHandler           
00000943  T32_INTC_IRQHandler           
00000943  TA0_0_IRQHandler              
00000943  TA0_N_IRQHandler              
00000943  TA1_0_IRQHandler              
00000943  TA1_N_IRQHandler              
00000943  TA2_0_IRQHandler              
00000943  TA2_N_IRQHandler              
00000943  TA3_0_IRQHandler              
00000943  TA3_N_IRQHandler              
00000943  UsageFault_Handler            
4000480c  WDTCTL_SYM                    
00000943  WDT_A_IRQHandler              
20010000  __STACK_END                   
00000200  __STACK_SIZE                  
00000970  __TI_CINIT_Base               
00000978  __TI_CINIT_Limit              
00000968  __TI_Handler_Table_Base       
00000970  __TI_Handler_Table_Limit      
0000089d  __TI_auto_init_nobinit_nopinit
00000835  __TI_decompress_lzss          
00000929  __TI_decompress_none          
ffffffff  __TI_pprof_out_hndl           
ffffffff  __TI_prof_data_size           
ffffffff  __TI_prof_data_start          
00000000  __TI_static_base__            
00000799  __aeabi_memcpy                
00000799  __aeabi_memcpy4               
00000799  __aeabi_memcpy8               
ffffffff  __binit__                     
ffffffff  __c_args__                    
UNDEFED   __mpu_init                    
2000fe00  __stack                       
000008e1  _c_int00_noargs               
UNDEFED   _system_post_cinit            
00000945  _system_pre_init              
00000949  abort                         
ffffffff  binit                         
0000031b  commandWrite                  
00000335  dataWrite                     
00000263  delay_micro                   
00000000  interruptVectors              
000000e5  main                          
00000799  memcpy                        
0000034f  pininit                       
00000287  pulseEnable                   
000002e3  pushByte                      
000002bb  pushNibble                    
00000915  strlen                        


GLOBAL SYMBOLS: SORTED BY Symbol Address 

address   name                          
-------   ----                          
00000000  __TI_static_base__            
00000000  interruptVectors              
000000e5  main                          
000001b3  LCD_init                      
00000200  __STACK_SIZE                  
0000021d  SysTick_init                  
00000239  SysTick_Delay                 
00000263  delay_micro                   
00000287  pulseEnable                   
000002bb  pushNibble                    
000002e3  pushByte                      
0000031b  commandWrite                  
00000335  dataWrite                     
0000034f  pininit                       
00000465  SystemCoreClockUpdate         
000006dd  SystemInit                    
00000799  __aeabi_memcpy                
00000799  __aeabi_memcpy4               
00000799  __aeabi_memcpy8               
00000799  memcpy                        
00000835  __TI_decompress_lzss          
0000089d  __TI_auto_init_nobinit_nopinit
000008e1  _c_int00_noargs               
00000915  strlen                        
00000929  __TI_decompress_none          
00000937  Reset_Handler                 
00000943  ADC14_IRQHandler              
00000943  AES256_IRQHandler             
00000943  BusFault_Handler              
00000943  COMP_E0_IRQHandler            
00000943  COMP_E1_IRQHandler            
00000943  CS_IRQHandler                 
00000943  DMA_ERR_IRQHandler            
00000943  DMA_INT0_IRQHandler           
00000943  DMA_INT1_IRQHandler           
00000943  DMA_INT2_IRQHandler           
00000943  DMA_INT3_IRQHandler           
00000943  DebugMon_Handler              
00000943  Default_Handler               
00000943  EUSCIA0_IRQHandler            
00000943  EUSCIA1_IRQHandler            
00000943  EUSCIA2_IRQHandler            
00000943  EUSCIA3_IRQHandler            
00000943  EUSCIB0_IRQHandler            
00000943  EUSCIB1_IRQHandler            
00000943  EUSCIB2_IRQHandler            
00000943  EUSCIB3_IRQHandler            
00000943  FLCTL_IRQHandler              
00000943  FPU_IRQHandler                
00000943  HardFault_Handler             
00000943  MemManage_Handler             
00000943  NMI_Handler                   
00000943  PCM_IRQHandler                
00000943  PORT1_IRQHandler              
00000943  PORT2_IRQHandler              
00000943  PORT3_IRQHandler              
00000943  PORT4_IRQHandler              
00000943  PORT5_IRQHandler              
00000943  PORT6_IRQHandler              
00000943  PSS_IRQHandler                
00000943  PendSV_Handler                
00000943  RTC_C_IRQHandler              
00000943  SVC_Handler                   
00000943  SysTick_Handler               
00000943  T32_INT1_IRQHandler           
00000943  T32_INT2_IRQHandler           
00000943  T32_INTC_IRQHandler           
00000943  TA0_0_IRQHandler              
00000943  TA0_N_IRQHandler              
00000943  TA1_0_IRQHandler              
00000943  TA1_N_IRQHandler              
00000943  TA2_0_IRQHandler              
00000943  TA2_N_IRQHandler              
00000943  TA3_0_IRQHandler              
00000943  TA3_N_IRQHandler              
00000943  UsageFault_Handler            
00000943  WDT_A_IRQHandler              
00000945  _system_pre_init              
00000949  C$$EXIT                       
00000949  abort                         
00000968  __TI_Handler_Table_Base       
00000970  __TI_CINIT_Base               
00000970  __TI_Handler_Table_Limit      
00000978  __TI_CINIT_Limit              
20000000  SystemCoreClock               
2000fe00  __stack                       
20010000  __STACK_END                   
4000480c  WDTCTL_SYM                    
ffffffff  __TI_pprof_out_hndl           
ffffffff  __TI_prof_data_size           
ffffffff  __TI_prof_data_start          
ffffffff  __binit__                     
ffffffff  __c_args__                    
ffffffff  binit                         
UNDEFED   __mpu_init                    
UNDEFED   _system_post_cinit            

[96 symbols]
