******************************************************************************
                  TI ARM Linker Unix v18.12.4                  
******************************************************************************
>> Linked Thu Mar 11 18:20:33 2021

OUTPUT FILE NAME:   <Lab5part1.out>
ENTRY POINT SYMBOL: "_c_int00_noargs"  address: 00000729


MEMORY CONFIGURATION

         name            origin    length      used     unused   attr    fill
----------------------  --------  ---------  --------  --------  ----  --------
  MAIN                  00000000   00040000  00000798  0003f868  R  X
  INFO                  00200000   00004000  00000000  00004000  R  X
  SRAM_CODE             01000000   00010000  00000204  0000fdfc  RW X
  SRAM_DATA             20000000   00010000  00000204  0000fdfc  RW  


SEGMENT ALLOCATION MAP

run origin  load origin   length   init length attrs members
----------  ----------- ---------- ----------- ----- -------
00000000    00000000    00000798   00000798    r-x
  00000000    00000000    000000e4   000000e4    r-- .intvecs
  000000e4    000000e4    0000069c   0000069c    r-x .text
  00000780    00000780    00000018   00000018    r-- .cinit
20000000    20000000    00000004   00000000    rw-
  20000000    20000000    00000004   00000000    rw- .data
2000fe00    2000fe00    00000200   00000000    rw-
  2000fe00    2000fe00    00000200   00000000    rw- .stack


SECTION ALLOCATION MAP

 output                                  attributes/
section   page    origin      length       input sections
--------  ----  ----------  ----------   ----------------
.intvecs   0    00000000    000000e4     
                  00000000    000000e4     startup_msp432p401r_ccs.obj (.intvecs:retain)

.text      0    000000e4    0000069c     
                  000000e4    00000334     system_msp432p401r.obj (.text)
                  00000418    000001c8     part1main.obj (.text)
                  000005e0    0000009c     rtsv7M4_T_le_v4SPD16_eabi.lib : memcpy_t2.asm.obj (.text)
                  0000067c    00000068                                   : copy_decompress_lzss.c.obj (.text:decompress:lzss:__TI_decompress_lzss)
                  000006e4    00000044                                   : autoinit.c.obj (.text:__TI_auto_init_nobinit_nopinit:__TI_auto_init_nobinit_nopinit)
                  00000728    00000034                                   : boot_cortex_m.c.obj (.text:_c_int00_noargs:_c_int00_noargs)
                  0000075c    0000000e                                   : copy_decompress_none.c.obj (.text:decompress:none:__TI_decompress_none)
                  0000076a    0000000e     startup_msp432p401r_ccs.obj (.text)
                  00000778    00000004     rtsv7M4_T_le_v4SPD16_eabi.lib : pre_init.c.obj (.text:_system_pre_init)
                  0000077c    00000004                                   : exit.c.obj (.text:abort:abort)

.cinit     0    00000780    00000018     
                  00000780    00000008     (.cinit..data.load) [load image, compression = lzss]
                  00000788    00000008     (__TI_handler_table)
                  00000790    00000008     (__TI_cinit_table)

.init_array 
*          0    00000000    00000000     UNINITIALIZED

.binit     0    00000000    00000000     

.data      0    20000000    00000004     UNINITIALIZED
                  20000000    00000004     system_msp432p401r.obj (.data)

.stack     0    2000fe00    00000200     UNINITIALIZED
                  2000fe00    00000004     rtsv7M4_T_le_v4SPD16_eabi.lib : boot_cortex_m.c.obj (.stack)
                  2000fe04    000001fc     --HOLE--

MODULE SUMMARY

       Module                        code   ro data   rw data
       ------                        ----   -------   -------
    ./
       system_msp432p401r.obj        820    0         8      
       part1main.obj                 456    0         0      
       startup_msp432p401r_ccs.obj   14     228       0      
    +--+-----------------------------+------+---------+---------+
       Total:                        1290   228       8      
                                                             
    /Applications/ti/ccs930/ccs/tools/compiler/ti-cgt-arm_18.12.4.LTS/lib/rtsv7M4_T_le_v4SPD16_eabi.lib
       memcpy_t2.asm.obj             156    0         0      
       copy_decompress_lzss.c.obj    104    0         0      
       autoinit.c.obj                68     0         0      
       boot_cortex_m.c.obj           52     0         0      
       copy_decompress_none.c.obj    14     0         0      
       exit.c.obj                    4      0         0      
       pre_init.c.obj                4      0         0      
    +--+-----------------------------+------+---------+---------+
       Total:                        402    0         0      
                                                             
       Stack:                        0      0         1024   
       Linker Generated:             0      24        0      
    +--+-----------------------------+------+---------+---------+
       Grand Total:                  1692   252       1032   


LINKER GENERATED COPY TABLES

__TI_cinit_table @ 00000790 records: 1, size/record: 8, table size: 8
	.data: load addr=00000780, load size=00000008 bytes, run addr=20000000, run size=00000004 bytes, compression=lzss


LINKER GENERATED HANDLER TABLE

__TI_handler_table @ 00000788 records: 2, size/record: 4, table size: 8
	index: 0, handler: __TI_decompress_lzss
	index: 1, handler: __TI_decompress_none


GLOBAL SYMBOLS: SORTED ALPHABETICALLY BY Name 

address   name                          
-------   ----                          
00000777  ADC14_IRQHandler              
00000777  AES256_IRQHandler             
00000777  BusFault_Handler              
0000077d  C$$EXIT                       
00000777  COMP_E0_IRQHandler            
00000777  COMP_E1_IRQHandler            
00000777  CS_IRQHandler                 
00000777  DMA_ERR_IRQHandler            
00000777  DMA_INT0_IRQHandler           
00000777  DMA_INT1_IRQHandler           
00000777  DMA_INT2_IRQHandler           
00000777  DMA_INT3_IRQHandler           
00000777  DebugMon_Handler              
00000777  Default_Handler               
00000777  EUSCIA0_IRQHandler            
00000777  EUSCIA1_IRQHandler            
00000777  EUSCIA2_IRQHandler            
00000777  EUSCIA3_IRQHandler            
00000777  EUSCIB0_IRQHandler            
00000777  EUSCIB1_IRQHandler            
00000777  EUSCIB2_IRQHandler            
00000777  EUSCIB3_IRQHandler            
00000777  FLCTL_IRQHandler              
00000777  FPU_IRQHandler                
00000777  HardFault_Handler             
00000777  MemManage_Handler             
00000777  NMI_Handler                   
00000777  PCM_IRQHandler                
00000777  PORT1_IRQHandler              
00000777  PORT2_IRQHandler              
00000777  PORT3_IRQHandler              
00000777  PORT4_IRQHandler              
00000777  PORT5_IRQHandler              
00000777  PORT6_IRQHandler              
00000777  PSS_IRQHandler                
00000777  PendSV_Handler                
00000777  RTC_C_IRQHandler              
0000076b  Reset_Handler                 
00000777  SVC_Handler                   
00000777  SysTick_Handler               
20000000  SystemCoreClock               
000000e5  SystemCoreClockUpdate         
0000035d  SystemInit                    
00000777  T32_INT1_IRQHandler           
00000777  T32_INT2_IRQHandler           
00000777  T32_INTC_IRQHandler           
00000777  TA0_0_IRQHandler              
00000777  TA0_N_IRQHandler              
00000777  TA1_0_IRQHandler              
00000777  TA1_N_IRQHandler              
00000777  TA2_0_IRQHandler              
00000777  TA2_N_IRQHandler              
00000777  TA3_0_IRQHandler              
00000777  TA3_N_IRQHandler              
00000777  UsageFault_Handler            
4000480c  WDTCTL_SYM                    
00000777  WDT_A_IRQHandler              
20010000  __STACK_END                   
00000200  __STACK_SIZE                  
00000790  __TI_CINIT_Base               
00000798  __TI_CINIT_Limit              
00000788  __TI_Handler_Table_Base       
00000790  __TI_Handler_Table_Limit      
000006e5  __TI_auto_init_nobinit_nopinit
0000067d  __TI_decompress_lzss          
0000075d  __TI_decompress_none          
ffffffff  __TI_pprof_out_hndl           
ffffffff  __TI_prof_data_size           
ffffffff  __TI_prof_data_start          
00000000  __TI_static_base__            
000005e1  __aeabi_memcpy                
000005e1  __aeabi_memcpy4               
000005e1  __aeabi_memcpy8               
ffffffff  __binit__                     
ffffffff  __c_args__                    
UNDEFED   __mpu_init                    
2000fe00  __stack                       
00000729  _c_int00_noargs               
UNDEFED   _system_post_cinit            
00000779  _system_pre_init              
0000077d  abort                         
ffffffff  binit                         
0000056f  debounce                      
00000000  interruptVectors              
00000419  main                          
000005e1  memcpy                        


GLOBAL SYMBOLS: SORTED BY Symbol Address 

address   name                          
-------   ----                          
00000000  __TI_static_base__            
00000000  interruptVectors              
000000e5  SystemCoreClockUpdate         
00000200  __STACK_SIZE                  
0000035d  SystemInit                    
00000419  main                          
0000056f  debounce                      
000005e1  __aeabi_memcpy                
000005e1  __aeabi_memcpy4               
000005e1  __aeabi_memcpy8               
000005e1  memcpy                        
0000067d  __TI_decompress_lzss          
000006e5  __TI_auto_init_nobinit_nopinit
00000729  _c_int00_noargs               
0000075d  __TI_decompress_none          
0000076b  Reset_Handler                 
00000777  ADC14_IRQHandler              
00000777  AES256_IRQHandler             
00000777  BusFault_Handler              
00000777  COMP_E0_IRQHandler            
00000777  COMP_E1_IRQHandler            
00000777  CS_IRQHandler                 
00000777  DMA_ERR_IRQHandler            
00000777  DMA_INT0_IRQHandler           
00000777  DMA_INT1_IRQHandler           
00000777  DMA_INT2_IRQHandler           
00000777  DMA_INT3_IRQHandler           
00000777  DebugMon_Handler              
00000777  Default_Handler               
00000777  EUSCIA0_IRQHandler            
00000777  EUSCIA1_IRQHandler            
00000777  EUSCIA2_IRQHandler            
00000777  EUSCIA3_IRQHandler            
00000777  EUSCIB0_IRQHandler            
00000777  EUSCIB1_IRQHandler            
00000777  EUSCIB2_IRQHandler            
00000777  EUSCIB3_IRQHandler            
00000777  FLCTL_IRQHandler              
00000777  FPU_IRQHandler                
00000777  HardFault_Handler             
00000777  MemManage_Handler             
00000777  NMI_Handler                   
00000777  PCM_IRQHandler                
00000777  PORT1_IRQHandler              
00000777  PORT2_IRQHandler              
00000777  PORT3_IRQHandler              
00000777  PORT4_IRQHandler              
00000777  PORT5_IRQHandler              
00000777  PORT6_IRQHandler              
00000777  PSS_IRQHandler                
00000777  PendSV_Handler                
00000777  RTC_C_IRQHandler              
00000777  SVC_Handler                   
00000777  SysTick_Handler               
00000777  T32_INT1_IRQHandler           
00000777  T32_INT2_IRQHandler           
00000777  T32_INTC_IRQHandler           
00000777  TA0_0_IRQHandler              
00000777  TA0_N_IRQHandler              
00000777  TA1_0_IRQHandler              
00000777  TA1_N_IRQHandler              
00000777  TA2_0_IRQHandler              
00000777  TA2_N_IRQHandler              
00000777  TA3_0_IRQHandler              
00000777  TA3_N_IRQHandler              
00000777  UsageFault_Handler            
00000777  WDT_A_IRQHandler              
00000779  _system_pre_init              
0000077d  C$$EXIT                       
0000077d  abort                         
00000788  __TI_Handler_Table_Base       
00000790  __TI_CINIT_Base               
00000790  __TI_Handler_Table_Limit      
00000798  __TI_CINIT_Limit              
20000000  SystemCoreClock               
2000fe00  __stack                       
20010000  __STACK_END                   
4000480c  WDTCTL_SYM                    
ffffffff  __TI_pprof_out_hndl           
ffffffff  __TI_prof_data_size           
ffffffff  __TI_prof_data_start          
ffffffff  __binit__                     
ffffffff  __c_args__                    
ffffffff  binit                         
UNDEFED   __mpu_init                    
UNDEFED   _system_post_cinit            

[86 symbols]
