******************************************************************************
                  TI ARM Linker Unix v18.12.4                  
******************************************************************************
>> Linked Sun Apr  4 20:10:54 2021

OUTPUT FILE NAME:   <Lab10part2.out>
ENTRY POINT SYMBOL: "_c_int00_noargs"  address: 00002ebd


MEMORY CONFIGURATION

         name            origin    length      used     unused   attr    fill
----------------------  --------  ---------  --------  --------  ----  --------
  MAIN                  00000000   00040000  000032d9  0003cd27  R  X
  INFO                  00200000   00004000  00000000  00004000  R  X
  SRAM_CODE             01000000   00010000  000009b4  0000f64c  RW X
  SRAM_DATA             20000000   00010000  000009b4  0000f64c  RW  


SEGMENT ALLOCATION MAP

run origin  load origin   length   init length attrs members
----------  ----------- ---------- ----------- ----- -------
00000000    00000000    000032e0   000032e0    r-x
  00000000    00000000    000000e4   000000e4    r-- .intvecs
  000000e4    000000e4    00003064   00003064    r-x .text
  00003148    00003148    00000101   00000101    r-- .const
  00003250    00003250    00000090   00000090    r-- .cinit
20000000    20000000    000007b4   00000000    rw-
  20000000    20000000    00000400   00000000    rw- .sysmem
  20000400    20000400    000001ec   00000000    rw- .data
  200005ec    200005ec    000001c8   00000000    rw- .bss
2000fe00    2000fe00    00000200   00000000    rw-
  2000fe00    2000fe00    00000200   00000000    rw- .stack


SECTION ALLOCATION MAP

 output                                  attributes/
section   page    origin      length       input sections
--------  ----  ----------  ----------   ----------------
.intvecs   0    00000000    000000e4     
                  00000000    000000e4     startup_msp432p401r_ccs.obj (.intvecs:retain)

.text      0    000000e4    00003064     
                  000000e4    00000a4e     rtsv7M4_T_le_v4SPD16_eabi.lib : _printfi.c.obj (.text:__TI_printfi)
                  00000b32    00000002                                   : _lock.c.obj (.text:_nop)
                  00000b34    00000334     system_msp432p401r.obj (.text)
                  00000e68    00000270     rtsv7M4_T_le_v4SPD16_eabi.lib : _printfi.c.obj (.text:_pconv_a)
                  000010d8    000001d8     part2main.obj (.text)
                  000012b0    000001d0     rtsv7M4_T_le_v4SPD16_eabi.lib : _printfi.c.obj (.text:_pconv_g)
                  00001480    000001b6                                   : fd_add_t2.asm.obj (.text)
                  00001636    00000002                                   : div0.asm.obj (.text)
                  00001638    0000013c                                   : _printfi.c.obj (.text:_pconv_e)
                  00001774    00000136                                   : fd_div_t2.asm.obj (.text)
                  000018aa    00000002     --HOLE-- [fill = 0]
                  000018ac    00000124                                   : _printfi.c.obj (.text:fcvt)
                  000019d0    00000118                                   : memory.c.obj (.text:aligned_alloc)
                  00001ae8    00000114                                   : fputs.c.obj (.text:fputs)
                  00001bfc    00000110                                   : s_scalbn.c.obj (.text:scalbn)
                  00001d0c    000000fc                                   : fd_mul_t2.asm.obj (.text)
                  00001e08    000000e4                                   : memory.c.obj (.text:free)
                  00001eec    000000dc                                   : setvbuf.c.obj (.text:setvbuf)
                  00001fc8    000000b1                                   : _printfi.c.obj (.text:_ltostr)
                  00002079    00000001     --HOLE-- [fill = 0]
                  0000207a    0000009c                                   : memcpy_t2.asm.obj (.text)
                  00002116    00000096                                   : ull_div_t2.asm.obj (.text)
                  000021ac    0000008c                                   : fputc.c.obj (.text:fputc)
                  00002238    00000086                                   : fd_cmp_t2.asm.obj (.text:__aeabi_cdcmple)
                  000022be    00000086                                   : fd_cmp_t2.asm.obj (.text:__aeabi_cdrcmple)
                  00002344    0000007c                                   : fflush.c.obj (.text:fflush)
                  000023c0    0000007a                                   : memset_t2.asm.obj (.text)
                  0000243a    00000002     --HOLE-- [fill = 0]
                  0000243c    00000074                                   : fclose.c.obj (.text:__TI_closefile)
                  000024b0    00000070                                   : memory.c.obj (.text:split)
                  00002520    0000006e                                   : _printfi.c.obj (.text:_mcpy)
                  0000258e    0000006e                                   : fd_tos_t2.asm.obj (.text)
                  000025fc    0000006c                                   : hostrename.c.obj (.text:HOSTrename)
                  00002668    00000068                                   : hostlseek.c.obj (.text:HOSTlseek)
                  000026d0    00000068                                   : copy_decompress_lzss.c.obj (.text:decompress:lzss:__TI_decompress_lzss)
                  00002738    00000068                                   : printf.c.obj (.text:printf)
                  000027a0    00000064                                   : s_frexp.c.obj (.text:frexp)
                  00002804    00000064                                   : fseek.c.obj (.text:fseek)
                  00002868    00000062                                   : _io_perm.c.obj (.text:__TI_wrt_ok)
                  000028ca    00000002     --HOLE-- [fill = 0]
                  000028cc    00000060                                   : hostopen.c.obj (.text:HOSTopen)
                  0000292c    0000005c                                   : close.c.obj (.text:close)
                  00002988    00000058                                   : hostread.c.obj (.text:HOSTread)
                  000029e0    00000058                                   : hostwrite.c.obj (.text:HOSTwrite)
                  00002a38    00000056                                   : _printfi.c.obj (.text:_pconv_f)
                  00002a8e    00000054                                   : ltoa.c.obj (.text:ltoa)
                  00002ae2    00000052                                   : _printfi.c.obj (.text:_ecpy)
                  00002b34    0000004c                                   : fflush.c.obj (.text:__TI_doflush)
                  00002b80    0000004c                                   : atoi.c.obj (.text:atoi)
                  00002bcc    00000048                                   : exit.c.obj (.text:exit)
                  00002c14    00000048                                   : fd_toi_t2.asm.obj (.text)
                  00002c5c    00000044                                   : hostclose.c.obj (.text:HOSTclose)
                  00002ca0    00000044                                   : hostunlink.c.obj (.text:HOSTunlink)
                  00002ce4    00000044                                   : autoinit.c.obj (.text:__TI_auto_init_nobinit_nopinit:__TI_auto_init_nobinit_nopinit)
                  00002d28    00000044                                   : getdevice.c.obj (.text:getdevice)
                  00002d6c    0000003e                                   : _printfi.c.obj (.text:_fcpy)
                  00002daa    00000002     --HOLE-- [fill = 0]
                  00002dac    00000038                                   : trgmsg.c.obj (.text:__TI_writemsg)
                  00002de4    00000038                                   : fs_tod_t2.asm.obj (.text)
                  00002e1c    00000036                                   : strncpy.c.obj (.text:strncpy)
                  00002e52    00000002     --HOLE-- [fill = 0]
                  00002e54    00000034                                   : fopen.c.obj (.text:__TI_cleanup)
                  00002e88    00000034                                   : trgmsg.c.obj (.text:__TI_readmsg)
                  00002ebc    00000034                                   : boot_cortex_m.c.obj (.text:_c_int00_noargs:_c_int00_noargs)
                  00002ef0    00000030                                   : getdevice.c.obj (.text:finddevice)
                  00002f20    0000002e                                   : i_tofd_t2.asm.obj (.text)
                  00002f4e    00000002     --HOLE-- [fill = 0]
                  00002f50    0000002c                                   : unlink.c.obj (.text:unlink)
                  00002f7c    00000028                                   : memory.c.obj (.text:free_list_insert)
                  00002fa4    00000028                                   : lseek.c.obj (.text:lseek)
                  00002fcc    00000028                                   : write.c.obj (.text:write)
                  00002ff4    00000020                                   : memchr.c.obj (.text:memchr)
                  00003014    00000020                                   : u_tofd_t2.asm.obj (.text)
                  00003034    0000001c                                   : copy_zero_init.c.obj (.text:decompress:ZI:__TI_zero_init_nomemset:__TI_zero_init_nomemset)
                  00003050    0000001c                                   : memory.c.obj (.text:free_list_remove)
                  0000306c    0000001c                                   : memccpy.c.obj (.text:memccpy)
                  00003088    0000001a                                   : s_copysign.c.obj (.text:copysign)
                  000030a2    00000018                                   : strcmp.c.obj (.text:strcmp)
                  000030ba    00000016                                   : strchr.c.obj (.text:strchr)
                  000030d0    00000014                                   : strcpy.c.obj (.text:strcpy)
                  000030e4    00000014                                   : strlen.c.obj (.text:strlen)
                  000030f8    00000012                                   : wcslen.c.obj (.text:wcslen)
                  0000310a    0000000e                                   : copy_decompress_none.c.obj (.text:decompress:none:__TI_decompress_none)
                  00003118    0000000e     startup_msp432p401r_ccs.obj (.text)
                  00003126    00000002     --HOLE-- [fill = 0]
                  00003128    00000008     rtsv7M4_T_le_v4SPD16_eabi.lib : errno.c.obj (.text:__aeabi_errno_addr)
                  00003130    00000008                                   : memory.c.obj (.text:malloc)
                  00003138    00000004                                   : printf.c.obj (.text:_outc)
                  0000313c    00000004                                   : printf.c.obj (.text:_outs)
                  00003140    00000004                                   : pre_init.c.obj (.text:_system_pre_init)
                  00003144    00000004                                   : exit.c.obj (.text:abort:abort)

.const     0    00003148    00000101     
                  00003148    00000101     rtsv7M4_T_le_v4SPD16_eabi.lib : ctype.c.obj (.const:.string:_ctypes_)

.cinit     0    00003250    00000090     
                  00003250    0000006c     (.cinit..data.load) [load image, compression = lzss]
                  000032bc    0000000c     (__TI_handler_table)
                  000032c8    00000008     (.cinit..bss.load) [load image, compression = zero_init]
                  000032d0    00000010     (__TI_cinit_table)

.init_array 
*          0    00000000    00000000     UNINITIALIZED

.binit     0    00000000    00000000     

.sysmem    0    20000000    00000400     UNINITIALIZED
                  20000000    00000010     rtsv7M4_T_le_v4SPD16_eabi.lib : memory.c.obj (.sysmem)
                  20000010    000003f0     --HOLE--

.data      0    20000400    000001ec     UNINITIALIZED
                  20000400    000000f0     rtsv7M4_T_le_v4SPD16_eabi.lib : defs.c.obj (.data:_ftable)
                  200004f0    00000078                                   : host_device.c.obj (.data:_device)
                  20000568    00000050                                   : host_device.c.obj (.data:_stream)
                  200005b8    00000010                                   : defs.c.obj (.data)
                  200005c8    0000000c                                   : exit.c.obj (.data:$O1$$)
                  200005d4    00000008                                   : _lock.c.obj (.data:$O1$$)
                  200005dc    00000008                                   : memory.c.obj (.data:$O1$$)
                  200005e4    00000004                                   : errno.c.obj (.data)
                  200005e8    00000004     system_msp432p401r.obj (.data)

.bss       0    200005ec    000001c8     UNINITIALIZED
                  200005ec    00000120     rtsv7M4_T_le_v4SPD16_eabi.lib : trgmsg.c.obj (.bss:_CIOBUF_)
                  2000070c    000000a0     (.common:__TI_tmpnams)
                  200007ac    00000008     (.common:parmbuf)

.stack     0    2000fe00    00000200     UNINITIALIZED
                  2000fe00    00000004     rtsv7M4_T_le_v4SPD16_eabi.lib : boot_cortex_m.c.obj (.stack)
                  2000fe04    000001fc     --HOLE--

MODULE SUMMARY

       Module                        code    ro data   rw data
       ------                        ----    -------   -------
    ./
       system_msp432p401r.obj        820     0         8      
       part2main.obj                 472     0         0      
       startup_msp432p401r_ccs.obj   14      228       0      
    +--+-----------------------------+-------+---------+---------+
       Total:                        1306    228       8      
                                                              
    /Applications/ti/ccs930/ccs/tools/compiler/ti-cgt-arm_18.12.4.LTS/lib/rtsv7M4_T_le_v4SPD16_eabi.lib
       _printfi.c.obj                4851    0         0      
       defs.c.obj                    0       0         832    
       memory.c.obj                  696     0         16     
       trgmsg.c.obj                  108     0         576    
       fd_add_t2.asm.obj             438     0         0      
       host_device.c.obj             0       0         400    
       fd_div_t2.asm.obj             310     0         0      
       fputs.c.obj                   276     0         0      
       s_scalbn.c.obj                272     0         0      
       fd_cmp_t2.asm.obj             268     0         0      
       ctype.c.obj                   0       257       0      
       fd_mul_t2.asm.obj             252     0         0      
       setvbuf.c.obj                 220     0         0      
       fflush.c.obj                  200     0         0      
       memcpy_t2.asm.obj             156     0         0      
       ull_div_t2.asm.obj            150     0         0      
       fputc.c.obj                   140     0         0      
       memset_t2.asm.obj             122     0         0      
       fclose.c.obj                  116     0         0      
       getdevice.c.obj               116     0         0      
       hostopen.c.obj                96      0         16     
       printf.c.obj                  112     0         0      
       fd_tos_t2.asm.obj             110     0         0      
       hostrename.c.obj              108     0         0      
       copy_decompress_lzss.c.obj    104     0         0      
       hostlseek.c.obj               104     0         0      
       exit.c.obj                    76      0         24     
       fseek.c.obj                   100     0         0      
       s_frexp.c.obj                 100     0         0      
       _io_perm.c.obj                98      0         0      
       close.c.obj                   92      0         0      
       hostread.c.obj                88      0         0      
       hostwrite.c.obj               88      0         0      
       ltoa.c.obj                    84      0         0      
       atoi.c.obj                    76      0         0      
       fd_toi_t2.asm.obj             72      0         0      
       autoinit.c.obj                68      0         0      
       hostclose.c.obj               68      0         0      
       hostunlink.c.obj              68      0         0      
       fs_tod_t2.asm.obj             56      0         0      
       strncpy.c.obj                 54      0         0      
       boot_cortex_m.c.obj           52      0         0      
       fopen.c.obj                   52      0         0      
       i_tofd_t2.asm.obj             46      0         0      
       unlink.c.obj                  44      0         0      
       lseek.c.obj                   40      0         0      
       write.c.obj                   40      0         0      
       memchr.c.obj                  32      0         0      
       u_tofd_t2.asm.obj             32      0         0      
       copy_zero_init.c.obj          28      0         0      
       memccpy.c.obj                 28      0         0      
       s_copysign.c.obj              26      0         0      
       strcmp.c.obj                  24      0         0      
       strchr.c.obj                  22      0         0      
       strcpy.c.obj                  20      0         0      
       strlen.c.obj                  20      0         0      
       _lock.c.obj                   2       0         16     
       wcslen.c.obj                  18      0         0      
       errno.c.obj                   8       0         8      
       copy_decompress_none.c.obj    14      0         0      
       pre_init.c.obj                4       0         0      
       div0.asm.obj                  2       0         0      
    +--+-----------------------------+-------+---------+---------+
       Total:                        11067   257       1888   
                                                              
       Heap:                         0       0         2048   
       Stack:                        0       0         1024   
       Linker Generated:             0       144       0      
    +--+-----------------------------+-------+---------+---------+
       Grand Total:                  12373   629       4968   


LINKER GENERATED COPY TABLES

__TI_cinit_table @ 000032d0 records: 2, size/record: 8, table size: 16
	.data: load addr=00003250, load size=0000006c bytes, run addr=20000400, run size=000001ec bytes, compression=lzss
	.bss: load addr=000032c8, load size=00000008 bytes, run addr=200005ec, run size=000001c8 bytes, compression=zero_init


LINKER GENERATED HANDLER TABLE

__TI_handler_table @ 000032bc records: 3, size/record: 4, table size: 12
	index: 0, handler: __TI_decompress_lzss
	index: 1, handler: __TI_decompress_none
	index: 2, handler: __TI_zero_init


GLOBAL SYMBOLS: SORTED ALPHABETICALLY BY Name 

address   name                           
-------   ----                           
00003125  ADC14_IRQHandler               
00003125  AES256_IRQHandler              
00003125  BusFault_Handler               
00003145  C$$EXIT                        
00002ddb  C$$IO$$                        
00003125  COMP_E0_IRQHandler             
00003125  COMP_E1_IRQHandler             
00003125  CS_IRQHandler                  
00003125  DMA_ERR_IRQHandler             
00003125  DMA_INT0_IRQHandler            
00003125  DMA_INT1_IRQHandler            
00003125  DMA_INT2_IRQHandler            
00003125  DMA_INT3_IRQHandler            
00003125  DebugMon_Handler               
00003125  Default_Handler                
00003125  EUSCIA0_IRQHandler             
00003125  EUSCIA1_IRQHandler             
00003125  EUSCIA2_IRQHandler             
00003125  EUSCIA3_IRQHandler             
00003125  EUSCIB0_IRQHandler             
00003125  EUSCIB1_IRQHandler             
00003125  EUSCIB2_IRQHandler             
00003125  EUSCIB3_IRQHandler             
00003125  FLCTL_IRQHandler               
00003125  FPU_IRQHandler                 
00002c5d  HOSTclose                      
00002669  HOSTlseek                      
000028cd  HOSTopen                       
00002989  HOSTread                       
000025fd  HOSTrename                     
00002ca1  HOSTunlink                     
000029e1  HOSTwrite                      
00003125  HardFault_Handler              
00003125  MemManage_Handler              
00003125  NMI_Handler                    
00003125  PCM_IRQHandler                 
00003125  PORT1_IRQHandler               
00003125  PORT2_IRQHandler               
00003125  PORT3_IRQHandler               
00003125  PORT4_IRQHandler               
00003125  PORT5_IRQHandler               
00003125  PORT6_IRQHandler               
00003125  PSS_IRQHandler                 
00003125  PendSV_Handler                 
00003125  RTC_C_IRQHandler               
00003119  Reset_Handler                  
00003125  SVC_Handler                    
0000110d  SysTick_Handler                
0000110d  SysTick_Handler                
000011ff  SysTick_initinter              
200005e8  SystemCoreClock                
00000b35  SystemCoreClockUpdate          
00000dad  SystemInit                     
00003125  T32_INT1_IRQHandler            
00003125  T32_INT2_IRQHandler            
00003125  T32_INTC_IRQHandler            
00003125  TA0_0_IRQHandler               
00003125  TA0_N_IRQHandler               
00003125  TA1_0_IRQHandler               
00003125  TA1_N_IRQHandler               
00003125  TA2_0_IRQHandler               
00003125  TA2_N_IRQHandler               
00003125  TA3_0_IRQHandler               
00003125  TA3_N_IRQHandler               
00003125  UsageFault_Handler             
4000480c  WDTCTL_SYM                     
00003125  WDT_A_IRQHandler               
200005ec  __CIOBUF_                      
20010000  __STACK_END                    
00000200  __STACK_SIZE                   
00000400  __SYSMEM_SIZE                  
000032d0  __TI_CINIT_Base                
000032e0  __TI_CINIT_Limit               
000032bc  __TI_Handler_Table_Base        
000032c8  __TI_Handler_Table_Limit       
00002ce5  __TI_auto_init_nobinit_nopinit 
00002e55  __TI_cleanup                   
200005c8  __TI_cleanup_ptr               
0000243d  __TI_closefile                 
000026d1  __TI_decompress_lzss           
0000310b  __TI_decompress_none           
00002b35  __TI_doflush                   
200005cc  __TI_dtors_ptr                 
200005d0  __TI_enable_exit_profile_output
200005b8  __TI_ft_end                    
ffffffff  __TI_pprof_out_hndl            
000000e5  __TI_printfi                   
ffffffff  __TI_prof_data_size            
ffffffff  __TI_prof_data_start           
00002e89  __TI_readmsg                   
00000000  __TI_static_base__             
2000070c  __TI_tmpnams                   
00002dad  __TI_writemsg                  
00002869  __TI_wrt_ok                    
00003035  __TI_zero_init_nomemset        
00002239  __aeabi_cdcmpeq                
00002239  __aeabi_cdcmple                
000022bf  __aeabi_cdrcmple               
0000258f  __aeabi_d2f                    
00002c15  __aeabi_d2iz                   
0000148b  __aeabi_dadd                   
00001775  __aeabi_ddiv                   
00001d0d  __aeabi_dmul                   
00001481  __aeabi_dsub                   
00003129  __aeabi_errno_addr             
00002de5  __aeabi_f2d                    
00002f21  __aeabi_i2d                    
00001637  __aeabi_idiv0                  
00001637  __aeabi_ldiv0                  
000023c1  __aeabi_memclr                 
000023c1  __aeabi_memclr4                
000023c1  __aeabi_memclr8                
0000207b  __aeabi_memcpy                 
0000207b  __aeabi_memcpy4                
0000207b  __aeabi_memcpy8                
000023c3  __aeabi_memset                 
000023c3  __aeabi_memset4                
000023c3  __aeabi_memset8                
200005c4  __aeabi_stderr                 
200005bc  __aeabi_stdin                  
200005c0  __aeabi_stdout                 
00003015  __aeabi_ui2d                   
00002117  __aeabi_uldivmod               
ffffffff  __binit__                      
ffffffff  __c_args__                     
UNDEFED   __mpu_init                     
2000fe00  __stack                        
00002ebd  _c_int00_noargs                
00003148  _ctypes_                       
200004f0  _device                        
20000400  _ftable                        
200005d4  _lock                          
00000b33  _nop                           
20000568  _stream                        
20000000  _sys_memory                    
UNDEFED   _system_post_cinit             
00003141  _system_pre_init               
200005d8  _unlock                        
00003145  abort                          
000011b9  adcsetup                       
000019d1  aligned_alloc                  
00002b81  atoi                           
ffffffff  binit                          
0000292d  close                          
00003089  copysign                       
00003089  copysignl                      
200005e4  errno                          
00002bcd  exit                           
00002345  fflush                         
00002ef1  finddevice                     
000021ad  fputc                          
00001ae9  fputs                          
00001e09  free                           
000027a1  frexp                          
000027a1  frexpl                         
00002805  fseek                          
00002d29  getdevice                      
00000000  interruptVectors               
00001bfd  ldexp                          
00001bfd  ldexpl                         
00002fa5  lseek                          
00002a8f  ltoa                           
000010d9  main                           
00003131  malloc                         
000019d1  memalign                       
0000306d  memccpy                        
00002ff5  memchr                         
0000207b  memcpy                         
000023c9  memset                         
200007ac  parmbuf                        
00002739  printf                         
000021ad  putc                           
00002f51  remove                         
00001bfd  scalbn                         
00001bfd  scalbnl                        
00001eed  setvbuf                        
000030bb  strchr                         
000030a3  strcmp                         
000030d1  strcpy                         
000030e5  strlen                         
00002e1d  strncpy                        
00002f51  unlink                         
000030f9  wcslen                         
00002fcd  write                          


GLOBAL SYMBOLS: SORTED BY Symbol Address 

address   name                           
-------   ----                           
00000000  __TI_static_base__             
00000000  interruptVectors               
000000e5  __TI_printfi                   
00000200  __STACK_SIZE                   
00000400  __SYSMEM_SIZE                  
00000b33  _nop                           
00000b35  SystemCoreClockUpdate          
00000dad  SystemInit                     
000010d9  main                           
0000110d  SysTick_Handler                
0000110d  SysTick_Handler                
000011b9  adcsetup                       
000011ff  SysTick_initinter              
00001481  __aeabi_dsub                   
0000148b  __aeabi_dadd                   
00001637  __aeabi_idiv0                  
00001637  __aeabi_ldiv0                  
00001775  __aeabi_ddiv                   
000019d1  aligned_alloc                  
000019d1  memalign                       
00001ae9  fputs                          
00001bfd  ldexp                          
00001bfd  ldexpl                         
00001bfd  scalbn                         
00001bfd  scalbnl                        
00001d0d  __aeabi_dmul                   
00001e09  free                           
00001eed  setvbuf                        
0000207b  __aeabi_memcpy                 
0000207b  __aeabi_memcpy4                
0000207b  __aeabi_memcpy8                
0000207b  memcpy                         
00002117  __aeabi_uldivmod               
000021ad  fputc                          
000021ad  putc                           
00002239  __aeabi_cdcmpeq                
00002239  __aeabi_cdcmple                
000022bf  __aeabi_cdrcmple               
00002345  fflush                         
000023c1  __aeabi_memclr                 
000023c1  __aeabi_memclr4                
000023c1  __aeabi_memclr8                
000023c3  __aeabi_memset                 
000023c3  __aeabi_memset4                
000023c3  __aeabi_memset8                
000023c9  memset                         
0000243d  __TI_closefile                 
0000258f  __aeabi_d2f                    
000025fd  HOSTrename                     
00002669  HOSTlseek                      
000026d1  __TI_decompress_lzss           
00002739  printf                         
000027a1  frexp                          
000027a1  frexpl                         
00002805  fseek                          
00002869  __TI_wrt_ok                    
000028cd  HOSTopen                       
0000292d  close                          
00002989  HOSTread                       
000029e1  HOSTwrite                      
00002a8f  ltoa                           
00002b35  __TI_doflush                   
00002b81  atoi                           
00002bcd  exit                           
00002c15  __aeabi_d2iz                   
00002c5d  HOSTclose                      
00002ca1  HOSTunlink                     
00002ce5  __TI_auto_init_nobinit_nopinit 
00002d29  getdevice                      
00002dad  __TI_writemsg                  
00002ddb  C$$IO$$                        
00002de5  __aeabi_f2d                    
00002e1d  strncpy                        
00002e55  __TI_cleanup                   
00002e89  __TI_readmsg                   
00002ebd  _c_int00_noargs                
00002ef1  finddevice                     
00002f21  __aeabi_i2d                    
00002f51  remove                         
00002f51  unlink                         
00002fa5  lseek                          
00002fcd  write                          
00002ff5  memchr                         
00003015  __aeabi_ui2d                   
00003035  __TI_zero_init_nomemset        
0000306d  memccpy                        
00003089  copysign                       
00003089  copysignl                      
000030a3  strcmp                         
000030bb  strchr                         
000030d1  strcpy                         
000030e5  strlen                         
000030f9  wcslen                         
0000310b  __TI_decompress_none           
00003119  Reset_Handler                  
00003125  ADC14_IRQHandler               
00003125  AES256_IRQHandler              
00003125  BusFault_Handler               
00003125  COMP_E0_IRQHandler             
00003125  COMP_E1_IRQHandler             
00003125  CS_IRQHandler                  
00003125  DMA_ERR_IRQHandler             
00003125  DMA_INT0_IRQHandler            
00003125  DMA_INT1_IRQHandler            
00003125  DMA_INT2_IRQHandler            
00003125  DMA_INT3_IRQHandler            
00003125  DebugMon_Handler               
00003125  Default_Handler                
00003125  EUSCIA0_IRQHandler             
00003125  EUSCIA1_IRQHandler             
00003125  EUSCIA2_IRQHandler             
00003125  EUSCIA3_IRQHandler             
00003125  EUSCIB0_IRQHandler             
00003125  EUSCIB1_IRQHandler             
00003125  EUSCIB2_IRQHandler             
00003125  EUSCIB3_IRQHandler             
00003125  FLCTL_IRQHandler               
00003125  FPU_IRQHandler                 
00003125  HardFault_Handler              
00003125  MemManage_Handler              
00003125  NMI_Handler                    
00003125  PCM_IRQHandler                 
00003125  PORT1_IRQHandler               
00003125  PORT2_IRQHandler               
00003125  PORT3_IRQHandler               
00003125  PORT4_IRQHandler               
00003125  PORT5_IRQHandler               
00003125  PORT6_IRQHandler               
00003125  PSS_IRQHandler                 
00003125  PendSV_Handler                 
00003125  RTC_C_IRQHandler               
00003125  SVC_Handler                    
00003125  T32_INT1_IRQHandler            
00003125  T32_INT2_IRQHandler            
00003125  T32_INTC_IRQHandler            
00003125  TA0_0_IRQHandler               
00003125  TA0_N_IRQHandler               
00003125  TA1_0_IRQHandler               
00003125  TA1_N_IRQHandler               
00003125  TA2_0_IRQHandler               
00003125  TA2_N_IRQHandler               
00003125  TA3_0_IRQHandler               
00003125  TA3_N_IRQHandler               
00003125  UsageFault_Handler             
00003125  WDT_A_IRQHandler               
00003129  __aeabi_errno_addr             
00003131  malloc                         
00003141  _system_pre_init               
00003145  C$$EXIT                        
00003145  abort                          
00003148  _ctypes_                       
000032bc  __TI_Handler_Table_Base        
000032c8  __TI_Handler_Table_Limit       
000032d0  __TI_CINIT_Base                
000032e0  __TI_CINIT_Limit               
20000000  _sys_memory                    
20000400  _ftable                        
200004f0  _device                        
20000568  _stream                        
200005b8  __TI_ft_end                    
200005bc  __aeabi_stdin                  
200005c0  __aeabi_stdout                 
200005c4  __aeabi_stderr                 
200005c8  __TI_cleanup_ptr               
200005cc  __TI_dtors_ptr                 
200005d0  __TI_enable_exit_profile_output
200005d4  _lock                          
200005d8  _unlock                        
200005e4  errno                          
200005e8  SystemCoreClock                
200005ec  __CIOBUF_                      
2000070c  __TI_tmpnams                   
200007ac  parmbuf                        
2000fe00  __stack                        
20010000  __STACK_END                    
4000480c  WDTCTL_SYM                     
ffffffff  __TI_pprof_out_hndl            
ffffffff  __TI_prof_data_size            
ffffffff  __TI_prof_data_start           
ffffffff  __binit__                      
ffffffff  __c_args__                     
ffffffff  binit                          
UNDEFED   __mpu_init                     
UNDEFED   _system_post_cinit             

[184 symbols]
